Component: ARM Compiler 5.06 update 6 (build 750) Tool: armlink [4d35ed]

==============================================================================

Section Cross References

    startup_stm32f103xe.o(STACK) refers (Special) to heapauxi.o(.text) for __use_two_region_memory
    startup_stm32f103xe.o(HEAP) refers (Special) to heapauxi.o(.text) for __use_two_region_memory
    startup_stm32f103xe.o(RESET) refers (Special) to heapauxi.o(.text) for __use_two_region_memory
    startup_stm32f103xe.o(RESET) refers to startup_stm32f103xe.o(STACK) for __initial_sp
    startup_stm32f103xe.o(RESET) refers to startup_stm32f103xe.o(.text) for Reset_Handler
    startup_stm32f103xe.o(RESET) refers to stm32f1xx_it.o(i.NMI_Handler) for NMI_Handler
    startup_stm32f103xe.o(RESET) refers to stm32f1xx_it.o(i.HardFault_Handler) for HardFault_Handler
    startup_stm32f103xe.o(RESET) refers to stm32f1xx_it.o(i.MemManage_Handler) for MemManage_Handler
    startup_stm32f103xe.o(RESET) refers to stm32f1xx_it.o(i.BusFault_Handler) for BusFault_Handler
    startup_stm32f103xe.o(RESET) refers to stm32f1xx_it.o(i.UsageFault_Handler) for UsageFault_Handler
    startup_stm32f103xe.o(RESET) refers to stm32f1xx_it.o(i.SVC_Handler) for SVC_Handler
    startup_stm32f103xe.o(RESET) refers to stm32f1xx_it.o(i.DebugMon_Handler) for DebugMon_Handler
    startup_stm32f103xe.o(RESET) refers to stm32f1xx_it.o(i.PendSV_Handler) for PendSV_Handler
    startup_stm32f103xe.o(RESET) refers to stm32f1xx_it.o(i.SysTick_Handler) for SysTick_Handler
    startup_stm32f103xe.o(RESET) refers to stm32f1xx_it.o(i.EXTI0_IRQHandler) for EXTI0_IRQHandler
    startup_stm32f103xe.o(RESET) refers to stm32f1xx_it.o(i.USART1_IRQHandler) for USART1_IRQHandler
    startup_stm32f103xe.o(RESET) refers to stm32f1xx_it.o(i.USART2_IRQHandler) for USART2_IRQHandler
    startup_stm32f103xe.o(RESET) refers to stm32f1xx_it.o(i.USART3_IRQHandler) for USART3_IRQHandler
    startup_stm32f103xe.o(RESET) refers to stm32f1xx_it.o(i.TIM6_IRQHandler) for TIM6_IRQHandler
    startup_stm32f103xe.o(RESET) refers to stm32f1xx_it.o(i.TIM7_IRQHandler) for TIM7_IRQHandler
    startup_stm32f103xe.o(.text) refers (Special) to heapauxi.o(.text) for __use_two_region_memory
    startup_stm32f103xe.o(.text) refers to system_stm32f1xx.o(i.SystemInit) for SystemInit
    startup_stm32f103xe.o(.text) refers to __main.o(!!!main) for __main
    startup_stm32f103xe.o(.text) refers to startup_stm32f103xe.o(HEAP) for Heap_Mem
    startup_stm32f103xe.o(.text) refers to startup_stm32f103xe.o(STACK) for Stack_Mem
    main.o(i.SystemClock_Config) refers to rt_memclr_w.o(.text) for __aeabi_memclr4
    main.o(i.SystemClock_Config) refers to stm32f1xx_hal_rcc.o(i.HAL_RCC_OscConfig) for HAL_RCC_OscConfig
    main.o(i.SystemClock_Config) refers to stm32f1xx_hal_rcc.o(i.HAL_RCC_ClockConfig) for HAL_RCC_ClockConfig
    main.o(i.SystemClock_Config) refers to stm32f1xx_hal_rcc_ex.o(i.HAL_RCCEx_PeriphCLKConfig) for HAL_RCCEx_PeriphCLKConfig
    main.o(i.main) refers to stm32f1xx_hal.o(i.HAL_Init) for HAL_Init
    main.o(i.main) refers to bsp_led.o(i.LED_Init) for LED_Init
    main.o(i.main) refers to bsp_key.o(i.KEY_GPIO_Init) for KEY_GPIO_Init
    main.o(i.main) refers to main.o(i.SystemClock_Config) for SystemClock_Config
    main.o(i.main) refers to bsp_delay.o(i.delay_init) for delay_init
    main.o(i.main) refers to gpio.o(i.MX_GPIO_Init) for MX_GPIO_Init
    main.o(i.main) refers to adc.o(i.MX_ADC1_Init) for MX_ADC1_Init
    main.o(i.main) refers to tim.o(i.MX_TIM3_Init) for MX_TIM3_Init
    main.o(i.main) refers to tim.o(i.MX_TIM4_Init) for MX_TIM4_Init
    main.o(i.main) refers to tim.o(i.MX_TIM6_Init) for MX_TIM6_Init
    main.o(i.main) refers to usart.o(i.MX_USART2_UART_Init) for MX_USART2_UART_Init
    main.o(i.main) refers to usart.o(i.MX_USART3_UART_Init) for MX_USART3_UART_Init
    main.o(i.main) refers to tim.o(i.MX_TIM7_Init) for MX_TIM7_Init
    main.o(i.main) refers to tim.o(i.MX_TIM8_Init) for MX_TIM8_Init
    main.o(i.main) refers to tim.o(i.MX_TIM2_Init) for MX_TIM2_Init
    main.o(i.main) refers to usart.o(i.MX_USART1_UART_Init) for MX_USART1_UART_Init
    main.o(i.main) refers to stm32f1xx_hal_tim.o(i.HAL_TIM_Encoder_Start) for HAL_TIM_Encoder_Start
    main.o(i.main) refers to stm32f1xx_hal_tim.o(i.HAL_TIM_PWM_Start) for HAL_TIM_PWM_Start
    main.o(i.main) refers to bsp_delay.o(i.delay_ms) for delay_ms
    main.o(i.main) refers to oled.o(i.OLED_Init) for OLED_Init
    main.o(i.main) refers to oled.o(i.OLED_Clear) for OLED_Clear
    main.o(i.main) refers to bsp_pid.o(i.PID_param_init) for PID_param_init
    main.o(i.main) refers to control.o(i.set_motor2_enable) for set_motor2_enable
    main.o(i.main) refers to control.o(i.set_motor_enable) for set_motor_enable
    main.o(i.main) refers to stm32f1xx_hal_tim.o(i.HAL_TIM_Base_Start_IT) for HAL_TIM_Base_Start_IT
    main.o(i.main) refers to stm32f1xx_hal_uart.o(i.HAL_UART_Receive_IT) for HAL_UART_Receive_IT
[...]
    .bss                                     0x200004e0   Section      432  tim.o(.bss)
    .bss                                     0x20000690   Section      204  usart.o(.bss)
    .bss                                     0x2000075c   Section      384  menu.o(.bss)
    .bss                                     0x200008dc   Section       20  openmv.o(.bss)
    RxBuffer1                                0x200008dc   Data          20  openmv.o(.bss)
    .bss                                     0x200008f0   Section      128  bsp_pid.o(.bss)
    .bss                                     0x20000970   Section       14  bsp_bluetooth.o(.bss)
    .bss                                     0x20000980   Section      152  fire_protocol.o(.bss)
    set_packet                               0x20000980   Data          10  fire_protocol.o(.bss)
    parser                                   0x2000098c   Data          12  fire_protocol.o(.bss)
    recv_buf                                 0x20000998   Data         128  fire_protocol.o(.bss)
    .bss                                     0x20000a18   Section       96  libspace.o(.bss)
    HEAP                                     0x20000a78   Section      512  startup_stm32f103xe.o(HEAP)
    Heap_Mem                                 0x20000a78   Data         512  startup_stm32f103xe.o(HEAP)
    STACK                                    0x20000c78   Section     1024  startup_stm32f103xe.o(STACK)
    Stack_Mem                                0x20000c78   Data        1024  startup_stm32f103xe.o(STACK)
    __initial_sp                             0x20001078   Data           0  startup_stm32f103xe.o(STACK)

    Global Symbols

    Symbol Name                              Value     Ov Type        Size  Object(Section)

    BuildAttributes$$THM_ISAv4$P$D$K$B$S$PE$A:L22UL41UL21$X:L11$S22US41US21$IEEE1$IW$USESV6$~STKCKD$USESV7$~SHL$OTIME$ROPI$IEEEJ$EBA8$UX$STANDARDLIB$REQ8$PRES8$EABIv2 0x00000000   Number         0  anon$$obj.o ABSOLUTE
    __ARM_use_no_argv                        0x00000000   Number         0  main.o ABSOLUTE
    _printf_flags                            0x00000000   Number         0  printf_stubs.o ABSOLUTE
    _printf_return_value                     0x00000000   Number         0  printf_stubs.o ABSOLUTE
    _printf_sizespec                         0x00000000   Number         0  printf_stubs.o ABSOLUTE
    _printf_widthprec                        0x00000000   Number         0  printf_stubs.o ABSOLUTE
    __ARM_exceptions_init                     - Undefined Weak Reference
    __alloca_initialize                       - Undefined Weak Reference
    __arm_preinit_                            - Undefined Weak Reference
    __cpp_initialize__aeabi_                  - Undefined Weak Reference
    __cxa_finalize                            - Undefined Weak Reference
    __sigvec_lookup                           - Undefined Weak Reference
    _atexit_init                              - Undefined Weak Reference
    _call_atexit_fns                          - Undefined Weak Reference
    _clock_init                               - Undefined Weak Reference
    _fp_trap_init                             - Undefined Weak Reference
    _fp_trap_shutdown                         - Undefined Weak Reference
    _get_lc_collate                           - Undefined Weak Reference
    _get_lc_ctype                             - Undefined Weak Reference
    _get_lc_monetary                          - Undefined Weak Reference
    _get_lc_time                              - Undefined Weak Reference
    _getenv_init                              - Undefined Weak Reference
    _handle_redirection                       - Undefined Weak Reference
    _init_alloc                               - Undefined Weak Reference
    _init_user_alloc                          - Undefined Weak Reference
    _initio                                   - Undefined Weak Reference
    _printf_mbtowc                            - Undefined Weak Reference
    _printf_truncate_signed                   - Undefined Weak Reference
    _printf_truncate_unsigned                 - Undefined Weak Reference
    _rand_init                                - Undefined Weak Reference
    _signal_finish                            - Undefined Weak Reference
    _signal_init                              - Undefined Weak Reference
    _terminate_alloc                          - Undefined Weak Reference
    _terminate_user_alloc                     - Undefined Weak Reference
    _terminateio                              - Undefined Weak Reference
    __Vectors_Size                           0x00000130   Number         0  startup_stm32f103xe.o ABSOLUTE
    __Vectors                                0x08000000   Data           4  startup_stm32f103xe.o(RESET)
    __Vectors_End                            0x08000130   Data           0  startup_stm32f103xe.o(RESET)
    __main                                   0x08000131   Thumb Code     8  __main.o(!!!main)
    __scatterload                            0x08000139   Thumb Code     0  __scatter.o(!!!scatter)
    __scatterload_rt2                        0x08000139   Thumb Code    44  __scatter.o(!!!scatter)
    __scatterload_rt2_thumb_only             0x08000139   Thumb Code     0  __scatter.o(!!!scatter)
    __scatterload_null                       0x08000147   Thumb Code     0  __scatter.o(!!!scatter)
    __decompress                             0x0800016d   Thumb Code    90  __dczerorl2.o(!!dczerorl2)
    __decompress1                            0x0800016d   Thumb Code     0  __dczerorl2.o(!!dczerorl2)
    __scatterload_zeroinit                   0x080001c9   Thumb Code    28  __scatter_zi.o(!!handler_zi)
    _printf_f                                0x080001e5   Thumb Code     0  _printf_f.o(.ARM.Collect$$_printf_percent$$00000003)
    _printf_percent                          0x080001e5   Thumb Code     0  _printf_percent.o(.ARM.Collect$$_printf_percent$$00000000)
    _printf_d                                0x080001eb   Thumb Code     0  _printf_d.o(.ARM.Collect$$_printf_percent$$00000009)
    _printf_c                                0x080001f1   Thumb Code     0  _printf_c.o(.ARM.Collect$$_printf_percent$$00000013)
    _printf_percent_end                      0x080001f7   Thumb Code     0  _printf_percent_end.o(.ARM.Collect$$_printf_percent$$00000017)
    __rt_lib_init                            0x080001fb   Thumb Code     0  libinit.o(.ARM.Collect$$libinit$$00000000)
    __rt_lib_init_fp_1                       0x080001fd   Thumb Code     0  libinit2.o(.ARM.Collect$$libinit$$00000002)
    __rt_lib_init_heap_1                     0x080001fd   Thumb Code     0  libinit2.o(.ARM.Collect$$libinit$$0000000A)
    __rt_lib_init_lc_common                  0x080001fd   Thumb Code     0  libinit2.o(.ARM.Collect$$libinit$$0000000F)
    __rt_lib_init_preinit_1                  0x080001fd   Thumb Code     0  libinit2.o(.ARM.Collect$$libinit$$00000004)
    __rt_lib_init_rand_1                     0x080001fd   Thumb Code     0  libinit2.o(.ARM.Collect$$libinit$$0000000E)
    __rt_lib_init_user_alloc_1               0x080001fd   Thumb Code     0  libinit2.o(.ARM.Collect$$libinit$$0000000C)
    __rt_lib_init_lc_collate_1               0x08000203   Thumb Code     0  libinit2.o(.ARM.Collect$$libinit$$00000011)
    __rt_lib_init_lc_ctype_1                 0x08000203   Thumb Code     0  libinit2.o(.ARM.Collect$$libinit$$00000013)
    __rt_lib_init_lc_monetary_1              0x08000203   Thumb Code     0  libinit2.o(.ARM.Collect$$libinit$$00000015)
    __rt_lib_init_lc_numeric_2               0x08000203   Thumb Code     0  libinit2.o(.ARM.Collect$$libinit$$00000016)
    __rt_lib_init_alloca_1                   0x0800020d   Thumb Code     0  libinit2.o(.ARM.Collect$$libinit$$0000002E)
    __rt_lib_init_argv_1                     0x0800020d   Thumb Code     0  libinit2.o(.ARM.Collect$$libinit$$0000002C)
    __rt_lib_init_atexit_1                   0x0800020d   Thumb Code     0  libinit2.o(.ARM.Collect$$libinit$$0000001B)
    __rt_lib_init_clock_1                    0x0800020d   Thumb Code     0  libinit2.o(.ARM.Collect$$libinit$$00000021)
    __rt_lib_init_cpp_1                      0x0800020d   Thumb Code     0  libinit2.o(.ARM.Collect$$libinit$$00000032)
    __rt_lib_init_exceptions_1               0x0800020d   Thumb Code     0  libinit2.o(.ARM.Collect$$libinit$$00000030)
    __rt_lib_init_fp_trap_1                  0x0800020d   Thumb Code     0  libinit2.o(.ARM.Collect$$libinit$$0000001F)
    __rt_lib_init_getenv_1                   0x0800020d   Thumb Code     0  libinit2.o(.ARM.Collect$$libinit$$00000023)
    __rt_lib_init_lc_numeric_1               0x0800020d   Thumb Code     0  libinit2.o(.ARM.Collect$$libinit$$00000017)
    __rt_lib_init_lc_time_1                  0x0800020d   Thumb Code     0  libinit2.o(.ARM.Collect$$libinit$$00000019)
    __rt_lib_init_return                     0x0800020d   Thumb Code     0  libinit2.o(.ARM.Collect$$libinit$$00000033)
    __rt_lib_init_signal_1                   0x0800020d   Thumb Code     0  libinit2.o(.ARM.Collect$$libinit$$0000001D)
    __rt_lib_init_stdio_1                    0x0800020d   Thumb Code     0  libinit2.o(.ARM.Collect$$libinit$$00000025)
    __rt_lib_shutdown                        0x0800020f   Thumb Code     0  libshutdown.o(.ARM.Collect$$libshutdown$$00000000)
    __rt_lib_shutdown_cpp_1                  0x08000211   Thumb Code     0  libshutdown2.o(.ARM.Collect$$libshutdown$$00000002)
    __rt_lib_shutdown_fp_trap_1              0x08000211   Thumb Code     0  libshutdown2.o(.ARM.Collect$$libshutdown$$00000007)
    __rt_lib_shutdown_heap_1                 0x08000211   Thumb Code     0  libshutdown2.o(.ARM.Collect$$libshutdown$$0000000F)
    __rt_lib_shutdown_return                 0x08000211   Thumb Code     0  libshutdown2.o(.ARM.Collect$$libshutdown$$00000010)
    __rt_lib_shutdown_signal_1               0x08000211   Thumb Code     0  libshutdown2.o(.ARM.Collect$$libshutdown$$0000000A)
    __rt_lib_shutdown_stdio_1                0x08000211   Thumb Code     0  libshutdown2.o(.ARM.Collect$$libshutdown$$00000004)
    __rt_lib_shutdown_user_alloc_1           0x08000211   Thumb Code     0  libshutdown2.o(.ARM.Collect$$libshutdown$$0000000C)
    __rt_entry                               0x08000213   Thumb Code     0  __rtentry.o(.ARM.Collect$$rtentry$$00000000)
    __rt_entry_presh_1                       0x08000213   Thumb Code     0  __rtentry2.o(.ARM.Collect$$rtentry$$00000002)
    __rt_entry_sh                            0x08000213   Thumb Code     0  __rtentry4.o(.ARM.Collect$$rtentry$$00000004)
    __rt_entry_li                            0x08000219   Thumb Code     0  __rtentry2.o(.ARM.Collect$$rtentry$$0000000A)
    __rt_entry_postsh_1                      0x08000219   Thumb Code     0  __rtentry2.o(.ARM.Collect$$rtentry$$00000009)
    __rt_entry_main                          0x0800021d   Thumb Code     0  __rtentry2.o(.ARM.Collect$$rtentry$$0000000D)
    __rt_entry_postli_1                      0x0800021d   Thumb Code     0  __rtentry2.o(.ARM.Collect$$rtentry$$0000000C)
    __rt_exit                                0x08000225   Thumb Code     0  rtexit.o(.ARM.Collect$$rtexit$$00000000)
    __rt_exit_ls                             0x08000227   Thumb Code     0  rtexit2.o(.ARM.Collect$$rtexit$$00000003)
    __rt_exit_prels_1                        0x08000227   Thumb Code     0  rtexit2.o(.ARM.Collect$$rtexit$$00000002)
    __rt_exit_exit                           0x0800022b   Thumb Code     0  rtexit2.o(.ARM.Collect$$rtexit$$00000004)
    Reset_Handler                            0x08000231   Thumb Code     8  startup_stm32f103xe.o(.text)
    ADC1_2_IRQHandler                        0x0800024b   Thumb Code     0  startup_stm32f103xe.o(.text)
    ADC3_IRQHandler                          0x0800024b   Thumb Code     0  startup_stm32f103xe.o(.text)
    CAN1_RX1_IRQHandler                      0x0800024b   Thumb Code     0  startup_stm32f103xe.o(.text)
    CAN1_SCE_IRQHandler                      0x0800024b   Thumb Code     0  startup_stm32f103xe.o(.text)
    DMA1_Channel1_IRQHandler                 0x0800024b   Thumb Code     0  startup_stm32f103xe.o(.text)
    DMA1_Channel2_IRQHandler                 0x0800024b   Thumb Code     0  startup_stm32f103xe.o(.text)
    DMA1_Channel3_IRQHandler                 0x0800024b   Thumb Code     0  startup_stm32f103xe.o(.text)
    DMA1_Channel4_IRQHandler                 0x0800024b   Thumb Code     0  startup_stm32f103xe.o(.text)
    DMA1_Channel5_IRQHandler                 0x0800024b   Thumb Code     0  startup_stm32f103xe.o(.text)
    DMA1_Channel6_IRQHandler                 0x0800024b   Thumb Code     0  startup_stm32f103xe.o(.text)
    DMA1_Channel7_IRQHandler                 0x0800024b   Thumb Code     0  startup_stm32f103xe.o(.text)
    DMA2_Channel1_IRQHandler                 0x0800024b   Thumb Code     0  startup_stm32f103xe.o(.text)
    DMA2_Channel2_IRQHandler                 0x0800024b   Thumb Code     0  startup_stm32f103xe.o(.text)
    DMA2_Channel3_IRQHandler                 0x0800024b   Thumb Code     0  startup_stm32f103xe.o(.text)
    DMA2_Channel4_5_IRQHandler               0x0800024b   Thumb Code     0  startup_stm32f103xe.o(.text)
    EXTI15_10_IRQHandler                     0x0800024b   Thumb Code     0  startup_stm32f103xe.o(.text)
    EXTI1_IRQHandler                         0x0800024b   Thumb Code     0  startup_stm32f103xe.o(.text)
    EXTI2_IRQHandler                         0x0800024b   Thumb Code     0  startup_stm32f103xe.o(.text)
    EXTI3_IRQHandler                         0x0800024b   Thumb Code     0  startup_stm32f103xe.o(.text)
    EXTI4_IRQHandler                         0x0800024b   Thumb Code     0  startup_stm32f103xe.o(.text)
    EXTI9_5_IRQHandler                       0x0800024b   Thumb Code     0  startup_stm32f103xe.o(.text)
    FLASH_IRQHandler                         0x0800024b   Thumb Code     0  startup_stm32f103xe.o(.text)
    FSMC_IRQHandler                          0x0800024b   Thumb Code     0  startup_stm32f103xe.o(.text)
    I2C1_ER_IRQHandler                       0x0800024b   Thumb Code     0  startup_stm32f103xe.o(.text)
    I2C1_EV_IRQHandler                       0x0800024b   Thumb Code     0  startup_stm32f103xe.o(.text)
    I2C2_ER_IRQHandler                       0x0800024b   Thumb Code     0  startup_stm32f103xe.o(.text)
    I2C2_EV_IRQHandler                       0x0800024b   Thumb Code     0  startup_stm32f103xe.o(.text)
    PVD_IRQHandler                           0x0800024b   Thumb Code     0  startup_stm32f103xe.o(.text)
    RCC_IRQHandler                           0x0800024b   Thumb Code     0  startup_stm32f103xe.o(.text)
    RTC_Alarm_IRQHandler                     0x0800024b   Thumb Code     0  startup_stm32f103xe.o(.text)
    RTC_IRQHandler                           0x0800024b   Thumb Code     0  startup_stm32f103xe.o(.text)
    SDIO_IRQHandler                          0x0800024b   Thumb Code     0  startup_stm32f103xe.o(.text)
    SPI1_IRQHandler                          0x0800024b   Thumb Code     0  startup_stm32f103xe.o(.text)
    SPI2_IRQHandler                          0x0800024b   Thumb Code     0  startup_stm32f103xe.o(.text)
    SPI3_IRQHandler                          0x0800024b   Thumb Code     0  startup_stm32f103xe.o(.text)
    TAMPER_IRQHandler                        0x0800024b   Thumb Code     0  startup_stm32f103xe.o(.text)
    TIM1_BRK_IRQHandler                      0x0800024b   Thumb Code     0  startup_stm32f103xe.o(.text)
    TIM1_CC_IRQHandler                       0x0800024b   Thumb Code     0  startup_stm32f103xe.o(.text)
    TIM1_TRG_COM_IRQHandler                  0x0800024b   Thumb Code     0  startup_stm32f103xe.o(.text)
    TIM1_UP_IRQHandler                       0x0800024b   Thumb Code     0  startup_stm32f103xe.o(.text)
    TIM2_IRQHandler                          0x0800024b   Thumb Code     0  startup_stm32f103xe.o(.text)
    TIM3_IRQHandler                          0x0800024b   Thumb Code     0  startup_stm32f103xe.o(.text)
    TIM4_IRQHandler                          0x0800024b   Thumb Code     0  startup_stm32f103xe.o(.text)
    TIM5_IRQHandler                          0x0800024b   Thumb Code     0  startup_stm32f103xe.o(.text)
    TIM8_BRK_IRQHandler                      0x0800024b   Thumb Code     0  startup_stm32f103xe.o(.text)
    TIM8_CC_IRQHandler                       0x0800024b   Thumb Code     0  startup_stm32f103xe.o(.text)
    TIM8_TRG_COM_IRQHandler                  0x0800024b   Thumb Code     0  startup_stm32f103xe.o(.text)
    TIM8_UP_IRQHandler                       0x0800024b   Thumb Code     0  startup_stm32f103xe.o(.text)
    UART4_IRQHandler                         0x0800024b   Thumb Code     0  startup_stm32f103xe.o(.text)
    UART5_IRQHandler                         0x0800024b   Thumb Code     0  startup_stm32f103xe.o(.text)
    USBWakeUp_IRQHandler                     0x0800024b   Thumb Code     0  startup_stm32f103xe.o(.text)
    USB_HP_CAN1_TX_IRQHandler                0x0800024b   Thumb Code     0  startup_stm32f103xe.o(.text)
    USB_LP_CAN1_RX0_IRQHandler               0x0800024b   Thumb Code     0  startup_stm32f103xe.o(.text)
    WWDG_IRQHandler                          0x0800024b   Thumb Code     0  startup_stm32f103xe.o(.text)
    __user_initial_stackheap                 0x0800024d   Thumb Code     0  startup_stm32f103xe.o(.text)
    __2sprintf                               0x08000271   Thumb Code    34  noretval__2sprintf.o(.text)
    _printf_pre_padding                      0x08000299   Thumb Code    44  _printf_pad.o(.text)
    _printf_post_padding                     0x080002c5   Thumb Code    34  _printf_pad.o(.text)
    _printf_str                              0x080002e7   Thumb Code    82  _printf_str.o(.text)
    _printf_int_dec                          0x08000339   Thumb Code   104  _printf_dec.o(.text)
    __printf                                 0x080003b1   Thumb Code   270  __printf_wp.o(.text)
    __aeabi_memcpy                           0x080004bf   Thumb Code     0  rt_memcpy_v6.o(.text)
    __rt_memcpy                              0x080004bf   Thumb Code   138  rt_memcpy_v6.o(.text)
    _memcpy_lastbytes                        0x08000525   Thumb Code     0  rt_memcpy_v6.o(.text)
    __aeabi_memclr4                          0x08000549   Thumb Code     0  rt_memclr_w.o(.text)
    __aeabi_memclr8                          0x08000549   Thumb Code     0  rt_memclr_w.o(.text)
    __rt_memclr_w                            0x08000549   Thumb Code    78  rt_memclr_w.o(.text)
    _memset_w                                0x0800054d   Thumb Code     0  rt_memclr_w.o(.text)
    __use_two_region_memory                  0x08000597   Thumb Code     2  heapauxi.o(.text)
    __rt_heap_escrow$2region                 0x08000599   Thumb Code     2  heapauxi.o(.text)
    __rt_heap_expand$2region                 0x0800059b   Thumb Code     2  heapauxi.o(.text)
    _printf_int_common                       0x0800059d   Thumb Code   178  _printf_intcommon.o(.text)
    __lib_sel_fp_printf                      0x0800064f   Thumb Code     2  _printf_fp_dec.o(.text)
    _printf_fp_dec_real                      0x08000801   Thumb Code   620  _printf_fp_dec.o(.text)
    _printf_char_common                      0x08000a77   Thumb Code    32  _printf_char_common.o(.text)
    _sputc                                   0x08000a9d   Thumb Code    10  _sputc.o(.text)
    _printf_cs_common                        0x08000aa7   Thumb Code    20  _printf_char.o(.text)
    _printf_char                             0x08000abb   Thumb Code    16  _printf_char.o(.text)
    _printf_string                           0x08000acb   Thumb Code     8  _printf_char.o(.text)
    __aeabi_memcpy4                          0x08000ad3   Thumb Code     0  rt_memcpy_w.o(.text)
    __aeabi_memcpy8                          0x08000ad3   Thumb Code     0  rt_memcpy_w.o(.text)
    __rt_memcpy_w                            0x08000ad3   Thumb Code   100  rt_memcpy_w.o(.text)
    _memcpy_lastbytes_aligned                0x08000b1b   Thumb Code     0  rt_memcpy_w.o(.text)
    __rt_locale                              0x08000b39   Thumb Code     8  rt_locale_intlibspace.o(.text)
    _ll_udiv10                               0x08000b41   Thumb Code   138  lludiv10.o(.text)
    _printf_fp_infnan                        0x08000bcd   Thumb Code   112  _printf_fp_infnan.o(.text)
    _btod_etento                             0x08000c4d   Thumb Code   224  bigflt0.o(.text)
    __user_libspace                          0x08000d31   Thumb Code     8  libspace.o(.text)
    __user_perproc_libspace                  0x08000d31   Thumb Code     0  libspace.o(.text)
    __user_perthread_libspace                0x08000d31   Thumb Code     0  libspace.o(.text)
    __user_setup_stackheap                   0x08000d39   Thumb Code    74  sys_stackheap_outer.o(.text)
    exit                                     0x08000d83   Thumb Code    18  exit.o(.text)
    strcmp                                   0x08000d95   Thumb Code   128  strcmpv7m.o(.text)
    _sys_exit                                0x08000e15   Thumb Code     8  sys_exit.o(.text)
    __I$use$semihosting                      0x08000e21   Thumb Code     0  use_no_semi.o(.text)
    __use_no_semihosting_swi                 0x08000e21   Thumb Code     2  use_no_semi.o(.text)
    __semihosting_library_function           0x08000e23   Thumb Code     0  indicate_semi.o(.text)
    _btod_d2e                                0x08000e23   Thumb Code    62  btod.o(CL$$btod_d2e)
    _d2e_denorm_low                          0x08000e61   Thumb Code    70  btod.o(CL$$btod_d2e_denorm_low)
    _d2e_norm_op1                            0x08000ea7   Thumb Code    96  btod.o(CL$$btod_d2e_norm_op1)
    __btod_div_common                        0x08000f07   Thumb Code   696  btod.o(CL$$btod_div_common)
    _e2e                                     0x0800123f   Thumb Code   220  btod.o(CL$$btod_e2e)
    _btod_ediv                               0x0800131b   Thumb Code    42  btod.o(CL$$btod_ediv)
    _btod_emul                               0x08001345   Thumb Code    42  btod.o(CL$$btod_emul)
    __btod_mult_common                       0x0800136f   Thumb Code   580  btod.o(CL$$btod_mult_common)
    ADC_ConversionStop_Disable               0x080015b5   Thumb Code    86  stm32f1xx_hal_adc.o(i.ADC_ConversionStop_Disable)
    ADC_Enable                               0x0800160d   Thumb Code   114  stm32f1xx_hal_adc.o(i.ADC_Enable)
    BlueTooth_Receive_Data                   0x08001689   Thumb Code   146  bsp_bluetooth.o(i.BlueTooth_Receive_Data)
    BusFault_Handler                         0x08001725   Thumb Code     2  stm32f1xx_it.o(i.BusFault_Handler)
    ButtonScan                               0x08001729   Thumb Code   106  bsp_key.o(i.ButtonScan)
    Car_go                                   0x08001799   Thumb Code    92  control.o(i.Car_go)
    DebugMon_Handler                         0x08001815   Thumb Code     2  stm32f1xx_it.o(i.DebugMon_Handler)
    EXTI0_IRQHandler                         0x08001817   Thumb Code     6  stm32f1xx_it.o(i.EXTI0_IRQHandler)
    Error_Handler                            0x0800181d   Thumb Code     4  main.o(i.Error_Handler)
    GetMotorPulse                            0x08001821   Thumb Code    46  encoder.o(i.GetMotorPulse)
    Get_Light_TTL                            0x0800185d   Thumb Code   112  bsp_graysensor.o(i.Get_Light_TTL)
    HAL_ADC_ConfigChannel                    0x080018d5   Thumb Code   240  stm32f1xx_hal_adc.o(i.HAL_ADC_ConfigChannel)
    HAL_ADC_GetValue                         0x080019d1   Thumb Code     6  stm32f1xx_hal_adc.o(i.HAL_ADC_GetValue)
    HAL_ADC_Init                             0x080019d9   Thumb Code   272  stm32f1xx_hal_adc.o(i.HAL_ADC_Init)
    HAL_ADC_MspInit                          0x08001af9   Thumb Code    76  adc.o(i.HAL_ADC_MspInit)
    HAL_ADC_PollForConversion                0x08001b51   Thumb Code   304  stm32f1xx_hal_adc.o(i.HAL_ADC_PollForConversion)
    HAL_ADC_Start                            0x08001c8d   Thumb Code   184  stm32f1xx_hal_adc.o(i.HAL_ADC_Start)
    HAL_DMA_Abort                            0x08001d4d   Thumb Code    70  stm32f1xx_hal_dma.o(i.HAL_DMA_Abort)
    HAL_DMA_Abort_IT                         0x08001d95   Thumb Code   296  stm32f1xx_hal_dma.o(i.HAL_DMA_Abort_IT)
    HAL_GPIO_EXTI_Callback                   0x08001ec5   Thumb Code    58  stm32f1xx_it.o(i.HAL_GPIO_EXTI_Callback)
    HAL_GPIO_EXTI_IRQHandler                 0x08001f0d   Thumb Code    18  stm32f1xx_hal_gpio.o(i.HAL_GPIO_EXTI_IRQHandler)
    HAL_GPIO_Init                            0x08001f25   Thumb Code   462  stm32f1xx_hal_gpio.o(i.HAL_GPIO_Init)
    HAL_GPIO_ReadPin                         0x0800211d   Thumb Code    10  stm32f1xx_hal_gpio.o(i.HAL_GPIO_ReadPin)
    HAL_GPIO_TogglePin                       0x08002127   Thumb Code    16  stm32f1xx_hal_gpio.o(i.HAL_GPIO_TogglePin)
    HAL_GPIO_WritePin                        0x08002137   Thumb Code    10  stm32f1xx_hal_gpio.o(i.HAL_GPIO_WritePin)
    HAL_GetTick                              0x08002141   Thumb Code     6  stm32f1xx_hal.o(i.HAL_GetTick)
    HAL_IncTick                              0x0800214d   Thumb Code    12  stm32f1xx_hal.o(i.HAL_IncTick)
    HAL_Init                                 0x0800215d   Thumb Code    32  stm32f1xx_hal.o(i.HAL_Init)
    HAL_InitTick                             0x08002181   Thumb Code    54  stm32f1xx_hal.o(i.HAL_InitTick)
    HAL_MspInit                              0x080021c1   Thumb Code    58  stm32f1xx_hal_msp.o(i.HAL_MspInit)
    HAL_NVIC_EnableIRQ                       0x08002205   Thumb Code    26  stm32f1xx_hal_cortex.o(i.HAL_NVIC_EnableIRQ)
    HAL_NVIC_SetPriority                     0x08002221   Thumb Code    60  stm32f1xx_hal_cortex.o(i.HAL_NVIC_SetPriority)
    HAL_NVIC_SetPriorityGrouping             0x08002261   Thumb Code    26  stm32f1xx_hal_cortex.o(i.HAL_NVIC_SetPriorityGrouping)
    HAL_NVIC_SystemReset                     0x08002285   Thumb Code    26  stm32f1xx_hal_cortex.o(i.HAL_NVIC_SystemReset)
    HAL_RCCEx_GetPeriphCLKFreq               0x080022a9   Thumb Code   180  stm32f1xx_hal_rcc_ex.o(i.HAL_RCCEx_GetPeriphCLKFreq)
    HAL_RCCEx_PeriphCLKConfig                0x0800237d   Thumb Code   224  stm32f1xx_hal_rcc_ex.o(i.HAL_RCCEx_PeriphCLKConfig)
    HAL_RCC_ClockConfig                      0x08002469   Thumb Code   280  stm32f1xx_hal_rcc.o(i.HAL_RCC_ClockConfig)
    HAL_RCC_GetPCLK1Freq                     0x08002595   Thumb Code    20  stm32f1xx_hal_rcc.o(i.HAL_RCC_GetPCLK1Freq)
    HAL_RCC_GetPCLK2Freq                     0x080025b5   Thumb Code    20  stm32f1xx_hal_rcc.o(i.HAL_RCC_GetPCLK2Freq)
    HAL_RCC_GetSysClockFreq                  0x080025d5   Thumb Code    74  stm32f1xx_hal_rcc.o(i.HAL_RCC_GetSysClockFreq)
    HAL_RCC_OscConfig                        0x08002641   Thumb Code   778  stm32f1xx_hal_rcc.o(i.HAL_RCC_OscConfig)
    HAL_SYSTICK_CLKSourceConfig              0x08002961   Thumb Code    24  stm32f1xx_hal_cortex.o(i.HAL_SYSTICK_CLKSourceConfig)
    HAL_SYSTICK_Callback                     0x08002979   Thumb Code     2  stm32f1xx_hal_cortex.o(i.HAL_SYSTICK_Callback)
    HAL_SYSTICK_Config                       0x0800297b   Thumb Code    40  stm32f1xx_hal_cortex.o(i.HAL_SYSTICK_Config)
    HAL_SYSTICK_IRQHandler                   0x080029a3   Thumb Code     8  stm32f1xx_hal_cortex.o(i.HAL_SYSTICK_IRQHandler)
    HAL_TIMEx_BreakCallback                  0x080029ab   Thumb Code     2  stm32f1xx_hal_tim_ex.o(i.HAL_TIMEx_BreakCallback)
    HAL_TIMEx_CommutCallback                 0x080029ad   Thumb Code     2  stm32f1xx_hal_tim_ex.o(i.HAL_TIMEx_CommutCallback)
    HAL_TIMEx_MasterConfigSynchronization    0x080029b1   Thumb Code   104  stm32f1xx_hal_tim_ex.o(i.HAL_TIMEx_MasterConfigSynchronization)
    HAL_TIM_Base_Init                        0x08002a2d   Thumb Code    90  stm32f1xx_hal_tim.o(i.HAL_TIM_Base_Init)
    HAL_TIM_Base_MspInit                     0x08002a89   Thumb Code    86  tim.o(i.HAL_TIM_Base_MspInit)
    HAL_TIM_Base_Start_IT                    0x08002aed   Thumb Code    88  stm32f1xx_hal_tim.o(i.HAL_TIM_Base_Start_IT)
    HAL_TIM_Encoder_Init                     0x08002b59   Thumb Code   164  stm32f1xx_hal_tim.o(i.HAL_TIM_Encoder_Init)
    HAL_TIM_Encoder_MspInit                  0x08002bfd   Thumb Code   118  tim.o(i.HAL_TIM_Encoder_MspInit)
    HAL_TIM_Encoder_Start                    0x08002c89   Thumb Code   142  stm32f1xx_hal_tim.o(i.HAL_TIM_Encoder_Start)
    HAL_TIM_IC_CaptureCallback               0x08002d17   Thumb Code     2  stm32f1xx_hal_tim.o(i.HAL_TIM_IC_CaptureCallback)
    HAL_TIM_IRQHandler                       0x08002d19   Thumb Code   358  stm32f1xx_hal_tim.o(i.HAL_TIM_IRQHandler)
    HAL_TIM_MspPostInit                      0x08002e81   Thumb Code   122  tim.o(i.HAL_TIM_MspPostInit)
    HAL_TIM_OC_DelayElapsedCallback          0x08002f0d   Thumb Code     2  stm32f1xx_hal_tim.o(i.HAL_TIM_OC_DelayElapsedCallback)
    HAL_TIM_PWM_ConfigChannel                0x08002f0f   Thumb Code   198  stm32f1xx_hal_tim.o(i.HAL_TIM_PWM_ConfigChannel)
    HAL_TIM_PWM_Init                         0x08002fd5   Thumb Code    90  stm32f1xx_hal_tim.o(i.HAL_TIM_PWM_Init)
    HAL_TIM_PWM_MspInit                      0x08003031   Thumb Code    52  tim.o(i.HAL_TIM_PWM_MspInit)
    HAL_TIM_PWM_PulseFinishedCallback        0x0800306d   Thumb Code     2  stm32f1xx_hal_tim.o(i.HAL_TIM_PWM_PulseFinishedCallback)
    HAL_TIM_PWM_Start                        0x08003071   Thumb Code   160  stm32f1xx_hal_tim.o(i.HAL_TIM_PWM_Start)
    HAL_TIM_PeriodElapsedCallback            0x08003125   Thumb Code   150  control.o(i.HAL_TIM_PeriodElapsedCallback)
    HAL_TIM_TriggerCallback                  0x080031dd   Thumb Code     2  stm32f1xx_hal_tim.o(i.HAL_TIM_TriggerCallback)
    HAL_UARTEx_RxEventCallback               0x080031df   Thumb Code     2  stm32f1xx_hal_uart.o(i.HAL_UARTEx_RxEventCallback)
    HAL_UART_ErrorCallback                   0x080031e1   Thumb Code     2  stm32f1xx_hal_uart.o(i.HAL_UART_ErrorCallback)
    HAL_UART_IRQHandler                      0x080031e5   Thumb Code   520  stm32f1xx_hal_uart.o(i.HAL_UART_IRQHandler)
    HAL_UART_Init                            0x080033f1   Thumb Code    98  stm32f1xx_hal_uart.o(i.HAL_UART_Init)
    HAL_UART_MspInit                         0x08003455   Thumb Code   300  usart.o(i.HAL_UART_MspInit)
    HAL_UART_Receive_IT                      0x0800359d   Thumb Code    42  stm32f1xx_hal_uart.o(i.HAL_UART_Receive_IT)
    HAL_UART_RxCpltCallback                  0x080035c9   Thumb Code    56  stm32f1xx_it.o(i.HAL_UART_RxCpltCallback)
    HAL_UART_Transmit                        0x08003619   Thumb Code   178  stm32f1xx_hal_uart.o(i.HAL_UART_Transmit)
    HAL_UART_TxCpltCallback                  0x080036cb   Thumb Code     2  stm32f1xx_hal_uart.o(i.HAL_UART_TxCpltCallback)
    HardFault_Handler                        0x080036cd   Thumb Code     2  stm32f1xx_it.o(i.HardFault_Handler)
    IIC_Start                                0x080036d1   Thumb Code    50  oled.o(i.IIC_Start)
    IIC_Stop                                 0x0800370d   Thumb Code    38  oled.o(i.IIC_Stop)
    IIC_Wait_Ack                             0x0800373d   Thumb Code    28  oled.o(i.IIC_Wait_Ack)
    KEY_GPIO_Init                            0x0800375d   Thumb Code    50  bsp_key.o(i.KEY_GPIO_Init)
    KEY_Scan                                 0x08003799   Thumb Code    50  bsp_key.o(i.KEY_Scan)
    LED_Init                                 0x080037d1   Thumb Code   142  bsp_led.o(i.LED_Init)
    Light_GoStraight_control                 0x0800386d   Thumb Code    86  bsp_graysensor.o(i.Light_GoStraight_control)
    LoadOrNot                                0x080038cd   Thumb Code   112  bsp_graysensor.o(i.LoadOrNot)
    Location_Speed_control                   0x0800394d   Thumb Code    74  control.o(i.Location_Speed_control)
    MENU_Item_KEY                            0x080039a5   Thumb Code   204  menu.o(i.MENU_Item_KEY)
    MX_ADC1_Init                             0x08003a79   Thumb Code    68  adc.o(i.MX_ADC1_Init)
    MX_GPIO_Init                             0x08003ac5   Thumb Code   208  gpio.o(i.MX_GPIO_Init)
    MX_TIM2_Init                             0x08003ba9   Thumb Code   124  tim.o(i.MX_TIM2_Init)
    MX_TIM3_Init                             0x08003c29   Thumb Code   100  tim.o(i.MX_TIM3_Init)
    MX_TIM4_Init                             0x08003c95   Thumb Code   122  tim.o(i.MX_TIM4_Init)
    MX_TIM6_Init                             0x08003d19   Thumb Code    62  tim.o(i.MX_TIM6_Init)
    MX_TIM7_Init                             0x08003d61   Thumb Code    60  tim.o(i.MX_TIM7_Init)
    MX_TIM8_Init                             0x08003da5   Thumb Code   102  tim.o(i.MX_TIM8_Init)
    MX_USART1_UART_Init                      0x08003e15   Thumb Code    48  usart.o(i.MX_USART1_UART_Init)
    MX_USART2_UART_Init                      0x08003e4d   Thumb Code    48  usart.o(i.MX_USART2_UART_Init)
    MX_USART3_UART_Init                      0x08003e85   Thumb Code    48  usart.o(i.MX_USART3_UART_Init)
    MemManage_Handler                        0x08003ebd   Thumb Code     2  stm32f1xx_it.o(i.MemManage_Handler)
    MotorOutput                              0x08003ebf   Thumb Code    68  control.o(i.MotorOutput)
    NMI_Handler                              0x08003f03   Thumb Code     2  stm32f1xx_it.o(i.NMI_Handler)
    OLED_Clear                               0x08003f05   Thumb Code    58  oled.o(i.OLED_Clear)
    OLED_Display                             0x08003f41   Thumb Code  1868  menu.o(i.OLED_Display)
    OLED_DrawBMP                             0x0800477d   Thumb Code    64  oled.o(i.OLED_DrawBMP)
    OLED_GPIO_Init                           0x080047bd   Thumb Code    74  oled.o(i.OLED_GPIO_Init)
    OLED_Init                                0x08004815   Thumb Code   226  oled.o(i.OLED_Init)
    OLED_Set_Pos                             0x080048f7   Thumb Code    42  oled.o(i.OLED_Set_Pos)
    OLED_ShowChar                            0x08004921   Thumb Code   128  oled.o(i.OLED_ShowChar)
    OLED_ShowString                          0x080049a9   Thumb Code    54  oled.o(i.OLED_ShowString)
    OLED_WR_Byte                             0x080049df   Thumb Code    12  oled.o(i.OLED_WR_Byte)
    Openmv_Receive_Data                      0x080049ed   Thumb Code   174  openmv.o(i.Openmv_Receive_Data)
    PID_param_init                           0x08004aa5   Thumb Code    84  bsp_pid.o(i.PID_param_init)
    PendSV_Handler                           0x08004b09   Thumb Code     2  stm32f1xx_it.o(i.PendSV_Handler)
    SVC_Handler                              0x08004b0b   Thumb Code     2  stm32f1xx_it.o(i.SVC_Handler)
    SendDataToOpenmv                         0x08004b0d   Thumb Code    48  openmv.o(i.SendDataToOpenmv)
    SetTargetRoom                            0x08004b4d   Thumb Code   110  openmv.o(i.SetTargetRoom)
    SysTick_Handler                          0x08004bc1   Thumb Code    94  stm32f1xx_it.o(i.SysTick_Handler)
    SystemClock_Config                       0x08004c3d   Thumb Code   122  main.o(i.SystemClock_Config)
    SystemInit                               0x08004cb7   Thumb Code     2  system_stm32f1xx.o(i.SystemInit)
    TIM6_IRQHandler                          0x08004cb9   Thumb Code     6  stm32f1xx_it.o(i.TIM6_IRQHandler)
    TIM7_IRQHandler                          0x08004cc5   Thumb Code     6  stm32f1xx_it.o(i.TIM7_IRQHandler)
    TIM_Base_SetConfig                       0x08004cd1   Thumb Code   120  stm32f1xx_hal_tim.o(i.TIM_Base_SetConfig)
    TIM_CCxChannelCmd                        0x08004d5d   Thumb Code    26  stm32f1xx_hal_tim.o(i.TIM_CCxChannelCmd)
    TIM_OC2_SetConfig                        0x08004dd9   Thumb Code    98  stm32f1xx_hal_tim.o(i.TIM_OC2_SetConfig)
    UART_Start_Receive_IT                    0x080050ad   Thumb Code    54  stm32f1xx_hal_uart.o(i.UART_Start_Receive_IT)
    USART1_IRQHandler                        0x08005149   Thumb Code    38  stm32f1xx_it.o(i.USART1_IRQHandler)
    USART2_IRQHandler                        0x08005179   Thumb Code     6  stm32f1xx_it.o(i.USART2_IRQHandler)
    USART3_IRQHandler                        0x08005185   Thumb Code     6  stm32f1xx_it.o(i.USART3_IRQHandler)
    UsageFault_Handler                       0x08005191   Thumb Code     2  stm32f1xx_it.o(i.UsageFault_Handler)
    Write_IIC_Byte                           0x08005195   Thumb Code    82  oled.o(i.Write_IIC_Byte)
    Write_IIC_Command                        0x080051f1   Thumb Code    46  oled.o(i.Write_IIC_Command)
    Write_IIC_Data                           0x0800521f   Thumb Code    46  oled.o(i.Write_IIC_Data)
    __ARM_fpclassify                         0x0800524d   Thumb Code    40  fpclassify.o(i.__ARM_fpclassify)
    _is_digit                                0x08005295   Thumb Code    14  __printf_wp.o(i._is_digit)
    check_sum                                0x080052a5   Thumb Code    20  fire_protocol.o(i.check_sum)
    delay_init                               0x080052b9   Thumb Code    16  bsp_delay.o(i.delay_init)
    delay_ms                                 0x080052cd   Thumb Code    26  bsp_delay.o(i.delay_ms)
    delay_us                                 0x080052e9   Thumb Code    48  bsp_delay.o(i.delay_us)
    location2_pid_control                    0x0800531d   Thumb Code    34  control.o(i.location2_pid_control)
    location_pid_control                     0x08005351   Thumb Code    56  control.o(i.location_pid_control)
    location_pid_realize                     0x08005399   Thumb Code    82  bsp_pid.o(i.location_pid_realize)
    main                                     0x080053ed   Thumb Code  1530  main.o(i.main)
    protocol_data_recv                       0x08005a01   Thumb Code    82  fire_protocol.o(i.protocol_data_recv)
    protocol_init                            0x08005c11   Thumb Code    20  fire_protocol.o(i.protocol_init)
    receiving_process                        0x08005c29   Thumb Code   134  fire_protocol.o(i.receiving_process)
    set_computer_value                       0x08005cd5   Thumb Code    98  fire_protocol.o(i.set_computer_value)
    set_motor2_direction                     0x08005d49   Thumb Code    34  control.o(i.set_motor2_direction)
    set_motor2_enable                        0x08005d75   Thumb Code    28  control.o(i.set_motor2_enable)
    set_motor2_speed                         0x08005d99   Thumb Code    20  control.o(i.set_motor2_speed)
    set_motor_direction                      0x08005db5   Thumb Code    34  control.o(i.set_motor_direction)
    set_motor_enable                         0x08005de1   Thumb Code    28  control.o(i.set_motor_enable)
    set_motor_speed                          0x08005e05   Thumb Code    20  control.o(i.set_motor_speed)
    set_p_i_d                                0x08005e21   Thumb Code     8  bsp_pid.o(i.set_p_i_d)
    set_pid_target                           0x08005e29   Thumb Code     4  bsp_pid.o(i.set_pid_target)
    speed2_pid_control                       0x08005e2d   Thumb Code    56  control.o(i.speed2_pid_control)
    speed_pid_control                        0x08005e79   Thumb Code    56  control.o(i.speed_pid_control)
    speed_pid_realize                        0x08005ec5   Thumb Code   110  bsp_pid.o(i.speed_pid_realize)
    spin_Turn                                0x08005f3d   Thumb Code   158  control.o(i.spin_Turn)
    _get_lc_numeric                          0x08006009   Thumb Code    44  lc_numeric_c.o(locale$$code)
    __aeabi_d2f                              0x08006035   Thumb Code     0  d2f.o(x$fpl$d2f)
    _d2f                                     0x08006035   Thumb Code    98  d2f.o(x$fpl$d2f)
    __fpl_dcheck_NaN1                        0x08006099   Thumb Code    10  dcheck1.o(x$fpl$dcheck1)
    __aeabi_ddiv                             0x080060a9   Thumb Code     0  ddiv.o(x$fpl$ddiv)
    _ddiv                                    0x080060a9   Thumb Code   552  ddiv.o(x$fpl$ddiv)
    __aeabi_d2iz                             0x08006359   Thumb Code     0  dfix.o(x$fpl$dfix)
    _dfix                                    0x08006359   Thumb Code    94  dfix.o(x$fpl$dfix)
    __aeabi_i2d                              0x080063b7   Thumb Code     0  dflt_clz.o(x$fpl$dflt)
    _dflt                                    0x080063b7   Thumb Code    46  dflt_clz.o(x$fpl$dflt)
    __aeabi_ui2d                             0x080063e5   Thumb Code     0  dflt_clz.o(x$fpl$dfltu)
    _dfltu                                   0x080063e5   Thumb Code    38  dflt_clz.o(x$fpl$dfltu)
    __aeabi_dmul                             0x0800640d   Thumb Code     0  dmul.o(x$fpl$dmul)
    _dmul                                    0x0800640d   Thumb Code   332  dmul.o(x$fpl$dmul)
    __fpl_dnaninf                            0x08006561   Thumb Code   156  dnaninf.o(x$fpl$dnaninf)
    __fpl_dretinf                            0x080065fd   Thumb Code    12  dretinf.o(x$fpl$dretinf)
    __aeabi_f2d                              0x08006609   Thumb Code     0  f2d.o(x$fpl$f2d)
    _f2d                                     0x08006609   Thumb Code    86  f2d.o(x$fpl$f2d)
    __aeabi_fadd                             0x08006661   Thumb Code     0  faddsub_clz.o(x$fpl$fadd)
    _fadd                                    0x08006661   Thumb Code   196  faddsub_clz.o(x$fpl$fadd)
    __fpl_fcheck_NaN1                        0x08006725   Thumb Code     6  fcheck1.o(x$fpl$fcheck1)
    __aeabi_f2iz                             0x08006731   Thumb Code     0  ffix.o(x$fpl$ffix)
    _ffix                                    0x08006731   Thumb Code    54  ffix.o(x$fpl$ffix)
    __aeabi_i2f                              0x08006769   Thumb Code     0  fflt_clz.o(x$fpl$fflt)
    _fflt                                    0x08006769   Thumb Code    48  fflt_clz.o(x$fpl$fflt)
    __aeabi_fmul                             0x08006799   Thumb Code     0  fmul.o(x$fpl$fmul)
    _fmul                                    0x08006799   Thumb Code   258  fmul.o(x$fpl$fmul)
    __fpl_fnaninf                            0x0800689b   Thumb Code   140  fnaninf.o(x$fpl$fnaninf)
    __fpl_fretinf                            0x08006927   Thumb Code    10  fretinf.o(x$fpl$fretinf)
    __aeabi_fsub                             0x08006931   Thumb Code     0  faddsub_clz.o(x$fpl$fsub)
    _fsub                                    0x08006931   Thumb Code   234  faddsub_clz.o(x$fpl$fsub)
    _printf_fp_dec                           0x08006a1b   Thumb Code     4  printf1.o(x$fpl$printf1)
    __fpl_return_NaN                         0x08006a1f   Thumb Code   100  retnan.o(x$fpl$retnan)
    __ARM_scalbn                             0x08006a83   Thumb Code    92  scalbn.o(x$fpl$scalbn)
    __ARM_scalbnf                            0x08006adf   Thumb Code    76  scalbnf.o(x$fpl$scalbnf)
    __fpl_cmpreturn                          0x08006b2b   Thumb Code    48  trapv.o(x$fpl$trapveneer)
    AHBPrescTable                            0x08006b5a   Data          16  system_stm32f1xx.o(.constdata)
    __I$use$fp                               0x08006b5a   Number         0  usenofp.o(x$fpl$usenofp)
    APBPrescTable                            0x08006b6a   Data           8  system_stm32f1xx.o(.constdata)
    F6x8                                     0x08006b72   Data         552  oled.o(.constdata)
    F8X16                                    0x08006d9a   Data        1520  oled.o(.constdata)
    Region$$Table$$Base                      0x08007420   Number         0  anon$$obj.o(Region$$Table)
    Region$$Table$$Limit                     0x08007440   Number         0  anon$$obj.o(Region$$Table)
    Do_count                                 0x20000000   Data           1  main.o(.data)
    Do2_count                                0x20000001   Data           1  main.o(.data)
    showOLEDTime                             0x20000002   Data           2  main.o(.data)
    SendTime                                 0x20000004   Data           2  main.o(.data)
    g_ucMainEventCount                       0x20000006   Data           1  stm32f1xx_it.o(.data)
    dr                                       0x20000008   Data           1  stm32f1xx_it.o(.data)
    sr_status                                0x20000009   Data           1  stm32f1xx_it.o(.data)
    uwTickFreq                               0x2000000c   Data           1  stm32f1xx_hal.o(.data)
    uwTickPrio                               0x20000010   Data           4  stm32f1xx_hal.o(.data)
    uwTick                                   0x20000014   Data           4  stm32f1xx_hal.o(.data)
    SystemCoreClock                          0x20000018   Data           4  system_stm32f1xx.o(.data)
    Load_flag                                0x2000001c   Data           1  bsp_graysensor.o(.data)
    L2_Val                                   0x2000001d   Data           1  bsp_graysensor.o(.data)
    L1_Val                                   0x2000001e   Data           1  bsp_graysensor.o(.data)
    M_Val                                    0x2000001f   Data           1  bsp_graysensor.o(.data)
    R1_Val                                   0x20000020   Data           1  bsp_graysensor.o(.data)
    R2_Val                                   0x20000021   Data           1  bsp_graysensor.o(.data)
    LoadCount                                0x20000022   Data           1  bsp_graysensor.o(.data)
    NotLoadCount                             0x20000023   Data           1  bsp_graysensor.o(.data)
    ADC_Value                                0x20000024   Data           2  bsp_graysensor.o(.data)
    Line_Num                                 0x20000028   Data           4  bsp_graysensor.o(.data)
    ADC_Volt                                 0x2000002c   Data           4  bsp_graysensor.o(.data)
    Menu_Item                                0x20000030   Data           1  menu.o(.data)
    g_nButton                                0x20000034   Data           1  bsp_key.o(.data)
    iButtonCount                             0x20000038   Data           4  bsp_key.o(.data)
    iButtonFlag                              0x2000003c   Data           4  bsp_key.o(.data)
    g_nMotorPulse                            0x20000040   Data           2  encoder.o(.data)
    g_nMotor2Pulse                           0x20000042   Data           2  encoder.o(.data)
    g_lMotorPulseSigma                       0x20000044   Data           4  encoder.o(.data)
    g_lMotor2PulseSigma                      0x20000048   Data           4  encoder.o(.data)
    BMP3                                     0x2000004c   Data        1024  oled.o(.data)
    Num                                      0x2000044c   Data           1  openmv.o(.data)
    LoR                                      0x2000044d   Data           1  openmv.o(.data)
    Finded_flag                              0x2000044e   Data           1  openmv.o(.data)
    FindTask                                 0x2000044f   Data           1  openmv.o(.data)
    NumCount                                 0x20000450   Data           1  openmv.o(.data)
    TASK                                     0x20000451   Data           1  openmv.o(.data)
    TargetRoom                               0x20000452   Data           1  openmv.o(.data)
    LastNum                                  0x20000456   Data           1  openmv.o(.data)
    RoomNum                                  0x20000457   Data           1  openmv.o(.data)
    TargetNum                                0x20000458   Data           1  openmv.o(.data)
    GetOpenmvDataCount                       0x2000045c   Data           4  openmv.o(.data)
    sendBuf                                  0x20000460   Data           4  openmv.o(.data)
    uart3_rxbuff                             0x20000464   Data           1  openmv.o(.data)
    FindStartFlag                            0x20000465   Data           1  openmv.o(.data)
    FindTimeCount                            0x20000466   Data           2  openmv.o(.data)
    OneTargetRoom                            0x2000046a   Data           1  bsp_bluetooth.o(.data)
    OneLoadFlag                              0x2000046b   Data           1  bsp_bluetooth.o(.data)
    uart2_rxbuff                             0x2000046c   Data           1  bsp_bluetooth.o(.data)
    set_point                                0x20000470   Data           4  fire_protocol.o(.data)
    location_control_count                   0x20000478   Data           1  control.o(.data)
    is_motor_en                              0x2000047b   Data           1  control.o(.data)
    is_motor2_en                             0x2000047c   Data           1  control.o(.data)
    Line_flag                                0x2000047d   Data           1  control.o(.data)
    Spin_start_flag                          0x2000047e   Data           1  control.o(.data)
    Spin_succeed_flag                        0x2000047f   Data           1  control.o(.data)
    Stop_Flag                                0x20000480   Data           1  control.o(.data)
    MotorPWM                                 0x20000488   Data           4  control.o(.data)
    Motor2PWM                                0x2000048c   Data           4  control.o(.data)
    g_fTargetJourney                         0x20000490   Data           4  control.o(.data)
    speed_Outval                             0x20000494   Data           4  control.o(.data)
    location_Outval                          0x20000498   Data           4  control.o(.data)
    speed2_Outval                            0x2000049c   Data           4  control.o(.data)
    location2_Outval                         0x200004a0   Data           4  control.o(.data)
    Motor_journey_cm                         0x200004a4   Data           4  control.o(.data)
    Motor2_journey_cm                        0x200004a8   Data           4  control.o(.data)
    WaitTimeCount                            0x200004ac   Data           2  control.o(.data)
    WaitFlag                                 0x200004ae   Data           1  control.o(.data)
    hadc1                                    0x200004b0   Data          48  adc.o(.bss)
    htim2                                    0x200004e0   Data          72  tim.o(.bss)
    htim3                                    0x20000528   Data          72  tim.o(.bss)
    htim4                                    0x20000570   Data          72  tim.o(.bss)
    htim6                                    0x200005b8   Data          72  tim.o(.bss)
    htim7                                    0x20000600   Data          72  tim.o(.bss)
    htim8                                    0x20000648   Data          72  tim.o(.bss)
    huart1                                   0x20000690   Data          68  usart.o(.bss)
    huart2                                   0x200006d4   Data          68  usart.o(.bss)
    huart3                                   0x20000718   Data          68  usart.o(.bss)
    str_buff1                                0x2000075c   Data          64  menu.o(.bss)
    str_buff2                                0x2000079c   Data          64  menu.o(.bss)
    str_buff3                                0x200007dc   Data          64  menu.o(.bss)
    str_buff4                                0x2000081c   Data          64  menu.o(.bss)
    str_buff5                                0x2000085c   Data          64  menu.o(.bss)
    str_buff6                                0x2000089c   Data          64  menu.o(.bss)
    pid_speed                                0x200008f0   Data          32  bsp_pid.o(.bss)
    pid_speed2                               0x20000910   Data          32  bsp_pid.o(.bss)
    pid_location                             0x20000930   Data          32  bsp_pid.o(.bss)
    pid_location2                            0x20000950   Data          32  bsp_pid.o(.bss)
    BlueRxBuffer                             0x20000970   Data          14  bsp_bluetooth.o(.bss)
    __libspace_start                         0x20000a18   Data          96  libspace.o(.bss)
    __temporary_stack_top$libspace           0x20000a78   Data           0  libspace.o(.bss)



==============================================================================

Memory Map of the image

  Image Entry point : 0x08000131

  Load Region LR_IROM1 (Base: 0x08000000, Size: 0x0000790c, Max: 0x00040000, ABSOLUTE, COMPRESSED[0x0000754c])

    Execution Region ER_IROM1 (Base: 0x08000000, Size: 0x0000745c, Max: 0x00040000, ABSOLUTE)

    Base Addr    Size         Type   Attr      Idx    E Section Name        Object

    0x08000000   0x00000130   Data   RO            3    RESET               startup_stm32f103xe.o
    0x08000130   0x00000008   Code   RO         4051  * !!!main             c_w.l(__main.o)
    0x08000138   0x00000034   Code   RO         4329    !!!scatter          c_w.l(__scatter.o)
    0x0800016c   0x0000005a   Code   RO         4327    !!dczerorl2         c_w.l(__dczerorl2.o)
    0x080001c6   0x00000002   PAD
    0x080001c8   0x0000001c   Code   RO         4331    !!handler_zi        c_w.l(__scatter_zi.o)
    0x080001e4   0x00000000   Code   RO         4044    .ARM.Collect$$_printf_percent$$00000000  c_w.l(_printf_percent.o)
    0x080001e4   0x00000006   Code   RO         4043    .ARM.Collect$$_printf_percent$$00000003  c_w.l(_printf_f.o)
    0x080001ea   0x00000006   Code   RO         4042    .ARM.Collect$$_printf_percent$$00000009  c_w.l(_printf_d.o)
    0x080001f0   0x00000006   Code   RO         4041    .ARM.Collect$$_printf_percent$$00000013  c_w.l(_printf_c.o)
    0x080001f6   0x00000004   Code   RO         4108    .ARM.Collect$$_printf_percent$$00000017  c_w.l(_printf_percent_end.o)
    0x080001fa   0x00000002   Code   RO         4198    .ARM.Collect$$libinit$$00000000  c_w.l(libinit.o)
    0x080001fc   0x00000000   Code   RO         4200    .ARM.Collect$$libinit$$00000002  c_w.l(libinit2.o)
    0x080001fc   0x00000000   Code   RO         4202    .ARM.Collect$$libinit$$00000004  c_w.l(libinit2.o)
    0x080001fc   0x00000000   Code   RO         4205    .ARM.Collect$$libinit$$0000000A  c_w.l(libinit2.o)
    0x080001fc   0x00000000   Code   RO         4207    .ARM.Collect$$libinit$$0000000C  c_w.l(libinit2.o)
    0x080001fc   0x00000000   Code   RO         4209    .ARM.Collect$$libinit$$0000000E  c_w.l(libinit2.o)
    0x080001fc   0x00000006   Code   RO         4210    .ARM.Collect$$libinit$$0000000F  c_w.l(libinit2.o)
    0x08000202   0x00000000   Code   RO         4212    .ARM.Collect$$libinit$$00000011  c_w.l(libinit2.o)
    0x08000202   0x00000000   Code   RO         4214    .ARM.Collect$$libinit$$00000013  c_w.l(libinit2.o)
    0x08000202   0x00000000   Code   RO         4216    .ARM.Collect$$libinit$$00000015  c_w.l(libinit2.o)
    0x08000202   0x0000000a   Code   RO         4217    .ARM.Collect$$libinit$$00000016  c_w.l(libinit2.o)
    0x0800020c   0x00000000   Code   RO         4218    .ARM.Collect$$libinit$$00000017  c_w.l(libinit2.o)
    0x0800020c   0x00000000   Code   RO         4220    .ARM.Collect$$libinit$$00000019  c_w.l(libinit2.o)
    0x0800020c   0x00000000   Code   RO         4222    .ARM.Collect$$libinit$$0000001B  c_w.l(libinit2.o)
    0x0800020c   0x00000000   Code   RO         4224    .ARM.Collect$$libinit$$0000001D  c_w.l(libinit2.o)
    0x0800020c   0x00000000   Code   RO         4226    .ARM.Collect$$libinit$$0000001F  c_w.l(libinit2.o)
    0x0800020c   0x00000000   Code   RO         4228    .ARM.Collect$$libinit$$00000021  c_w.l(libinit2.o)
    0x0800020c   0x00000000   Code   RO         4230    .ARM.Collect$$libinit$$00000023  c_w.l(libinit2.o)
    0x0800020c   0x00000000   Code   RO         4232    .ARM.Collect$$libinit$$00000025  c_w.l(libinit2.o)
    0x0800020c   0x00000000   Code   RO         4236    .ARM.Collect$$libinit$$0000002C  c_w.l(libinit2.o)
    0x0800020c   0x00000000   Code   RO         4238    .ARM.Collect$$libinit$$0000002E  c_w.l(libinit2.o)
    0x0800020c   0x00000000   Code   RO         4240    .ARM.Collect$$libinit$$00000030  c_w.l(libinit2.o)
    0x0800020c   0x00000000   Code   RO         4242    .ARM.Collect$$libinit$$00000032  c_w.l(libinit2.o)
    0x0800020c   0x00000002   Code   RO         4243    .ARM.Collect$$libinit$$00000033  c_w.l(libinit2.o)
    0x0800020e   0x00000002   Code   RO         4275    .ARM.Collect$$libshutdown$$00000000  c_w.l(libshutdown.o)
    0x08000210   0x00000000   Code   RO         4286    .ARM.Collect$$libshutdown$$00000002  c_w.l(libshutdown2.o)
    0x08000210   0x00000000   Code   RO         4288    .ARM.Collect$$libshutdown$$00000004  c_w.l(libshutdown2.o)
    0x08000210   0x00000000   Code   RO         4291    .ARM.Collect$$libshutdown$$00000007  c_w.l(libshutdown2.o)
    0x08000210   0x00000000   Code   RO         4294    .ARM.Collect$$libshutdown$$0000000A  c_w.l(libshutdown2.o)
    0x08000210   0x00000000   Code   RO         4296    .ARM.Collect$$libshutdown$$0000000C  c_w.l(libshutdown2.o)
    0x08000210   0x00000000   Code   RO         4299    .ARM.Collect$$libshutdown$$0000000F  c_w.l(libshutdown2.o)
    0x08000210   0x00000002   Code   RO         4300    .ARM.Collect$$libshutdown$$00000010  c_w.l(libshutdown2.o)
    0x08000212   0x00000000   Code   RO         4097    .ARM.Collect$$rtentry$$00000000  c_w.l(__rtentry.o)
    0x08000212   0x00000000   Code   RO         4125    .ARM.Collect$$rtentry$$00000002  c_w.l(__rtentry2.o)
    0x08000212   0x00000006   Code   RO         4137    .ARM.Collect$$rtentry$$00000004  c_w.l(__rtentry4.o)
    0x08000218   0x00000000   Code   RO         4127    .ARM.Collect$$rtentry$$00000009  c_w.l(__rtentry2.o)
    0x08000218   0x00000004   Code   RO         4128    .ARM.Collect$$rtentry$$0000000A  c_w.l(__rtentry2.o)
    0x0800021c   0x00000000   Code   RO         4130    .ARM.Collect$$rtentry$$0000000C  c_w.l(__rtentry2.o)
    0x0800021c   0x00000008   Code   RO         4131    .ARM.Collect$$rtentry$$0000000D  c_w.l(__rtentry2.o)
    0x08000224   0x00000002   Code   RO         4246    .ARM.Collect$$rtexit$$00000000  c_w.l(rtexit.o)
    0x08000226   0x00000000   Code   RO         4253    .ARM.Collect$$rtexit$$00000002  c_w.l(rtexit2.o)
    0x08000226   0x00000004   Code   RO         4254    .ARM.Collect$$rtexit$$00000003  c_w.l(rtexit2.o)
    0x0800022a   0x00000006   Code   RO         4255    .ARM.Collect$$rtexit$$00000004  c_w.l(rtexit2.o)
    0x08000230   0x00000040   Code   RO            4    .text               startup_stm32f103xe.o
    0x08000270   0x00000028   Code   RO         4011    .text               c_w.l(noretval__2sprintf.o)
    0x08000298   0x0000004e   Code   RO         4015    .text               c_w.l(_printf_pad.o)
    0x080002e6   0x00000052   Code   RO         4017    .text               c_w.l(_printf_str.o)
    0x08000338   0x00000078   Code   RO         4019    .text               c_w.l(_printf_dec.o)
    0x080003b0   0x0000010e   Code   RO         4029    .text               c_w.l(__printf_wp.o)
    0x080004be   0x0000008a   Code   RO         4045    .text               c_w.l(rt_memcpy_v6.o)
    0x08000548   0x0000004e   Code   RO         4047    .text               c_w.l(rt_memclr_w.o)
    0x08000596   0x00000006   Code   RO         4049    .text               c_w.l(heapauxi.o)
    0x0800059c   0x000000b2   Code   RO         4098    .text               c_w.l(_printf_intcommon.o)
    0x0800064e   0x0000041e   Code   RO         4100    .text               c_w.l(_printf_fp_dec.o)
    0x08000a6c   0x00000030   Code   RO         4102    .text               c_w.l(_printf_char_common.o)
    0x08000a9c   0x0000000a   Code   RO         4104    .text               c_w.l(_sputc.o)
    0x08000aa6   0x0000002c   Code   RO         4106    .text               c_w.l(_printf_char.o)
    0x08000ad2   0x00000064   Code   RO         4109    .text               c_w.l(rt_memcpy_w.o)
    0x08000b36   0x00000002   PAD
    0x08000b38   0x00000008   Code   RO         4142    .text               c_w.l(rt_locale_intlibspace.o)
    0x08000b40   0x0000008a   Code   RO         4144    .text               c_w.l(lludiv10.o)
    0x08000bca   0x00000002   PAD
    0x08000bcc   0x00000080   Code   RO         4146    .text               c_w.l(_printf_fp_infnan.o)
    0x08000c4c   0x000000e4   Code   RO         4150    .text               c_w.l(bigflt0.o)
    0x08000d30   0x00000008   Code   RO         4184    .text               c_w.l(libspace.o)
    0x08000d38   0x0000004a   Code   RO         4187    .text               c_w.l(sys_stackheap_outer.o)
    0x08000d82   0x00000012   Code   RO         4189    .text               c_w.l(exit.o)
    0x08000d94   0x00000080   Code   RO         4191    .text               c_w.l(strcmpv7m.o)
    0x08000e14   0x0000000c   Code   RO         4265    .text               c_w.l(sys_exit.o)
    0x08000e20   0x00000002   Code   RO         4276    .text               c_w.l(use_no_semi.o)
    0x08000e22   0x00000000   Code   RO         4278    .text               c_w.l(indicate_semi.o)
    0x08000e22   0x0000003e   Code   RO         4153    CL$$btod_d2e        c_w.l(btod.o)
    0x08000e60   0x00000046   Code   RO         4155    CL$$btod_d2e_denorm_low  c_w.l(btod.o)
    0x08000ea6   0x00000060   Code   RO         4154    CL$$btod_d2e_norm_op1  c_w.l(btod.o)
    0x08000f06   0x00000338   Code   RO         4163    CL$$btod_div_common  c_w.l(btod.o)
    0x0800123e   0x000000dc   Code   RO         4160    CL$$btod_e2e        c_w.l(btod.o)
    0x0800131a   0x0000002a   Code   RO         4157    CL$$btod_ediv       c_w.l(btod.o)
    0x08001344   0x0000002a   Code   RO         4156    CL$$btod_emul       c_w.l(btod.o)
    0x0800136e   0x00000244   Code   RO         4162    CL$$btod_mult_common  c_w.l(btod.o)
    0x080015b2   0x00000002   PAD
    0x080015b4   0x00000056   Code   RO          644    i.ADC_ConversionStop_Disable  stm32f1xx_hal_adc.o
    0x0800160a   0x00000002   PAD
    0x0800160c   0x0000007c   Code   RO          648    i.ADC_Enable        stm32f1xx_hal_adc.o
    0x08001688   0x0000009c   Code   RO         3697    i.BlueTooth_Receive_Data  bsp_bluetooth.o
    0x08001724   0x00000002   Code   RO          441    i.BusFault_Handler  stm32f1xx_it.o
    0x08001726   0x00000002   PAD
    0x08001728   0x00000070   Code   RO         3351    i.ButtonScan        bsp_key.o
    0x08001798   0x0000007c   Code   RO         3836    i.Car_go            control.o
    0x08001814   0x00000002   Code   RO          442    i.DebugMon_Handler  stm32f1xx_it.o
    0x08001816   0x00000006   Code   RO          443    i.EXTI0_IRQHandler  stm32f1xx_it.o
    0x0800181c   0x00000004   Code   RO           13    i.Error_Handler     main.o
    0x08001820   0x0000003c   Code   RO         3400    i.GetMotorPulse     encoder.o
    0x0800185c   0x00000078   Code   RO         3263    i.Get_Light_TTL     bsp_graysensor.o
    0x080018d4   0x000000fc   Code   RO          650    i.HAL_ADC_ConfigChannel  stm32f1xx_hal_adc.o
    0x080019d0   0x00000006   Code   RO          657    i.HAL_ADC_GetValue  stm32f1xx_hal_adc.o
    0x080019d6   0x00000002   PAD
    0x080019d8   0x00000120   Code   RO          659    i.HAL_ADC_Init      stm32f1xx_hal_adc.o
    0x08001af8   0x00000058   Code   RO          244    i.HAL_ADC_MspInit   adc.o
    0x08001b50   0x0000013c   Code   RO          663    i.HAL_ADC_PollForConversion  stm32f1xx_hal_adc.o
    0x08001c8c   0x000000c0   Code   RO          665    i.HAL_ADC_Start     stm32f1xx_hal_adc.o
    0x08001d4c   0x00000046   Code   RO         1299    i.HAL_DMA_Abort     stm32f1xx_hal_dma.o
    0x08001d92   0x00000002   PAD
    0x08001d94   0x00000130   Code   RO         1300    i.HAL_DMA_Abort_IT  stm32f1xx_hal_dma.o
    0x08001ec4   0x00000048   Code   RO          444    i.HAL_GPIO_EXTI_Callback  stm32f1xx_it.o
    0x08001f0c   0x00000018   Code   RO         1234    i.HAL_GPIO_EXTI_IRQHandler  stm32f1xx_hal_gpio.o
    0x08001f24   0x000001f8   Code   RO         1235    i.HAL_GPIO_Init     stm32f1xx_hal_gpio.o
    0x0800211c   0x0000000a   Code   RO         1237    i.HAL_GPIO_ReadPin  stm32f1xx_hal_gpio.o
    0x08002126   0x00000010   Code   RO         1238    i.HAL_GPIO_TogglePin  stm32f1xx_hal_gpio.o
    0x08002136   0x0000000a   Code   RO         1239    i.HAL_GPIO_WritePin  stm32f1xx_hal_gpio.o
    0x08002140   0x0000000c   Code   RO          931    i.HAL_GetTick       stm32f1xx_hal.o
    0x0800214c   0x00000010   Code   RO          937    i.HAL_IncTick       stm32f1xx_hal.o
    0x0800215c   0x00000024   Code   RO          938    i.HAL_Init          stm32f1xx_hal.o
    0x08002180   0x00000040   Code   RO          939    i.HAL_InitTick      stm32f1xx_hal.o
    0x080021c0   0x00000044   Code   RO          584    i.HAL_MspInit       stm32f1xx_hal_msp.o
    0x08002204   0x0000001a   Code   RO         1395    i.HAL_NVIC_EnableIRQ  stm32f1xx_hal_cortex.o
    0x0800221e   0x00000002   PAD
    0x08002220   0x00000040   Code   RO         1401    i.HAL_NVIC_SetPriority  stm32f1xx_hal_cortex.o
    0x08002260   0x00000024   Code   RO         1402    i.HAL_NVIC_SetPriorityGrouping  stm32f1xx_hal_cortex.o
    0x08002284   0x00000024   Code   RO         1403    i.HAL_NVIC_SystemReset  stm32f1xx_hal_cortex.o
    0x080022a8   0x000000d4   Code   RO         1197    i.HAL_RCCEx_GetPeriphCLKFreq  stm32f1xx_hal_rcc_ex.o
    0x0800237c   0x000000ec   Code   RO         1198    i.HAL_RCCEx_PeriphCLKConfig  stm32f1xx_hal_rcc_ex.o
    0x08002468   0x0000012c   Code   RO         1095    i.HAL_RCC_ClockConfig  stm32f1xx_hal_rcc.o
    0x08002594   0x00000020   Code   RO         1102    i.HAL_RCC_GetPCLK1Freq  stm32f1xx_hal_rcc.o
    0x080025b4   0x00000020   Code   RO         1103    i.HAL_RCC_GetPCLK2Freq  stm32f1xx_hal_rcc.o
    0x080025d4   0x0000006c   Code   RO         1104    i.HAL_RCC_GetSysClockFreq  stm32f1xx_hal_rcc.o
    0x08002640   0x00000320   Code   RO         1107    i.HAL_RCC_OscConfig  stm32f1xx_hal_rcc.o
    0x08002960   0x00000018   Code   RO         1404    i.HAL_SYSTICK_CLKSourceConfig  stm32f1xx_hal_cortex.o
    0x08002978   0x00000002   Code   RO         1405    i.HAL_SYSTICK_Callback  stm32f1xx_hal_cortex.o
    0x0800297a   0x00000028   Code   RO         1406    i.HAL_SYSTICK_Config  stm32f1xx_hal_cortex.o
    0x080029a2   0x00000008   Code   RO         1407    i.HAL_SYSTICK_IRQHandler  stm32f1xx_hal_cortex.o
    0x080029aa   0x00000002   Code   RO         2601    i.HAL_TIMEx_BreakCallback  stm32f1xx_hal_tim_ex.o
    0x080029ac   0x00000002   Code   RO         2602    i.HAL_TIMEx_CommutCallback  stm32f1xx_hal_tim_ex.o
    0x080029ae   0x00000002   PAD
    0x080029b0   0x0000007c   Code   RO         2620    i.HAL_TIMEx_MasterConfigSynchronization  stm32f1xx_hal_tim_ex.o
    0x08002a2c   0x0000005a   Code   RO         1897    i.HAL_TIM_Base_Init  stm32f1xx_hal_tim.o
    0x08002a86   0x00000002   PAD
    0x08002a88   0x00000064   Code   RO          286    i.HAL_TIM_Base_MspInit  tim.o
    0x08002aec   0x0000006c   Code   RO         1902    i.HAL_TIM_Base_Start_IT  stm32f1xx_hal_tim.o
    0x08002b58   0x000000a4   Code   RO         1918    i.HAL_TIM_Encoder_Init  stm32f1xx_hal_tim.o
    0x08002bfc   0x0000008c   Code   RO          288    i.HAL_TIM_Encoder_MspInit  tim.o
    0x08002c88   0x0000008e   Code   RO         1921    i.HAL_TIM_Encoder_Start  stm32f1xx_hal_tim.o
    0x08002d16   0x00000002   Code   RO         1931    i.HAL_TIM_IC_CaptureCallback  stm32f1xx_hal_tim.o
    0x08002d18   0x00000166   Code   RO         1945    i.HAL_TIM_IRQHandler  stm32f1xx_hal_tim.o
    0x08002e7e   0x00000002   PAD
    0x08002e80   0x0000008c   Code   RO          289    i.HAL_TIM_MspPostInit  tim.o
    0x08002f0c   0x00000002   Code   RO         1948    i.HAL_TIM_OC_DelayElapsedCallback  stm32f1xx_hal_tim.o
    0x08002f0e   0x000000c6   Code   RO         1969    i.HAL_TIM_PWM_ConfigChannel  stm32f1xx_hal_tim.o
    0x08002fd4   0x0000005a   Code   RO         1972    i.HAL_TIM_PWM_Init  stm32f1xx_hal_tim.o
    0x0800302e   0x00000002   PAD
    0x08003030   0x0000003c   Code   RO          291    i.HAL_TIM_PWM_MspInit  tim.o
    0x0800306c   0x00000002   Code   RO         1975    i.HAL_TIM_PWM_PulseFinishedCallback  stm32f1xx_hal_tim.o
    0x0800306e   0x00000002   PAD
    0x08003070   0x000000b4   Code   RO         1977    i.HAL_TIM_PWM_Start  stm32f1xx_hal_tim.o
    0x08003124   0x000000b8   Code   RO         3837    i.HAL_TIM_PeriodElapsedCallback  control.o
    0x080031dc   0x00000002   Code   RO         1988    i.HAL_TIM_TriggerCallback  stm32f1xx_hal_tim.o
    0x080031de   0x00000002   Code   RO         2879    i.HAL_UARTEx_RxEventCallback  stm32f1xx_hal_uart.o
    0x080031e0   0x00000002   Code   RO         2893    i.HAL_UART_ErrorCallback  stm32f1xx_hal_uart.o
    0x080031e2   0x00000002   PAD
    0x080031e4   0x0000020c   Code   RO         2896    i.HAL_UART_IRQHandler  stm32f1xx_hal_uart.o
    0x080033f0   0x00000062   Code   RO         2897    i.HAL_UART_Init     stm32f1xx_hal_uart.o
    0x08003452   0x00000002   PAD
    0x08003454   0x00000148   Code   RO          388    i.HAL_UART_MspInit  usart.o
    0x0800359c   0x0000002a   Code   RO         2902    i.HAL_UART_Receive_IT  stm32f1xx_hal_uart.o
    0x080035c6   0x00000002   PAD
    0x080035c8   0x00000050   Code   RO          445    i.HAL_UART_RxCpltCallback  stm32f1xx_it.o
    0x08003618   0x000000b2   Code   RO         2905    i.HAL_UART_Transmit  stm32f1xx_hal_uart.o
    0x080036ca   0x00000002   Code   RO         2908    i.HAL_UART_TxCpltCallback  stm32f1xx_hal_uart.o
    0x080036cc   0x00000002   Code   RO          446    i.HardFault_Handler  stm32f1xx_it.o
    0x080036ce   0x00000002   PAD
    0x080036d0   0x0000003c   Code   RO         3430    i.IIC_Start         oled.o
    0x0800370c   0x00000030   Code   RO         3431    i.IIC_Stop          oled.o
    0x0800373c   0x00000020   Code   RO         3432    i.IIC_Wait_Ack      oled.o
    0x0800375c   0x0000003c   Code   RO         3353    i.KEY_GPIO_Init     bsp_key.o
    0x08003798   0x00000038   Code   RO         3354    i.KEY_Scan          bsp_key.o
    0x080037d0   0x0000009c   Code   RO         3984    i.LED_Init          bsp_led.o
    0x0800386c   0x00000060   Code   RO         3264    i.Light_GoStraight_control  bsp_graysensor.o
    0x080038cc   0x00000080   Code   RO         3265    i.LoadOrNot         bsp_graysensor.o
    0x0800394c   0x00000058   Code   RO         3838    i.Location_Speed_control  control.o
    0x080039a4   0x000000d4   Code   RO         3309    i.MENU_Item_KEY     menu.o
    0x08003a78   0x0000004c   Code   RO          245    i.MX_ADC1_Init      adc.o
    0x08003ac4   0x000000e4   Code   RO          219    i.MX_GPIO_Init      gpio.o
    0x08003ba8   0x00000080   Code   RO          292    i.MX_TIM2_Init      tim.o
    0x08003c28   0x0000006c   Code   RO          293    i.MX_TIM3_Init      tim.o
    0x08003c94   0x00000084   Code   RO          294    i.MX_TIM4_Init      tim.o
    0x08003d18   0x00000048   Code   RO          295    i.MX_TIM6_Init      tim.o
    0x08003d60   0x00000044   Code   RO          296    i.MX_TIM7_Init      tim.o
    0x08003da4   0x00000070   Code   RO          297    i.MX_TIM8_Init      tim.o
    0x08003e14   0x00000038   Code   RO          389    i.MX_USART1_UART_Init  usart.o
    0x08003e4c   0x00000038   Code   RO          390    i.MX_USART2_UART_Init  usart.o
    0x08003e84   0x00000038   Code   RO          391    i.MX_USART3_UART_Init  usart.o
    0x08003ebc   0x00000002   Code   RO          447    i.MemManage_Handler  stm32f1xx_it.o
    0x08003ebe   0x00000044   Code   RO         3839    i.MotorOutput       control.o
    0x08003f02   0x00000002   Code   RO          448    i.NMI_Handler       stm32f1xx_it.o
    0x08003f04   0x0000003a   Code   RO         3433    i.OLED_Clear        oled.o
    0x08003f3e   0x00000002   PAD
    0x08003f40   0x0000083c   Code   RO         3310    i.OLED_Display      menu.o
    0x0800477c   0x00000040   Code   RO         3436    i.OLED_DrawBMP      oled.o
    0x080047bc   0x00000058   Code   RO         3437    i.OLED_GPIO_Init    oled.o
    0x08004814   0x000000e2   Code   RO         3438    i.OLED_Init         oled.o
    0x080048f6   0x0000002a   Code   RO         3440    i.OLED_Set_Pos      oled.o
    0x08004920   0x00000088   Code   RO         3443    i.OLED_ShowChar     oled.o
    0x080049a8   0x00000036   Code   RO         3445    i.OLED_ShowString   oled.o
    0x080049de   0x0000000c   Code   RO         3446    i.OLED_WR_Byte      oled.o
    0x080049ea   0x00000002   PAD
    0x080049ec   0x000000b8   Code   RO         3590    i.Openmv_Receive_Data  openmv.o
    0x08004aa4   0x00000064   Code   RO         3637    i.PID_param_init    bsp_pid.o
    0x08004b08   0x00000002   Code   RO          449    i.PendSV_Handler    stm32f1xx_it.o
    0x08004b0a   0x00000002   Code   RO          450    i.SVC_Handler       stm32f1xx_it.o
    0x08004b0c   0x00000040   Code   RO         3591    i.SendDataToOpenmv  openmv.o
    0x08004b4c   0x00000074   Code   RO         3592    i.SetTargetRoom     openmv.o
    0x08004bc0   0x0000007c   Code   RO          451    i.SysTick_Handler   stm32f1xx_it.o
    0x08004c3c   0x0000007a   Code   RO           14    i.SystemClock_Config  main.o
    0x08004cb6   0x00000002   Code   RO         3226    i.SystemInit        system_stm32f1xx.o
    0x08004cb8   0x0000000c   Code   RO          452    i.TIM6_IRQHandler   stm32f1xx_it.o
    0x08004cc4   0x0000000c   Code   RO          453    i.TIM7_IRQHandler   stm32f1xx_it.o
    0x08004cd0   0x0000008c   Code   RO         1990    i.TIM_Base_SetConfig  stm32f1xx_hal_tim.o
    0x08004d5c   0x0000001a   Code   RO         1991    i.TIM_CCxChannelCmd  stm32f1xx_hal_tim.o
    0x08004d76   0x00000002   PAD
    0x08004d78   0x00000060   Code   RO         2003    i.TIM_OC1_SetConfig  stm32f1xx_hal_tim.o
    0x08004dd8   0x0000006c   Code   RO         2004    i.TIM_OC2_SetConfig  stm32f1xx_hal_tim.o
    0x08004e44   0x00000068   Code   RO         2005    i.TIM_OC3_SetConfig  stm32f1xx_hal_tim.o
    0x08004eac   0x00000050   Code   RO         2006    i.TIM_OC4_SetConfig  stm32f1xx_hal_tim.o
    0x08004efc   0x00000010   Code   RO         2910    i.UART_DMAAbortOnError  stm32f1xx_hal_uart.o
    0x08004f0c   0x00000030   Code   RO         2920    i.UART_EndRxTransfer  stm32f1xx_hal_uart.o
    0x08004f3c   0x000000b6   Code   RO         2922    i.UART_Receive_IT   stm32f1xx_hal_uart.o
    0x08004ff2   0x00000002   PAD
    0x08004ff4   0x000000b8   Code   RO         2923    i.UART_SetConfig    stm32f1xx_hal_uart.o
    0x080050ac   0x00000036   Code   RO         2925    i.UART_Start_Receive_IT  stm32f1xx_hal_uart.o
    0x080050e2   0x00000064   Code   RO         2926    i.UART_WaitOnFlagUntilTimeout  stm32f1xx_hal_uart.o
    0x08005146   0x00000002   PAD
    0x08005148   0x00000030   Code   RO          454    i.USART1_IRQHandler  stm32f1xx_it.o
    0x08005178   0x0000000c   Code   RO          455    i.USART2_IRQHandler  stm32f1xx_it.o
    0x08005184   0x0000000c   Code   RO          456    i.USART3_IRQHandler  stm32f1xx_it.o
    0x08005190   0x00000002   Code   RO          457    i.UsageFault_Handler  stm32f1xx_it.o
    0x08005192   0x00000002   PAD
    0x08005194   0x0000005c   Code   RO         3447    i.Write_IIC_Byte    oled.o
    0x080051f0   0x0000002e   Code   RO         3448    i.Write_IIC_Command  oled.o
    0x0800521e   0x0000002e   Code   RO         3449    i.Write_IIC_Data    oled.o
    0x0800524c   0x00000028   Code   RO         4182    i.__ARM_fpclassify  m_ws.l(fpclassify.o)
    0x08005274   0x00000020   Code   RO         1408    i.__NVIC_SetPriority  stm32f1xx_hal_cortex.o
    0x08005294   0x0000000e   Code   RO         4031    i._is_digit         c_w.l(__printf_wp.o)
    0x080052a2   0x00000002   PAD
    0x080052a4   0x00000014   Code   RO         3733    i.check_sum         fire_protocol.o
    0x080052b8   0x00000014   Code   RO         3798    i.delay_init        bsp_delay.o
    0x080052cc   0x0000001a   Code   RO         3799    i.delay_ms          bsp_delay.o
    0x080052e6   0x00000002   PAD
    0x080052e8   0x00000034   Code   RO         3800    i.delay_us          bsp_delay.o
    0x0800531c   0x00000034   Code   RO         3840    i.location2_pid_control  control.o
    0x08005350   0x00000048   Code   RO         3841    i.location_pid_control  control.o
    0x08005398   0x00000052   Code   RO         3639    i.location_pid_realize  bsp_pid.o
    0x080053ea   0x00000002   PAD
    0x080053ec   0x00000614   Code   RO           15    i.main              main.o
    0x08005a00   0x00000058   Code   RO         3734    i.protocol_data_recv  fire_protocol.o
    0x08005a58   0x000001b8   Code   RO         3735    i.protocol_frame_parse  fire_protocol.o
    0x08005c10   0x00000018   Code   RO         3736    i.protocol_init     fire_protocol.o
    0x08005c28   0x00000090   Code   RO         3737    i.receiving_process  fire_protocol.o
    0x08005cb8   0x0000001a   Code   RO         3738    i.recvbuf_get_len_to_parse  fire_protocol.o
    0x08005cd2   0x00000002   PAD
    0x08005cd4   0x00000074   Code   RO         3739    i.set_computer_value  fire_protocol.o
    0x08005d48   0x0000002c   Code   RO         3842    i.set_motor2_direction  control.o
    0x08005d74   0x00000024   Code   RO         3844    i.set_motor2_enable  control.o
    0x08005d98   0x0000001c   Code   RO         3845    i.set_motor2_speed  control.o
    0x08005db4   0x0000002c   Code   RO         3846    i.set_motor_direction  control.o
    0x08005de0   0x00000024   Code   RO         3848    i.set_motor_enable  control.o
    0x08005e04   0x0000001c   Code   RO         3849    i.set_motor_speed   control.o
    0x08005e20   0x00000008   Code   RO         3640    i.set_p_i_d         bsp_pid.o
    0x08005e28   0x00000004   Code   RO         3641    i.set_pid_target    bsp_pid.o
    0x08005e2c   0x0000004c   Code   RO         3850    i.speed2_pid_control  control.o
    0x08005e78   0x0000004c   Code   RO         3851    i.speed_pid_control  control.o
    0x08005ec4   0x00000078   Code   RO         3642    i.speed_pid_realize  bsp_pid.o
    0x08005f3c   0x000000cc   Code   RO         3852    i.spin_Turn         control.o
    0x08006008   0x0000002c   Code   RO         4176    locale$$code        c_w.l(lc_numeric_c.o)
    0x08006034   0x00000062   Code   RO         4053    x$fpl$d2f           fz_ws.l(d2f.o)
    0x08006096   0x00000002   PAD
    0x08006098   0x00000010   Code   RO         4111    x$fpl$dcheck1       fz_ws.l(dcheck1.o)
    0x080060a8   0x000002b0   Code   RO         4056    x$fpl$ddiv          fz_ws.l(ddiv.o)
    0x08006358   0x0000005e   Code   RO         4059    x$fpl$dfix          fz_ws.l(dfix.o)
    0x080063b6   0x0000002e   Code   RO         4064    x$fpl$dflt          fz_ws.l(dflt_clz.o)
    0x080063e4   0x00000026   Code   RO         4063    x$fpl$dfltu         fz_ws.l(dflt_clz.o)
    0x0800640a   0x00000002   PAD
    0x0800640c   0x00000154   Code   RO         4069    x$fpl$dmul          fz_ws.l(dmul.o)
    0x08006560   0x0000009c   Code   RO         4113    x$fpl$dnaninf       fz_ws.l(dnaninf.o)
    0x080065fc   0x0000000c   Code   RO         4115    x$fpl$dretinf       fz_ws.l(dretinf.o)
    0x08006608   0x00000056   Code   RO         4071    x$fpl$f2d           fz_ws.l(f2d.o)
    0x0800665e   0x00000002   PAD
    0x08006660   0x000000c4   Code   RO         4073    x$fpl$fadd          fz_ws.l(faddsub_clz.o)
    0x08006724   0x0000000c   Code   RO         4117    x$fpl$fcheck1       fz_ws.l(fcheck1.o)
    0x08006730   0x00000036   Code   RO         4079    x$fpl$ffix          fz_ws.l(ffix.o)
    0x08006766   0x00000002   PAD
    0x08006768   0x00000030   Code   RO         4084    x$fpl$fflt          fz_ws.l(fflt_clz.o)
    0x08006798   0x00000102   Code   RO         4089    x$fpl$fmul          fz_ws.l(fmul.o)
    0x0800689a   0x0000008c   Code   RO         4119    x$fpl$fnaninf       fz_ws.l(fnaninf.o)
    0x08006926   0x0000000a   Code   RO         4121    x$fpl$fretinf       fz_ws.l(fretinf.o)
    0x08006930   0x000000ea   Code   RO         4075    x$fpl$fsub          fz_ws.l(faddsub_clz.o)
    0x08006a1a   0x00000004   Code   RO         4091    x$fpl$printf1       fz_ws.l(printf1.o)
    0x08006a1e   0x00000064   Code   RO         4180    x$fpl$retnan        fz_ws.l(retnan.o)
    0x08006a82   0x0000005c   Code   RO         4093    x$fpl$scalbn        fz_ws.l(scalbn.o)
    0x08006ade   0x0000004c   Code   RO         4095    x$fpl$scalbnf       fz_ws.l(scalbnf.o)
    0x08006b2a   0x00000030   Code   RO         4244    x$fpl$trapveneer    fz_ws.l(trapv.o)
    0x08006b5a   0x00000000   Code   RO         4123    x$fpl$usenofp       fz_ws.l(usenofp.o)
    0x08006b5a   0x00000010   Data   RO         3227    .constdata          system_stm32f1xx.o
    0x08006b6a   0x00000008   Data   RO         3228    .constdata          system_stm32f1xx.o
    0x08006b72   0x00000818   Data   RO         3452    .constdata          oled.o
    0x0800738a   0x00000002   PAD
    0x0800738c   0x00000094   Data   RO         4151    .constdata          c_w.l(bigflt0.o)
    0x08007420   0x00000020   Data   RO         4325    Region$$Table       anon$$obj.o
    0x08007440   0x0000001c   Data   RO         4175    locale$$data        c_w.l(lc_numeric_c.o)


    Execution Region RW_IRAM1 (Base: 0x20000000, Size: 0x00001078, Max: 0x0000c000, ABSOLUTE, COMPRESSED[0x000000f0])

    Base Addr    Size         Type   Attr      Idx    E Section Name        Object

    0x20000000   0x00000006   Data   RW           16    .data               main.o
    0x20000006   0x00000004   Data   RW          458    .data               stm32f1xx_it.o
    0x2000000a   0x00000002   PAD
    0x2000000c   0x0000000c   Data   RW          945    .data               stm32f1xx_hal.o
    0x20000018   0x00000004   Data   RW         3229    .data               system_stm32f1xx.o
    0x2000001c   0x00000014   Data   RW         3266    .data               bsp_graysensor.o
    0x20000030   0x00000001   Data   RW         3312    .data               menu.o
    0x20000031   0x00000003   PAD
    0x20000034   0x0000000c   Data   RW         3356    .data               bsp_key.o
    0x20000040   0x0000000c   Data   RW         3401    .data               encoder.o
    0x2000004c   0x00000400   Data   RW         3456    .data               oled.o
    0x2000044c   0x00000018   Data   RW         3594    .data               openmv.o
    0x20000464   0x00000001   Data   RW         3595    .data               openmv.o
    0x20000465   0x00000001   Data   RW         3596    .data               openmv.o
    0x20000466   0x00000002   Data   RW         3597    .data               openmv.o
    0x20000468   0x00000004   Data   RW         3699    .data               bsp_bluetooth.o
    0x2000046c   0x00000001   Data   RW         3700    .data               bsp_bluetooth.o
    0x2000046d   0x00000003   PAD
    0x20000470   0x00000004   Data   RW         3741    .data               fire_protocol.o
    0x20000474   0x00000004   Data   RW         3801    .data               bsp_delay.o
    0x20000478   0x00000034   Data   RW         3853    .data               control.o
    0x200004ac   0x00000002   Data   RW         3859    .data               control.o
    0x200004ae   0x00000001   Data   RW         3860    .data               control.o
    0x200004af   0x00000001   PAD
    0x200004b0   0x00000030   Zero   RW          246    .bss                adc.o
    0x200004e0   0x000001b0   Zero   RW          298    .bss                tim.o
    0x20000690   0x000000cc   Zero   RW          392    .bss                usart.o
    0x2000075c   0x00000180   Zero   RW         3311    .bss                menu.o
    0x200008dc   0x00000014   Zero   RW         3593    .bss                openmv.o
    0x200008f0   0x00000080   Zero   RW         3643    .bss                bsp_pid.o
    0x20000970   0x0000000e   Zero   RW         3698    .bss                bsp_bluetooth.o
    0x2000097e   0x00000002   PAD
    0x20000980   0x00000098   Zero   RW         3740    .bss                fire_protocol.o
    0x20000a18   0x00000060   Zero   RW         4185    .bss                c_w.l(libspace.o)
    0x20000a78   0x00000200   Zero   RW            2    HEAP                startup_stm32f103xe.o
    0x20000c78   0x00000400   Zero   RW            1    STACK               startup_stm32f103xe.o


==============================================================================

Image component sizes


      Code (inc. data)   RO Data    RW Data    ZI Data      Debug   Object Name

       164         20          0          0         48       1729   adc.o
       156         10          0          5         14       1765   bsp_bluetooth.o
        98          8          0          4          0       1955   bsp_delay.o
       344         34          0         20          0       2368   bsp_graysensor.o
       228         22          0         12          0       2453   bsp_key.o
       156         14          0          0          0        959   bsp_led.o
       314         26          0          0        128       4167   bsp_pid.o
      1160        252          0         55          0      12759   control.o
        60         14          0         12          0        926   encoder.o
       858         48          0          4        152       8602   fire_protocol.o
       228         20          0          0          0       1031   gpio.o
      1682        174          0          6          0     506645   main.o
      2320        572          0          1        384       3317   menu.o
      1004         56       2072       1024          0      10082   oled.o
       364         42          0         28         20       3319   openmv.o
        64         26        304          0       1536        812   startup_stm32f103xe.o
       128         24          0         12          0       6061   stm32f1xx_hal.o
      1264         58          0          0          0       6760   stm32f1xx_hal_adc.o
       268         24          0          0          0      31376   stm32f1xx_hal_cortex.o
       374          8          0          0          0       1899   stm32f1xx_hal_dma.o
       564         48          0          0          0       4863   stm32f1xx_hal_gpio.o
        68         10          0          0          0        914   stm32f1xx_hal_msp.o
      1272        100          0          0          0       5324   stm32f1xx_hal_rcc.o
       448         44          0          0          0       2633   stm32f1xx_hal_rcc_ex.o
      1892         96          0          0          0      14739   stm32f1xx_hal_tim.o
       128         20          0          0          0       2457   stm32f1xx_hal_tim_ex.o
      1432         10          0          0          0      10828   stm32f1xx_hal_uart.o
       394        102          0          4          0       9298   stm32f1xx_it.o
         2          0         24          4          0       1179   system_stm32f1xx.o
      1060        112          0          0        432       7001   tim.o
       496         52          0          0        204       3224   usart.o

    ----------------------------------------------------------------------
     19036       2046       2434       1200       2920     671445   Object Totals
         0          0         32          0          0          0   (incl. Generated)
        46          0          2          9          2          0   (incl. Padding)

    ----------------------------------------------------------------------

      Code (inc. data)   RO Data    RW Data    ZI Data      Debug   Library Member Name

        90          0          0          0          0          0   __dczerorl2.o
         8          0          0          0          0         68   __main.o
       284          0          0          0          0        156   __printf_wp.o
         0          0          0          0          0          0   __rtentry.o
        12          0          0          0          0          0   __rtentry2.o
         6          0          0          0          0          0   __rtentry4.o
        52          8          0          0          0          0   __scatter.o
        28          0          0          0          0          0   __scatter_zi.o
         6          0          0          0          0          0   _printf_c.o
        44          0          0          0          0        108   _printf_char.o
        48          6          0          0          0         96   _printf_char_common.o
         6          0          0          0          0          0   _printf_d.o
       120         16          0          0          0         92   _printf_dec.o
         6          0          0          0          0          0   _printf_f.o
      1054          0          0          0          0        216   _printf_fp_dec.o
       128         16          0          0          0         84   _printf_fp_infnan.o
       178          0          0          0          0         88   _printf_intcommon.o
        78          0          0          0          0        108   _printf_pad.o
         0          0          0          0          0          0   _printf_percent.o
         4          0          0          0          0          0   _printf_percent_end.o
        82          0          0          0          0         80   _printf_str.o
        10          0          0          0          0         68   _sputc.o
       228          4        148          0          0         96   bigflt0.o
      1936        128          0          0          0        672   btod.o
        18          0          0          0          0         80   exit.o
         6          0          0          0          0        152   heapauxi.o
         0          0          0          0          0          0   indicate_semi.o
        44         10         28          0          0         76   lc_numeric_c.o
         2          0          0          0          0          0   libinit.o
        18          0          0          0          0          0   libinit2.o
         2          0          0          0          0          0   libshutdown.o
         2          0          0          0          0          0   libshutdown2.o
         8          4          0          0         96         68   libspace.o
       138          0          0          0          0         80   lludiv10.o
        40          6          0          0          0         84   noretval__2sprintf.o
         8          4          0          0          0         68   rt_locale_intlibspace.o
        78          0          0          0          0         80   rt_memclr_w.o
       138          0          0          0          0         68   rt_memcpy_v6.o
       100          0          0          0          0         80   rt_memcpy_w.o
         2          0          0          0          0          0   rtexit.o
        10          0          0          0          0          0   rtexit2.o
       128          0          0          0          0         68   strcmpv7m.o
        12          4          0          0          0         68   sys_exit.o
        74          0          0          0          0         80   sys_stackheap_outer.o
         2          0          0          0          0         68   use_no_semi.o
        98          4          0          0          0         92   d2f.o
        16          4          0          0          0         68   dcheck1.o
       688        140          0          0          0        208   ddiv.o
        94          4          0          0          0         92   dfix.o
        84          0          0          0          0        136   dflt_clz.o
       340         12          0          0          0        104   dmul.o
       156          4          0          0          0         92   dnaninf.o
        12          0          0          0          0         68   dretinf.o
        86          4          0          0          0         84   f2d.o
       430          8          0          0          0        168   faddsub_clz.o
        12          4          0          0          0         68   fcheck1.o
        54          4          0          0          0         84   ffix.o
        48          0          0          0          0         68   fflt_clz.o
       258          4          0          0          0         84   fmul.o
       140          4          0          0          0         84   fnaninf.o
        10          0          0          0          0         68   fretinf.o
         4          0          0          0          0         68   printf1.o
       100          0          0          0          0         68   retnan.o
        92          0          0          0          0         68   scalbn.o
        76          0          0          0          0         68   scalbnf.o
        48          0          0          0          0         68   trapv.o
         0          0          0          0          0          0   usenofp.o
        40          0          0          0          0         68   fpclassify.o

    ----------------------------------------------------------------------
      8142        402        176          0         96       5028   Library Totals
        18          0          0          0          0          0   (incl. Padding)

    ----------------------------------------------------------------------

      Code (inc. data)   RO Data    RW Data    ZI Data      Debug   Library Name

      5238        206        176          0         96       3052   c_w.l
      2846        196          0          0          0       1908   fz_ws.l
        40          0          0          0          0         68   m_ws.l

    ----------------------------------------------------------------------
      8142        402        176          0         96       5028   Library Totals

    ----------------------------------------------------------------------

==============================================================================


      Code (inc. data)   RO Data    RW Data    ZI Data      Debug   

     27178       2448       2610       1200       3016     665237   Grand Totals
     27178       2448       2610        240       3016     665237   ELF Image Totals (compressed)
     27178       2448       2610        240          0          0   ROM Totals

==============================================================================

    Total RO  Size (Code + RO Data)                29788 (  29.09kB)
    Total RW  Size (RW Data + ZI Data)              4216 (   4.12kB)
    Total ROM Size (Code + RO Data + RW Data)      30028 (  29.32kB)

==============================================================================

