<html>
<body>
<pre>
<h1>礦ision Build Log</h1>
<h2>Tool Versions:</h2>
IDE-Version: μVision V5.14.2
Copyright (C) 2015 ARM Ltd and ARM Germany GmbH. All rights reserved.
License Information: ddg .21121, 213, LIC=03C6R-K2HCS-RA7DM-XKC0B-GA9N0-MWDNG
 
Tool Versions:
Toolchain:       MDK-ARM Standard  Version: 5.26.2.0
Toolchain Path:  D:\Keil_v5\ARM\ARMCC\Bin
C Compiler:      Armcc.exe V5.06 update 6 (build 750)
Assembler:       Armasm.exe V5.06 update 6 (build 750)
Linker/Locator:  ArmLink.exe V5.06 update 6 (build 750)
Library Manager: ArmAr.exe V5.06 update 6 (build 750)
Hex Converter:   FromElf.exe V5.06 update 6 (build 750)
CPU DLL:         SARMCM3.DLL V5.26.2.0
Dialog DLL:      DCM.DLL V1.17.2.0
Target DLL:      STLink\ST-LINKIII-KEIL_SWO.dll V3.0.5.0
Dialog DLL:      TCM.DLL V1.36.1.0
 
<h2>Project:</h2>
D:\电赛送药小车程序\小车主控程序开源\Car_RCT6（二车）\MDK-ARM\Car_RCT6.uvprojx
Project File Date:  01/03/2022

<h2>Output:</h2>
*** Using Compiler 'V5.06 update 6 (build 750)', folder: 'D:\Keil_v5\ARM\ARMCC\Bin'
Build target 'Car_RCT6'
compiling main.c...
compiling gpio.c...
compiling adc.c...
compiling tim.c...
compiling usart.c...
compiling stm32f1xx_it.c...
../Core/Src/stm32f1xx_it.c(281): warning:  #223-D: function "protocol_data_recv" declared implicitly
    protocol_data_recv(&dr, 1);
../Core/Src/stm32f1xx_it.c: 1 warning, 0 errors
compiling stm32f1xx_hal_msp.c...
compiling stm32f1xx_hal_gpio_ex.c...
compiling stm32f1xx_hal_adc.c...
compiling stm32f1xx_hal_adc_ex.c...
compiling stm32f1xx_hal.c...
compiling stm32f1xx_hal_rcc.c...
compiling stm32f1xx_hal_rcc_ex.c...
compiling stm32f1xx_hal_gpio.c...
compiling stm32f1xx_hal_dma.c...
compiling stm32f1xx_hal_cortex.c...
compiling stm32f1xx_hal_pwr.c...
compiling stm32f1xx_hal_flash.c...
compiling stm32f1xx_hal_flash_ex.c...
compiling stm32f1xx_hal_exti.c...
compiling stm32f1xx_hal_tim.c...
compiling stm32f1xx_hal_tim_ex.c...
compiling stm32f1xx_hal_uart.c...
compiling system_stm32f1xx.c...
compiling bsp_graySensor.c...
compiling menu.c...
compiling bsp_key.c...
compiling encoder.c...
compiling OLED.c...
compiling openmv.c...
..\User\openmv\openmv.c(33): warning:  #550-D: variable "RxFlag1"  was set but never used
                static uint8_t RxFlag1 = 0;
..\User\openmv\openmv.c: 1 warning, 0 errors
compiling bsp_pid.c...
compiling bsp_BlueTooth.c...
compiling Fire_protocol.c...
compiling bsp_delay.c...
compiling control.c...
compiling bsp_led.c...
linking...
Program Size: Code=27178 RO-data=2610 RW-data=1200 ZI-data=3016  
FromELF: creating hex file...
"..\Obj\Car_RCT6.axf" - 0 Error(s), 2 Warning(s).

<h2>Software Packages used:</h2>

Package Vendor: ARM
                http://www.keil.com/pack/ARM.CMSIS.5.4.0.pack
                ARM::CMSIS:CORE:5.1.2
                CMSIS (Cortex Microcontroller Software Interface Standard)
   * Component: CORE Version: 5.1.2

<h2>Collection of Component include folders:</h2>
  D:\电赛送药小车程序\小车主控程序开源\Car_RCT6（二车）\MDK-ARM\RTE
  D:\Keil_v5\ARM\PACK\ARM\CMSIS\5.4.0\CMSIS\Core\Include
  D:\Keil_v5\ARM\PACK\Keil\STM32F1xx_DFP\2.3.0\Device\Include

<h2>Collection of Component Files used:</h2>

   * Component: ARM::CMSIS:CORE:5.1.2
</pre>
</body>
</html>
