Component: ARM Compiler 5.06 update 6 (build 750) Tool: armlink [4d35ed]

==============================================================================

Section Cross References

    startup_stm32f103xe.o(STACK) refers (Special) to heapauxi.o(.text) for __use_two_region_memory
    startup_stm32f103xe.o(HEAP) refers (Special) to heapauxi.o(.text) for __use_two_region_memory
    startup_stm32f103xe.o(RESET) refers (Special) to heapauxi.o(.text) for __use_two_region_memory
    startup_stm32f103xe.o(RESET) refers to startup_stm32f103xe.o(STACK) for __initial_sp
    startup_stm32f103xe.o(RESET) refers to startup_stm32f103xe.o(.text) for Reset_Handler
    startup_stm32f103xe.o(RESET) refers to stm32f1xx_it.o(i.NMI_Handler) for NMI_Handler
    startup_stm32f103xe.o(RESET) refers to stm32f1xx_it.o(i.HardFault_Handler) for HardFault_Handler
    startup_stm32f103xe.o(RESET) refers to stm32f1xx_it.o(i.MemManage_Handler) for MemManage_Handler
    startup_stm32f103xe.o(RESET) refers to stm32f1xx_it.o(i.BusFault_Handler) for BusFault_Handler
    startup_stm32f103xe.o(RESET) refers to stm32f1xx_it.o(i.UsageFault_Handler) for UsageFault_Handler
    startup_stm32f103xe.o(RESET) refers to stm32f1xx_it.o(i.SVC_Handler) for SVC_Handler
    startup_stm32f103xe.o(RESET) refers to stm32f1xx_it.o(i.DebugMon_Handler) for DebugMon_Handler
    startup_stm32f103xe.o(RESET) refers to stm32f1xx_it.o(i.PendSV_Handler) for PendSV_Handler
    startup_stm32f103xe.o(RESET) refers to stm32f1xx_it.o(i.SysTick_Handler) for SysTick_Handler
    startup_stm32f103xe.o(RESET) refers to stm32f1xx_it.o(i.EXTI4_IRQHandler) for EXTI4_IRQHandler
    startup_stm32f103xe.o(RESET) refers to stm32f1xx_it.o(i.USART1_IRQHandler) for USART1_IRQHandler
    startup_stm32f103xe.o(RESET) refers to stm32f1xx_it.o(i.USART3_IRQHandler) for USART3_IRQHandler
    startup_stm32f103xe.o(RESET) refers to stm32f1xx_it.o(i.TIM6_IRQHandler) for TIM6_IRQHandler
    startup_stm32f103xe.o(RESET) refers to stm32f1xx_it.o(i.TIM7_IRQHandler) for TIM7_IRQHandler
    startup_stm32f103xe.o(.text) refers (Special) to heapauxi.o(.text) for __use_two_region_memory
    startup_stm32f103xe.o(.text) refers to system_stm32f1xx.o(i.SystemInit) for SystemInit
    startup_stm32f103xe.o(.text) refers to __main.o(!!!main) for __main
    startup_stm32f103xe.o(.text) refers to startup_stm32f103xe.o(HEAP) for Heap_Mem
    startup_stm32f103xe.o(.text) refers to startup_stm32f103xe.o(STACK) for Stack_Mem
    main.o(i.SystemClock_Config) refers to rt_memclr_w.o(.text) for __aeabi_memclr4
    main.o(i.SystemClock_Config) refers to stm32f1xx_hal_rcc.o(i.HAL_RCC_OscConfig) for HAL_RCC_OscConfig
    main.o(i.SystemClock_Config) refers to stm32f1xx_hal_rcc.o(i.HAL_RCC_ClockConfig) for HAL_RCC_ClockConfig
    main.o(i.SystemClock_Config) refers to stm32f1xx_hal_rcc_ex.o(i.HAL_RCCEx_PeriphCLKConfig) for HAL_RCCEx_PeriphCLKConfig
    main.o(i.main) refers to stm32f1xx_hal.o(i.HAL_Init) for HAL_Init
    main.o(i.main) refers to bsp_led.o(i.LED_Init) for LED_Init
    main.o(i.main) refers to bsp_key.o(i.KEY_GPIO_Init) for KEY_GPIO_Init
    main.o(i.main) refers to main.o(i.SystemClock_Config) for SystemClock_Config
    main.o(i.main) refers to bsp_delay.o(i.delay_init) for delay_init
    main.o(i.main) refers to gpio.o(i.MX_GPIO_Init) for MX_GPIO_Init
    main.o(i.main) refers to tim.o(i.MX_TIM3_Init) for MX_TIM3_Init
    main.o(i.main) refers to tim.o(i.MX_TIM1_Init) for MX_TIM1_Init
    main.o(i.main) refers to tim.o(i.MX_TIM5_Init) for MX_TIM5_Init
    main.o(i.main) refers to tim.o(i.MX_TIM8_Init) for MX_TIM8_Init
    main.o(i.main) refers to tim.o(i.MX_TIM6_Init) for MX_TIM6_Init
    main.o(i.main) refers to tim.o(i.MX_TIM7_Init) for MX_TIM7_Init
    main.o(i.main) refers to usart.o(i.MX_USART3_UART_Init) for MX_USART3_UART_Init
    main.o(i.main) refers to adc.o(i.MX_ADC2_Init) for MX_ADC2_Init
    main.o(i.main) refers to usart.o(i.MX_USART1_UART_Init) for MX_USART1_UART_Init
    main.o(i.main) refers to stm32f1xx_hal_adc_ex.o(i.HAL_ADCEx_Calibration_Start) for HAL_ADCEx_Calibration_Start
    main.o(i.main) refers to stm32f1xx_hal_tim.o(i.HAL_TIM_Encoder_Start) for HAL_TIM_Encoder_Start
    main.o(i.main) refers to stm32f1xx_hal_tim.o(i.HAL_TIM_PWM_Start) for HAL_TIM_PWM_Start
    main.o(i.main) refers to bsp_delay.o(i.delay_ms) for delay_ms
    main.o(i.main) refers to oled.o(i.OLED_Init) for OLED_Init
    main.o(i.main) refers to oled.o(i.OLED_Clear) for OLED_Clear
    main.o(i.main) refers to bsp_pid.o(i.PID_param_init) for PID_param_init
    main.o(i.main) refers to stm32f1xx_hal_tim.o(i.HAL_TIM_Base_Start_IT) for HAL_TIM_Base_Start_IT
    main.o(i.main) refers to stm32f1xx_hal_uart.o(i.HAL_UART_Receive_IT) for HAL_UART_Receive_IT
    main.o(i.main) refers to openmv.o(i.SendDataToOpenmv) for SendDataToOpenmv
    main.o(i.main) refers to bluetooth.o(i.BlueToothTransmitData) for BlueToothTransmitData
    main.o(i.main) refers to menu.o(i.OLED_Display) for OLED_Display
[...]
    .data                                    0x20000034   Section       12  bsp_key.o(.data)
    .data                                    0x20000040   Section        1  menu.o(.data)
    .data                                    0x20000044   Section       12  encoder.o(.data)
    .data                                    0x20000050   Section     1024  oled.o(.data)
    .data                                    0x20000450   Section       24  openmv.o(.data)
    RxCounter1                               0x20000457   Data           1  openmv.o(.data)
    RxState                                  0x20000458   Data           1  openmv.o(.data)
    RxFlag1                                  0x20000459   Data           1  openmv.o(.data)
    .data                                    0x20000468   Section        1  openmv.o(.data)
    .data                                    0x2000046a   Section        2  openmv.o(.data)
    .data                                    0x2000046c   Section        4  bsp_delay.o(.data)
    fac_us                                   0x2000046c   Data           4  bsp_delay.o(.data)
    .data                                    0x20000470   Section       56  control.o(.data)
    direction                                0x20000471   Data           1  control.o(.data)
    direction2                               0x20000472   Data           1  control.o(.data)
    dutyfactor                               0x2000047c   Data           2  control.o(.data)
    dutyfactor2                              0x2000047e   Data           2  control.o(.data)
    .data                                    0x200004a8   Section        2  control.o(.data)
    .data                                    0x200004aa   Section        1  control.o(.data)
    .bss                                     0x200004ac   Section       48  adc.o(.bss)
    .bss                                     0x200004dc   Section      432  tim.o(.bss)
    .bss                                     0x2000068c   Section      136  usart.o(.bss)
    .bss                                     0x20000714   Section      384  menu.o(.bss)
    .bss                                     0x20000894   Section       20  openmv.o(.bss)
    RxBuffer1                                0x20000894   Data          20  openmv.o(.bss)
    .bss                                     0x200008a8   Section      128  bsp_pid.o(.bss)
    .bss                                     0x20000928   Section       96  libspace.o(.bss)
    HEAP                                     0x20000988   Section      512  startup_stm32f103xe.o(HEAP)
    Heap_Mem                                 0x20000988   Data         512  startup_stm32f103xe.o(HEAP)
    STACK                                    0x20000b88   Section     1024  startup_stm32f103xe.o(STACK)
    Stack_Mem                                0x20000b88   Data        1024  startup_stm32f103xe.o(STACK)
    __initial_sp                             0x20000f88   Data           0  startup_stm32f103xe.o(STACK)

    Global Symbols

    Symbol Name                              Value     Ov Type        Size  Object(Section)

    BuildAttributes$$THM_ISAv4$P$D$K$B$S$PE$A:L22UL41UL21$X:L11$S22US41US21$IEEE1$IW$USESV6$~STKCKD$USESV7$~SHL$OTIME$ROPI$IEEEJ$EBA8$UX$STANDARDLIB$REQ8$PRES8$EABIv2 0x00000000   Number         0  anon$$obj.o ABSOLUTE
    __ARM_use_no_argv                        0x00000000   Number         0  main.o ABSOLUTE
    _printf_flags                            0x00000000   Number         0  printf_stubs.o ABSOLUTE
    _printf_return_value                     0x00000000   Number         0  printf_stubs.o ABSOLUTE
    _printf_sizespec                         0x00000000   Number         0  printf_stubs.o ABSOLUTE
    _printf_widthprec                        0x00000000   Number         0  printf_stubs.o ABSOLUTE
    __ARM_exceptions_init                     - Undefined Weak Reference
    __alloca_initialize                       - Undefined Weak Reference
    __arm_preinit_                            - Undefined Weak Reference
    __cpp_initialize__aeabi_                  - Undefined Weak Reference
    __cxa_finalize                            - Undefined Weak Reference
    __sigvec_lookup                           - Undefined Weak Reference
    _atexit_init                              - Undefined Weak Reference
    _call_atexit_fns                          - Undefined Weak Reference
    _clock_init                               - Undefined Weak Reference
    _fp_trap_init                             - Undefined Weak Reference
    _fp_trap_shutdown                         - Undefined Weak Reference
    _get_lc_collate                           - Undefined Weak Reference
    _get_lc_ctype                             - Undefined Weak Reference
    _get_lc_monetary                          - Undefined Weak Reference
    _get_lc_time                              - Undefined Weak Reference
    _getenv_init                              - Undefined Weak Reference
    _handle_redirection                       - Undefined Weak Reference
    _init_alloc                               - Undefined Weak Reference
    _init_user_alloc                          - Undefined Weak Reference
    _initio                                   - Undefined Weak Reference
    _printf_mbtowc                            - Undefined Weak Reference
    _printf_truncate_signed                   - Undefined Weak Reference
    _printf_truncate_unsigned                 - Undefined Weak Reference
    _rand_init                                - Undefined Weak Reference
    _signal_finish                            - Undefined Weak Reference
    _signal_init                              - Undefined Weak Reference
    _terminate_alloc                          - Undefined Weak Reference
    _terminate_user_alloc                     - Undefined Weak Reference
    _terminateio                              - Undefined Weak Reference
    __Vectors_Size                           0x00000130   Number         0  startup_stm32f103xe.o ABSOLUTE
    __Vectors                                0x08000000   Data           4  startup_stm32f103xe.o(RESET)
    __Vectors_End                            0x08000130   Data           0  startup_stm32f103xe.o(RESET)
    __main                                   0x08000131   Thumb Code     8  __main.o(!!!main)
    __scatterload                            0x08000139   Thumb Code     0  __scatter.o(!!!scatter)
    __scatterload_rt2                        0x08000139   Thumb Code    44  __scatter.o(!!!scatter)
    __scatterload_rt2_thumb_only             0x08000139   Thumb Code     0  __scatter.o(!!!scatter)
    __scatterload_null                       0x08000147   Thumb Code     0  __scatter.o(!!!scatter)
    __decompress                             0x0800016d   Thumb Code    90  __dczerorl2.o(!!dczerorl2)
    __decompress1                            0x0800016d   Thumb Code     0  __dczerorl2.o(!!dczerorl2)
    __scatterload_zeroinit                   0x080001c9   Thumb Code    28  __scatter_zi.o(!!handler_zi)
    _printf_f                                0x080001e5   Thumb Code     0  _printf_f.o(.ARM.Collect$$_printf_percent$$00000003)
    _printf_percent                          0x080001e5   Thumb Code     0  _printf_percent.o(.ARM.Collect$$_printf_percent$$00000000)
    _printf_d                                0x080001eb   Thumb Code     0  _printf_d.o(.ARM.Collect$$_printf_percent$$00000009)
    _printf_c                                0x080001f1   Thumb Code     0  _printf_c.o(.ARM.Collect$$_printf_percent$$00000013)
    _printf_percent_end                      0x080001f7   Thumb Code     0  _printf_percent_end.o(.ARM.Collect$$_printf_percent$$00000017)
    __rt_lib_init                            0x080001fb   Thumb Code     0  libinit.o(.ARM.Collect$$libinit$$00000000)
    __rt_lib_init_fp_1                       0x080001fd   Thumb Code     0  libinit2.o(.ARM.Collect$$libinit$$00000002)
    __rt_lib_init_heap_1                     0x080001fd   Thumb Code     0  libinit2.o(.ARM.Collect$$libinit$$0000000A)
    __rt_lib_init_lc_common                  0x080001fd   Thumb Code     0  libinit2.o(.ARM.Collect$$libinit$$0000000F)
    __rt_lib_init_preinit_1                  0x080001fd   Thumb Code     0  libinit2.o(.ARM.Collect$$libinit$$00000004)
    __rt_lib_init_rand_1                     0x080001fd   Thumb Code     0  libinit2.o(.ARM.Collect$$libinit$$0000000E)
    __rt_lib_init_user_alloc_1               0x080001fd   Thumb Code     0  libinit2.o(.ARM.Collect$$libinit$$0000000C)
    __rt_lib_init_lc_collate_1               0x08000203   Thumb Code     0  libinit2.o(.ARM.Collect$$libinit$$00000011)
    __rt_lib_init_lc_ctype_1                 0x08000203   Thumb Code     0  libinit2.o(.ARM.Collect$$libinit$$00000013)
    __rt_lib_init_lc_monetary_1              0x08000203   Thumb Code     0  libinit2.o(.ARM.Collect$$libinit$$00000015)
    __rt_lib_init_lc_numeric_2               0x08000203   Thumb Code     0  libinit2.o(.ARM.Collect$$libinit$$00000016)
    __rt_lib_init_alloca_1                   0x0800020d   Thumb Code     0  libinit2.o(.ARM.Collect$$libinit$$0000002E)
    __rt_lib_init_argv_1                     0x0800020d   Thumb Code     0  libinit2.o(.ARM.Collect$$libinit$$0000002C)
    __rt_lib_init_atexit_1                   0x0800020d   Thumb Code     0  libinit2.o(.ARM.Collect$$libinit$$0000001B)
    __rt_lib_init_clock_1                    0x0800020d   Thumb Code     0  libinit2.o(.ARM.Collect$$libinit$$00000021)
    __rt_lib_init_cpp_1                      0x0800020d   Thumb Code     0  libinit2.o(.ARM.Collect$$libinit$$00000032)
    __rt_lib_init_exceptions_1               0x0800020d   Thumb Code     0  libinit2.o(.ARM.Collect$$libinit$$00000030)
    __rt_lib_init_fp_trap_1                  0x0800020d   Thumb Code     0  libinit2.o(.ARM.Collect$$libinit$$0000001F)
    __rt_lib_init_getenv_1                   0x0800020d   Thumb Code     0  libinit2.o(.ARM.Collect$$libinit$$00000023)
    __rt_lib_init_lc_numeric_1               0x0800020d   Thumb Code     0  libinit2.o(.ARM.Collect$$libinit$$00000017)
    __rt_lib_init_lc_time_1                  0x0800020d   Thumb Code     0  libinit2.o(.ARM.Collect$$libinit$$00000019)
    __rt_lib_init_return                     0x0800020d   Thumb Code     0  libinit2.o(.ARM.Collect$$libinit$$00000033)
    __rt_lib_init_signal_1                   0x0800020d   Thumb Code     0  libinit2.o(.ARM.Collect$$libinit$$0000001D)
    __rt_lib_init_stdio_1                    0x0800020d   Thumb Code     0  libinit2.o(.ARM.Collect$$libinit$$00000025)
    __rt_lib_shutdown                        0x0800020f   Thumb Code     0  libshutdown.o(.ARM.Collect$$libshutdown$$00000000)
    __rt_lib_shutdown_cpp_1                  0x08000211   Thumb Code     0  libshutdown2.o(.ARM.Collect$$libshutdown$$00000002)
    __rt_lib_shutdown_fp_trap_1              0x08000211   Thumb Code     0  libshutdown2.o(.ARM.Collect$$libshutdown$$00000007)
    __rt_lib_shutdown_heap_1                 0x08000211   Thumb Code     0  libshutdown2.o(.ARM.Collect$$libshutdown$$0000000F)
    __rt_lib_shutdown_return                 0x08000211   Thumb Code     0  libshutdown2.o(.ARM.Collect$$libshutdown$$00000010)
    __rt_lib_shutdown_signal_1               0x08000211   Thumb Code     0  libshutdown2.o(.ARM.Collect$$libshutdown$$0000000A)
    __rt_lib_shutdown_stdio_1                0x08000211   Thumb Code     0  libshutdown2.o(.ARM.Collect$$libshutdown$$00000004)
    __rt_lib_shutdown_user_alloc_1           0x08000211   Thumb Code     0  libshutdown2.o(.ARM.Collect$$libshutdown$$0000000C)
    __rt_entry                               0x08000213   Thumb Code     0  __rtentry.o(.ARM.Collect$$rtentry$$00000000)
    __rt_entry_presh_1                       0x08000213   Thumb Code     0  __rtentry2.o(.ARM.Collect$$rtentry$$00000002)
    __rt_entry_sh                            0x08000213   Thumb Code     0  __rtentry4.o(.ARM.Collect$$rtentry$$00000004)
    __rt_entry_li                            0x08000219   Thumb Code     0  __rtentry2.o(.ARM.Collect$$rtentry$$0000000A)
    __rt_entry_postsh_1                      0x08000219   Thumb Code     0  __rtentry2.o(.ARM.Collect$$rtentry$$00000009)
    __rt_entry_main                          0x0800021d   Thumb Code     0  __rtentry2.o(.ARM.Collect$$rtentry$$0000000D)
    __rt_entry_postli_1                      0x0800021d   Thumb Code     0  __rtentry2.o(.ARM.Collect$$rtentry$$0000000C)
    __rt_exit                                0x08000225   Thumb Code     0  rtexit.o(.ARM.Collect$$rtexit$$00000000)
    __rt_exit_ls                             0x08000227   Thumb Code     0  rtexit2.o(.ARM.Collect$$rtexit$$00000003)
    __rt_exit_prels_1                        0x08000227   Thumb Code     0  rtexit2.o(.ARM.Collect$$rtexit$$00000002)
    __rt_exit_exit                           0x0800022b   Thumb Code     0  rtexit2.o(.ARM.Collect$$rtexit$$00000004)
    Reset_Handler                            0x08000231   Thumb Code     8  startup_stm32f103xe.o(.text)
    ADC1_2_IRQHandler                        0x0800024b   Thumb Code     0  startup_stm32f103xe.o(.text)
    ADC3_IRQHandler                          0x0800024b   Thumb Code     0  startup_stm32f103xe.o(.text)
    CAN1_RX1_IRQHandler                      0x0800024b   Thumb Code     0  startup_stm32f103xe.o(.text)
    CAN1_SCE_IRQHandler                      0x0800024b   Thumb Code     0  startup_stm32f103xe.o(.text)
    DMA1_Channel1_IRQHandler                 0x0800024b   Thumb Code     0  startup_stm32f103xe.o(.text)
    DMA1_Channel2_IRQHandler                 0x0800024b   Thumb Code     0  startup_stm32f103xe.o(.text)
    DMA1_Channel3_IRQHandler                 0x0800024b   Thumb Code     0  startup_stm32f103xe.o(.text)
    DMA1_Channel4_IRQHandler                 0x0800024b   Thumb Code     0  startup_stm32f103xe.o(.text)
    DMA1_Channel5_IRQHandler                 0x0800024b   Thumb Code     0  startup_stm32f103xe.o(.text)
    DMA1_Channel6_IRQHandler                 0x0800024b   Thumb Code     0  startup_stm32f103xe.o(.text)
    DMA1_Channel7_IRQHandler                 0x0800024b   Thumb Code     0  startup_stm32f103xe.o(.text)
    DMA2_Channel1_IRQHandler                 0x0800024b   Thumb Code     0  startup_stm32f103xe.o(.text)
    DMA2_Channel2_IRQHandler                 0x0800024b   Thumb Code     0  startup_stm32f103xe.o(.text)
    DMA2_Channel3_IRQHandler                 0x0800024b   Thumb Code     0  startup_stm32f103xe.o(.text)
    DMA2_Channel4_5_IRQHandler               0x0800024b   Thumb Code     0  startup_stm32f103xe.o(.text)
    EXTI0_IRQHandler                         0x0800024b   Thumb Code     0  startup_stm32f103xe.o(.text)
    EXTI15_10_IRQHandler                     0x0800024b   Thumb Code     0  startup_stm32f103xe.o(.text)
    EXTI1_IRQHandler                         0x0800024b   Thumb Code     0  startup_stm32f103xe.o(.text)
    EXTI2_IRQHandler                         0x0800024b   Thumb Code     0  startup_stm32f103xe.o(.text)
    EXTI3_IRQHandler                         0x0800024b   Thumb Code     0  startup_stm32f103xe.o(.text)
    EXTI9_5_IRQHandler                       0x0800024b   Thumb Code     0  startup_stm32f103xe.o(.text)
    FLASH_IRQHandler                         0x0800024b   Thumb Code     0  startup_stm32f103xe.o(.text)
    FSMC_IRQHandler                          0x0800024b   Thumb Code     0  startup_stm32f103xe.o(.text)
    I2C1_ER_IRQHandler                       0x0800024b   Thumb Code     0  startup_stm32f103xe.o(.text)
    I2C1_EV_IRQHandler                       0x0800024b   Thumb Code     0  startup_stm32f103xe.o(.text)
    I2C2_ER_IRQHandler                       0x0800024b   Thumb Code     0  startup_stm32f103xe.o(.text)
    I2C2_EV_IRQHandler                       0x0800024b   Thumb Code     0  startup_stm32f103xe.o(.text)
    PVD_IRQHandler                           0x0800024b   Thumb Code     0  startup_stm32f103xe.o(.text)
    RCC_IRQHandler                           0x0800024b   Thumb Code     0  startup_stm32f103xe.o(.text)
    RTC_Alarm_IRQHandler                     0x0800024b   Thumb Code     0  startup_stm32f103xe.o(.text)
    RTC_IRQHandler                           0x0800024b   Thumb Code     0  startup_stm32f103xe.o(.text)
    SDIO_IRQHandler                          0x0800024b   Thumb Code     0  startup_stm32f103xe.o(.text)
    SPI1_IRQHandler                          0x0800024b   Thumb Code     0  startup_stm32f103xe.o(.text)
    SPI2_IRQHandler                          0x0800024b   Thumb Code     0  startup_stm32f103xe.o(.text)
    SPI3_IRQHandler                          0x0800024b   Thumb Code     0  startup_stm32f103xe.o(.text)
    TAMPER_IRQHandler                        0x0800024b   Thumb Code     0  startup_stm32f103xe.o(.text)
    TIM1_BRK_IRQHandler                      0x0800024b   Thumb Code     0  startup_stm32f103xe.o(.text)
    TIM1_CC_IRQHandler                       0x0800024b   Thumb Code     0  startup_stm32f103xe.o(.text)
    TIM1_TRG_COM_IRQHandler                  0x0800024b   Thumb Code     0  startup_stm32f103xe.o(.text)
    TIM1_UP_IRQHandler                       0x0800024b   Thumb Code     0  startup_stm32f103xe.o(.text)
    TIM2_IRQHandler                          0x0800024b   Thumb Code     0  startup_stm32f103xe.o(.text)
    TIM3_IRQHandler                          0x0800024b   Thumb Code     0  startup_stm32f103xe.o(.text)
    TIM4_IRQHandler                          0x0800024b   Thumb Code     0  startup_stm32f103xe.o(.text)
    TIM5_IRQHandler                          0x0800024b   Thumb Code     0  startup_stm32f103xe.o(.text)
    TIM8_BRK_IRQHandler                      0x0800024b   Thumb Code     0  startup_stm32f103xe.o(.text)
    TIM8_CC_IRQHandler                       0x0800024b   Thumb Code     0  startup_stm32f103xe.o(.text)
    TIM8_TRG_COM_IRQHandler                  0x0800024b   Thumb Code     0  startup_stm32f103xe.o(.text)
    TIM8_UP_IRQHandler                       0x0800024b   Thumb Code     0  startup_stm32f103xe.o(.text)
    UART4_IRQHandler                         0x0800024b   Thumb Code     0  startup_stm32f103xe.o(.text)
    UART5_IRQHandler                         0x0800024b   Thumb Code     0  startup_stm32f103xe.o(.text)
    USART2_IRQHandler                        0x0800024b   Thumb Code     0  startup_stm32f103xe.o(.text)
    USBWakeUp_IRQHandler                     0x0800024b   Thumb Code     0  startup_stm32f103xe.o(.text)
    USB_HP_CAN1_TX_IRQHandler                0x0800024b   Thumb Code     0  startup_stm32f103xe.o(.text)
    USB_LP_CAN1_RX0_IRQHandler               0x0800024b   Thumb Code     0  startup_stm32f103xe.o(.text)
    WWDG_IRQHandler                          0x0800024b   Thumb Code     0  startup_stm32f103xe.o(.text)
    __user_initial_stackheap                 0x0800024d   Thumb Code     0  startup_stm32f103xe.o(.text)
    __2sprintf                               0x08000271   Thumb Code    34  noretval__2sprintf.o(.text)
    _printf_pre_padding                      0x08000299   Thumb Code    44  _printf_pad.o(.text)
    _printf_post_padding                     0x080002c5   Thumb Code    34  _printf_pad.o(.text)
    _printf_str                              0x080002e7   Thumb Code    82  _printf_str.o(.text)
    _printf_int_dec                          0x08000339   Thumb Code   104  _printf_dec.o(.text)
    __printf                                 0x080003b1   Thumb Code   270  __printf_wp.o(.text)
    __aeabi_memclr4                          0x080004bf   Thumb Code     0  rt_memclr_w.o(.text)
    __aeabi_memclr8                          0x080004bf   Thumb Code     0  rt_memclr_w.o(.text)
    __rt_memclr_w                            0x080004bf   Thumb Code    78  rt_memclr_w.o(.text)
    _memset_w                                0x080004c3   Thumb Code     0  rt_memclr_w.o(.text)
    __use_two_region_memory                  0x0800050d   Thumb Code     2  heapauxi.o(.text)
    __rt_heap_escrow$2region                 0x0800050f   Thumb Code     2  heapauxi.o(.text)
    __rt_heap_expand$2region                 0x08000511   Thumb Code     2  heapauxi.o(.text)
    _printf_int_common                       0x08000513   Thumb Code   178  _printf_intcommon.o(.text)
    __lib_sel_fp_printf                      0x080005c5   Thumb Code     2  _printf_fp_dec.o(.text)
    _printf_fp_dec_real                      0x08000777   Thumb Code   620  _printf_fp_dec.o(.text)
    _printf_char_common                      0x080009ef   Thumb Code    32  _printf_char_common.o(.text)
    _sputc                                   0x08000a15   Thumb Code    10  _sputc.o(.text)
    _printf_cs_common                        0x08000a1f   Thumb Code    20  _printf_char.o(.text)
    _printf_char                             0x08000a33   Thumb Code    16  _printf_char.o(.text)
    _printf_string                           0x08000a43   Thumb Code     8  _printf_char.o(.text)
    __rt_locale                              0x08000a4d   Thumb Code     8  rt_locale_intlibspace.o(.text)
    _ll_udiv10                               0x08000a55   Thumb Code   138  lludiv10.o(.text)
    _printf_fp_infnan                        0x08000ae1   Thumb Code   112  _printf_fp_infnan.o(.text)
    _btod_etento                             0x08000b61   Thumb Code   224  bigflt0.o(.text)
    __user_libspace                          0x08000c45   Thumb Code     8  libspace.o(.text)
    __user_perproc_libspace                  0x08000c45   Thumb Code     0  libspace.o(.text)
    __user_perthread_libspace                0x08000c45   Thumb Code     0  libspace.o(.text)
    __user_setup_stackheap                   0x08000c4d   Thumb Code    74  sys_stackheap_outer.o(.text)
    exit                                     0x08000c97   Thumb Code    18  exit.o(.text)
    strcmp                                   0x08000ca9   Thumb Code   128  strcmpv7m.o(.text)
    _sys_exit                                0x08000d29   Thumb Code     8  sys_exit.o(.text)
    __I$use$semihosting                      0x08000d35   Thumb Code     0  use_no_semi.o(.text)
    __use_no_semihosting_swi                 0x08000d35   Thumb Code     2  use_no_semi.o(.text)
    __semihosting_library_function           0x08000d37   Thumb Code     0  indicate_semi.o(.text)
    _btod_d2e                                0x08000d37   Thumb Code    62  btod.o(CL$$btod_d2e)
    _d2e_denorm_low                          0x08000d75   Thumb Code    70  btod.o(CL$$btod_d2e_denorm_low)
    _d2e_norm_op1                            0x08000dbb   Thumb Code    96  btod.o(CL$$btod_d2e_norm_op1)
    __btod_div_common                        0x08000e1b   Thumb Code   696  btod.o(CL$$btod_div_common)
    _e2e                                     0x08001153   Thumb Code   220  btod.o(CL$$btod_e2e)
    _btod_ediv                               0x0800122f   Thumb Code    42  btod.o(CL$$btod_ediv)
    _btod_emul                               0x08001259   Thumb Code    42  btod.o(CL$$btod_emul)
    __btod_mult_common                       0x08001283   Thumb Code   580  btod.o(CL$$btod_mult_common)
    ADC_ConversionStop_Disable               0x080014c9   Thumb Code    86  stm32f1xx_hal_adc.o(i.ADC_ConversionStop_Disable)
    ADC_Enable                               0x08001521   Thumb Code   114  stm32f1xx_hal_adc.o(i.ADC_Enable)
    BlueToothTransmitData                    0x0800159d   Thumb Code    34  bluetooth.o(i.BlueToothTransmitData)
    BusFault_Handler                         0x080015cd   Thumb Code     2  stm32f1xx_it.o(i.BusFault_Handler)
    ButtonScan                               0x080015d1   Thumb Code   106  bsp_key.o(i.ButtonScan)
    Car_go                                   0x08001641   Thumb Code    92  control.o(i.Car_go)
    DebugMon_Handler                         0x080016bd   Thumb Code     2  stm32f1xx_it.o(i.DebugMon_Handler)
    EXTI4_IRQHandler                         0x080016bf   Thumb Code     6  stm32f1xx_it.o(i.EXTI4_IRQHandler)
    Error_Handler                            0x080016c5   Thumb Code     4  main.o(i.Error_Handler)
    GetMotorPulse                            0x080016c9   Thumb Code    46  encoder.o(i.GetMotorPulse)
    Get_Light_TTL                            0x08001705   Thumb Code   108  bsp_graysensor.o(i.Get_Light_TTL)
    HAL_ADCEx_Calibration_Start              0x0800177d   Thumb Code   210  stm32f1xx_hal_adc_ex.o(i.HAL_ADCEx_Calibration_Start)
    HAL_ADC_ConfigChannel                    0x08001855   Thumb Code   240  stm32f1xx_hal_adc.o(i.HAL_ADC_ConfigChannel)
    HAL_ADC_GetValue                         0x08001951   Thumb Code     6  stm32f1xx_hal_adc.o(i.HAL_ADC_GetValue)
    HAL_ADC_Init                             0x08001959   Thumb Code   272  stm32f1xx_hal_adc.o(i.HAL_ADC_Init)
    HAL_ADC_MspInit                          0x08001a79   Thumb Code    76  adc.o(i.HAL_ADC_MspInit)
    HAL_ADC_PollForConversion                0x08001ad1   Thumb Code   304  stm32f1xx_hal_adc.o(i.HAL_ADC_PollForConversion)
    HAL_ADC_Start                            0x08001c0d   Thumb Code   184  stm32f1xx_hal_adc.o(i.HAL_ADC_Start)
    HAL_DMA_Abort                            0x08001ccd   Thumb Code    70  stm32f1xx_hal_dma.o(i.HAL_DMA_Abort)
    HAL_DMA_Abort_IT                         0x08001d15   Thumb Code   296  stm32f1xx_hal_dma.o(i.HAL_DMA_Abort_IT)
    HAL_GPIO_EXTI_Callback                   0x08001e45   Thumb Code    46  stm32f1xx_it.o(i.HAL_GPIO_EXTI_Callback)
    HAL_GPIO_EXTI_IRQHandler                 0x08001e81   Thumb Code    18  stm32f1xx_hal_gpio.o(i.HAL_GPIO_EXTI_IRQHandler)
    HAL_GPIO_Init                            0x08001e99   Thumb Code   462  stm32f1xx_hal_gpio.o(i.HAL_GPIO_Init)
    HAL_GPIO_ReadPin                         0x08002091   Thumb Code    10  stm32f1xx_hal_gpio.o(i.HAL_GPIO_ReadPin)
    HAL_GPIO_TogglePin                       0x0800209b   Thumb Code    16  stm32f1xx_hal_gpio.o(i.HAL_GPIO_TogglePin)
    HAL_GPIO_WritePin                        0x080020ab   Thumb Code    10  stm32f1xx_hal_gpio.o(i.HAL_GPIO_WritePin)
    HAL_GetTick                              0x080020b5   Thumb Code     6  stm32f1xx_hal.o(i.HAL_GetTick)
    HAL_IncTick                              0x080020c1   Thumb Code    12  stm32f1xx_hal.o(i.HAL_IncTick)
    HAL_Init                                 0x080020d1   Thumb Code    32  stm32f1xx_hal.o(i.HAL_Init)
    HAL_InitTick                             0x080020f5   Thumb Code    54  stm32f1xx_hal.o(i.HAL_InitTick)
    HAL_MspInit                              0x08002135   Thumb Code    58  stm32f1xx_hal_msp.o(i.HAL_MspInit)
    HAL_NVIC_EnableIRQ                       0x08002179   Thumb Code    26  stm32f1xx_hal_cortex.o(i.HAL_NVIC_EnableIRQ)
    HAL_NVIC_SetPriority                     0x08002195   Thumb Code    60  stm32f1xx_hal_cortex.o(i.HAL_NVIC_SetPriority)
    HAL_NVIC_SetPriorityGrouping             0x080021d5   Thumb Code    26  stm32f1xx_hal_cortex.o(i.HAL_NVIC_SetPriorityGrouping)
    HAL_RCCEx_GetPeriphCLKFreq               0x080021f9   Thumb Code   180  stm32f1xx_hal_rcc_ex.o(i.HAL_RCCEx_GetPeriphCLKFreq)
    HAL_RCCEx_PeriphCLKConfig                0x080022cd   Thumb Code   224  stm32f1xx_hal_rcc_ex.o(i.HAL_RCCEx_PeriphCLKConfig)
    HAL_RCC_ClockConfig                      0x080023b9   Thumb Code   280  stm32f1xx_hal_rcc.o(i.HAL_RCC_ClockConfig)
    HAL_RCC_GetPCLK1Freq                     0x080024e5   Thumb Code    20  stm32f1xx_hal_rcc.o(i.HAL_RCC_GetPCLK1Freq)
    HAL_RCC_GetPCLK2Freq                     0x08002505   Thumb Code    20  stm32f1xx_hal_rcc.o(i.HAL_RCC_GetPCLK2Freq)
    HAL_RCC_GetSysClockFreq                  0x08002525   Thumb Code    74  stm32f1xx_hal_rcc.o(i.HAL_RCC_GetSysClockFreq)
    HAL_RCC_OscConfig                        0x08002591   Thumb Code   778  stm32f1xx_hal_rcc.o(i.HAL_RCC_OscConfig)
    HAL_SYSTICK_CLKSourceConfig              0x080028b1   Thumb Code    24  stm32f1xx_hal_cortex.o(i.HAL_SYSTICK_CLKSourceConfig)
    HAL_SYSTICK_Callback                     0x080028c9   Thumb Code     2  stm32f1xx_hal_cortex.o(i.HAL_SYSTICK_Callback)
    HAL_SYSTICK_Config                       0x080028cb   Thumb Code    40  stm32f1xx_hal_cortex.o(i.HAL_SYSTICK_Config)
    HAL_SYSTICK_IRQHandler                   0x080028f3   Thumb Code     8  stm32f1xx_hal_cortex.o(i.HAL_SYSTICK_IRQHandler)
    HAL_TIMEx_BreakCallback                  0x080028fb   Thumb Code     2  stm32f1xx_hal_tim_ex.o(i.HAL_TIMEx_BreakCallback)
    HAL_TIMEx_CommutCallback                 0x080028fd   Thumb Code     2  stm32f1xx_hal_tim_ex.o(i.HAL_TIMEx_CommutCallback)
    HAL_TIMEx_ConfigBreakDeadTime            0x080028ff   Thumb Code    84  stm32f1xx_hal_tim_ex.o(i.HAL_TIMEx_ConfigBreakDeadTime)
    HAL_TIMEx_MasterConfigSynchronization    0x08002955   Thumb Code   104  stm32f1xx_hal_tim_ex.o(i.HAL_TIMEx_MasterConfigSynchronization)
    HAL_TIM_Base_Init                        0x080029d1   Thumb Code    90  stm32f1xx_hal_tim.o(i.HAL_TIM_Base_Init)
    HAL_TIM_Base_MspInit                     0x08002a2d   Thumb Code    86  tim.o(i.HAL_TIM_Base_MspInit)
    HAL_TIM_Base_Start_IT                    0x08002a91   Thumb Code    88  stm32f1xx_hal_tim.o(i.HAL_TIM_Base_Start_IT)
    HAL_TIM_Encoder_Init                     0x08002afd   Thumb Code   164  stm32f1xx_hal_tim.o(i.HAL_TIM_Encoder_Init)
    HAL_TIM_Encoder_MspInit                  0x08002ba1   Thumb Code   144  tim.o(i.HAL_TIM_Encoder_MspInit)
    HAL_TIM_Encoder_Start                    0x08002c49   Thumb Code   142  stm32f1xx_hal_tim.o(i.HAL_TIM_Encoder_Start)
    HAL_TIM_IC_CaptureCallback               0x08002cd7   Thumb Code     2  stm32f1xx_hal_tim.o(i.HAL_TIM_IC_CaptureCallback)
    HAL_TIM_IRQHandler                       0x08002cd9   Thumb Code   358  stm32f1xx_hal_tim.o(i.HAL_TIM_IRQHandler)
    HAL_TIM_MspPostInit                      0x08002e41   Thumb Code   100  tim.o(i.HAL_TIM_MspPostInit)
    HAL_TIM_OC_DelayElapsedCallback          0x08002eb9   Thumb Code     2  stm32f1xx_hal_tim.o(i.HAL_TIM_OC_DelayElapsedCallback)
    HAL_TIM_PWM_ConfigChannel                0x08002ebb   Thumb Code   198  stm32f1xx_hal_tim.o(i.HAL_TIM_PWM_ConfigChannel)
    HAL_TIM_PWM_Init                         0x08002f81   Thumb Code    90  stm32f1xx_hal_tim.o(i.HAL_TIM_PWM_Init)
    HAL_TIM_PWM_MspInit                      0x08002fdd   Thumb Code    52  tim.o(i.HAL_TIM_PWM_MspInit)
    HAL_TIM_PWM_PulseFinishedCallback        0x0800301d   Thumb Code     2  stm32f1xx_hal_tim.o(i.HAL_TIM_PWM_PulseFinishedCallback)
    HAL_TIM_PWM_Start                        0x08003021   Thumb Code   160  stm32f1xx_hal_tim.o(i.HAL_TIM_PWM_Start)
    HAL_TIM_PWM_Stop                         0x080030d5   Thumb Code   114  stm32f1xx_hal_tim.o(i.HAL_TIM_PWM_Stop)
    HAL_TIM_PeriodElapsedCallback            0x08003151   Thumb Code   356  control.o(i.HAL_TIM_PeriodElapsedCallback)
    HAL_TIM_TriggerCallback                  0x080032dd   Thumb Code     2  stm32f1xx_hal_tim.o(i.HAL_TIM_TriggerCallback)
    HAL_UARTEx_RxEventCallback               0x080032df   Thumb Code     2  stm32f1xx_hal_uart.o(i.HAL_UARTEx_RxEventCallback)
    HAL_UART_ErrorCallback                   0x080032e1   Thumb Code     2  stm32f1xx_hal_uart.o(i.HAL_UART_ErrorCallback)
    HAL_UART_IRQHandler                      0x080032e5   Thumb Code   520  stm32f1xx_hal_uart.o(i.HAL_UART_IRQHandler)
    HAL_UART_Init                            0x080034f1   Thumb Code    98  stm32f1xx_hal_uart.o(i.HAL_UART_Init)
    HAL_UART_MspInit                         0x08003555   Thumb Code   198  usart.o(i.HAL_UART_MspInit)
    HAL_UART_Receive_IT                      0x08003631   Thumb Code    42  stm32f1xx_hal_uart.o(i.HAL_UART_Receive_IT)
    HAL_UART_RxCpltCallback                  0x0800365d   Thumb Code    34  openmv.o(i.HAL_UART_RxCpltCallback)
    HAL_UART_Transmit                        0x0800368d   Thumb Code   178  stm32f1xx_hal_uart.o(i.HAL_UART_Transmit)
    HAL_UART_TxCpltCallback                  0x0800373f   Thumb Code     2  stm32f1xx_hal_uart.o(i.HAL_UART_TxCpltCallback)
    HardFault_Handler                        0x08003741   Thumb Code     2  stm32f1xx_it.o(i.HardFault_Handler)
    IIC_Start                                0x08003745   Thumb Code    52  oled.o(i.IIC_Start)
    IIC_Stop                                 0x08003781   Thumb Code    42  oled.o(i.IIC_Stop)
    IIC_Wait_Ack                             0x080037b5   Thumb Code    28  oled.o(i.IIC_Wait_Ack)
    KEY_GPIO_Init                            0x080037d5   Thumb Code    80  bsp_key.o(i.KEY_GPIO_Init)
    KEY_Scan                                 0x08003831   Thumb Code    50  bsp_key.o(i.KEY_Scan)
    LED_Init                                 0x08003869   Thumb Code   100  bsp_led.o(i.LED_Init)
    Light_GoStraight_control                 0x080038d9   Thumb Code    86  bsp_graysensor.o(i.Light_GoStraight_control)
    LoadOrNot                                0x08003939   Thumb Code   112  bsp_graysensor.o(i.LoadOrNot)
    Location_Speed_control                   0x080039b9   Thumb Code    74  control.o(i.Location_Speed_control)
    MENU_Item_KEY                            0x08003a11   Thumb Code   204  menu.o(i.MENU_Item_KEY)
    MX_ADC2_Init                             0x08003ae5   Thumb Code    70  adc.o(i.MX_ADC2_Init)
    MX_GPIO_Init                             0x08003b35   Thumb Code   238  gpio.o(i.MX_GPIO_Init)
    MX_TIM1_Init                             0x08003c3d   Thumb Code   100  tim.o(i.MX_TIM1_Init)
    MX_TIM3_Init                             0x08003ca9   Thumb Code    98  tim.o(i.MX_TIM3_Init)
    MX_TIM5_Init                             0x08003d15   Thumb Code   122  tim.o(i.MX_TIM5_Init)
    MX_TIM6_Init                             0x08003d99   Thumb Code    64  tim.o(i.MX_TIM6_Init)
    MX_TIM7_Init                             0x08003de1   Thumb Code    62  tim.o(i.MX_TIM7_Init)
    MX_TIM8_Init                             0x08003e29   Thumb Code   170  tim.o(i.MX_TIM8_Init)
    MX_USART1_UART_Init                      0x08003edd   Thumb Code    48  usart.o(i.MX_USART1_UART_Init)
    MX_USART3_UART_Init                      0x08003f15   Thumb Code    48  usart.o(i.MX_USART3_UART_Init)
    MemManage_Handler                        0x08003f4d   Thumb Code     2  stm32f1xx_it.o(i.MemManage_Handler)
    MotorOutput                              0x08003f4f   Thumb Code    68  control.o(i.MotorOutput)
    NMI_Handler                              0x08003f93   Thumb Code     2  stm32f1xx_it.o(i.NMI_Handler)
    OLED_Clear                               0x08003f95   Thumb Code    58  oled.o(i.OLED_Clear)
    OLED_Display                             0x08003fd1   Thumb Code  1756  menu.o(i.OLED_Display)
    OLED_DrawBMP                             0x08004741   Thumb Code    64  oled.o(i.OLED_DrawBMP)
    OLED_GPIO_Init                           0x08004781   Thumb Code    76  oled.o(i.OLED_GPIO_Init)
    OLED_Init                                0x080047d9   Thumb Code   226  oled.o(i.OLED_Init)
    OLED_Set_Pos                             0x080048bb   Thumb Code    42  oled.o(i.OLED_Set_Pos)
    OLED_ShowChar                            0x080048e5   Thumb Code   128  oled.o(i.OLED_ShowChar)
    OLED_ShowString                          0x0800496d   Thumb Code    54  oled.o(i.OLED_ShowString)
    OLED_WR_Byte                             0x080049a3   Thumb Code    12  oled.o(i.OLED_WR_Byte)
    Openmv_Receive_Data                      0x080049b1   Thumb Code   174  openmv.o(i.Openmv_Receive_Data)
    PID_param_init                           0x08004a69   Thumb Code    84  bsp_pid.o(i.PID_param_init)
    PendSV_Handler                           0x08004acd   Thumb Code     2  stm32f1xx_it.o(i.PendSV_Handler)
    SVC_Handler                              0x08004acf   Thumb Code     2  stm32f1xx_it.o(i.SVC_Handler)
    SendDataToOpenmv                         0x08004ad1   Thumb Code    48  openmv.o(i.SendDataToOpenmv)
    SetTargetRoom                            0x08004b11   Thumb Code   106  openmv.o(i.SetTargetRoom)
    SysTick_Handler                          0x08004b81   Thumb Code    94  stm32f1xx_it.o(i.SysTick_Handler)
    SystemClock_Config                       0x08004bfd   Thumb Code   122  main.o(i.SystemClock_Config)
    SystemInit                               0x08004c77   Thumb Code     2  system_stm32f1xx.o(i.SystemInit)
    TIM6_IRQHandler                          0x08004c79   Thumb Code     6  stm32f1xx_it.o(i.TIM6_IRQHandler)
    TIM7_IRQHandler                          0x08004c85   Thumb Code     6  stm32f1xx_it.o(i.TIM7_IRQHandler)
    TIM_Base_SetConfig                       0x08004c91   Thumb Code   120  stm32f1xx_hal_tim.o(i.TIM_Base_SetConfig)
    TIM_CCxChannelCmd                        0x08004d1d   Thumb Code    26  stm32f1xx_hal_tim.o(i.TIM_CCxChannelCmd)
    TIM_OC2_SetConfig                        0x08004d99   Thumb Code    98  stm32f1xx_hal_tim.o(i.TIM_OC2_SetConfig)
    UART_Start_Receive_IT                    0x0800506d   Thumb Code    54  stm32f1xx_hal_uart.o(i.UART_Start_Receive_IT)
    USART1_IRQHandler                        0x08005109   Thumb Code     6  stm32f1xx_it.o(i.USART1_IRQHandler)
    USART3_IRQHandler                        0x08005115   Thumb Code     6  stm32f1xx_it.o(i.USART3_IRQHandler)
    UsageFault_Handler                       0x08005121   Thumb Code     2  stm32f1xx_it.o(i.UsageFault_Handler)
    Usart_SendByte                           0x08005125   Thumb Code    18  bsp_debug.o(i.Usart_SendByte)
    Write_IIC_Byte                           0x0800513d   Thumb Code    86  oled.o(i.Write_IIC_Byte)
    Write_IIC_Command                        0x0800519d   Thumb Code    46  oled.o(i.Write_IIC_Command)
    Write_IIC_Data                           0x080051cb   Thumb Code    46  oled.o(i.Write_IIC_Data)
    __ARM_fpclassify                         0x080051f9   Thumb Code    40  fpclassify.o(i.__ARM_fpclassify)
    _is_digit                                0x08005241   Thumb Code    14  __printf_wp.o(i._is_digit)
    delay_init                               0x08005251   Thumb Code    16  bsp_delay.o(i.delay_init)
    delay_ms                                 0x08005265   Thumb Code    26  bsp_delay.o(i.delay_ms)
    delay_us                                 0x08005281   Thumb Code    48  bsp_delay.o(i.delay_us)
    location2_pid_control                    0x080052b5   Thumb Code    34  control.o(i.location2_pid_control)
    location_pid_control                     0x080052e9   Thumb Code    34  control.o(i.location_pid_control)
    location_pid_realize                     0x0800531d   Thumb Code    82  bsp_pid.o(i.location_pid_realize)
    main                                     0x08005371   Thumb Code  1336  main.o(i.main)
    set_motor2_direction                     0x080058a9   Thumb Code    34  control.o(i.set_motor2_direction)
    set_motor2_disable                       0x080058d5   Thumb Code    28  control.o(i.set_motor2_disable)
    set_motor2_enable                        0x080058f9   Thumb Code    28  control.o(i.set_motor2_enable)
    set_motor2_speed                         0x0800591d   Thumb Code    20  control.o(i.set_motor2_speed)
    set_motor_direction                      0x08005939   Thumb Code    34  control.o(i.set_motor_direction)
    set_motor_disable                        0x08005965   Thumb Code    28  control.o(i.set_motor_disable)
    set_motor_enable                         0x08005989   Thumb Code    28  control.o(i.set_motor_enable)
    set_motor_speed                          0x080059ad   Thumb Code    20  control.o(i.set_motor_speed)
    set_pid_target                           0x080059c9   Thumb Code     4  bsp_pid.o(i.set_pid_target)
    speed2_pid_control                       0x080059cd   Thumb Code    56  control.o(i.speed2_pid_control)
    speed_pid_control                        0x08005a19   Thumb Code    56  control.o(i.speed_pid_control)
    speed_pid_realize                        0x08005a65   Thumb Code   110  bsp_pid.o(i.speed_pid_realize)
    spin_Turn                                0x08005add   Thumb Code   144  control.o(i.spin_Turn)
    _get_lc_numeric                          0x08005ba1   Thumb Code    44  lc_numeric_c.o(locale$$code)
    __aeabi_d2f                              0x08005bcd   Thumb Code     0  d2f.o(x$fpl$d2f)
    _d2f                                     0x08005bcd   Thumb Code    98  d2f.o(x$fpl$d2f)
    __fpl_dcheck_NaN1                        0x08005c31   Thumb Code    10  dcheck1.o(x$fpl$dcheck1)
    __aeabi_ddiv                             0x08005c41   Thumb Code     0  ddiv.o(x$fpl$ddiv)
    _ddiv                                    0x08005c41   Thumb Code   552  ddiv.o(x$fpl$ddiv)
    __aeabi_d2iz                             0x08005ef1   Thumb Code     0  dfix.o(x$fpl$dfix)
    _dfix                                    0x08005ef1   Thumb Code    94  dfix.o(x$fpl$dfix)
    __aeabi_i2d                              0x08005f4f   Thumb Code     0  dflt_clz.o(x$fpl$dflt)
    _dflt                                    0x08005f4f   Thumb Code    46  dflt_clz.o(x$fpl$dflt)
    __aeabi_ui2d                             0x08005f7d   Thumb Code     0  dflt_clz.o(x$fpl$dfltu)
    _dfltu                                   0x08005f7d   Thumb Code    38  dflt_clz.o(x$fpl$dfltu)
    __aeabi_dmul                             0x08005fa5   Thumb Code     0  dmul.o(x$fpl$dmul)
    _dmul                                    0x08005fa5   Thumb Code   332  dmul.o(x$fpl$dmul)
    __fpl_dnaninf                            0x080060f9   Thumb Code   156  dnaninf.o(x$fpl$dnaninf)
    __fpl_dretinf                            0x08006195   Thumb Code    12  dretinf.o(x$fpl$dretinf)
    __aeabi_f2d                              0x080061a1   Thumb Code     0  f2d.o(x$fpl$f2d)
    _f2d                                     0x080061a1   Thumb Code    86  f2d.o(x$fpl$f2d)
    __aeabi_fadd                             0x080061f9   Thumb Code     0  faddsub_clz.o(x$fpl$fadd)
    _fadd                                    0x080061f9   Thumb Code   196  faddsub_clz.o(x$fpl$fadd)
    __fpl_fcheck_NaN1                        0x080062bd   Thumb Code     6  fcheck1.o(x$fpl$fcheck1)
    __fpl_fcmp_Inf                           0x080062c9   Thumb Code    24  fcmpi.o(x$fpl$fcmpinf)
    __aeabi_f2iz                             0x080062e1   Thumb Code     0  ffix.o(x$fpl$ffix)
    _ffix                                    0x080062e1   Thumb Code    54  ffix.o(x$fpl$ffix)
    __aeabi_i2f                              0x08006319   Thumb Code     0  fflt_clz.o(x$fpl$fflt)
    _fflt                                    0x08006319   Thumb Code    48  fflt_clz.o(x$fpl$fflt)
    __aeabi_cfcmple                          0x08006349   Thumb Code     0  fleqf.o(x$fpl$fleqf)
    _fcmple                                  0x08006349   Thumb Code   104  fleqf.o(x$fpl$fleqf)
    __fpl_fcmple_InfNaN                      0x0800639b   Thumb Code     0  fleqf.o(x$fpl$fleqf)
    __aeabi_fmul                             0x080063b1   Thumb Code     0  fmul.o(x$fpl$fmul)
    _fmul                                    0x080063b1   Thumb Code   258  fmul.o(x$fpl$fmul)
    __fpl_fnaninf                            0x080064b3   Thumb Code   140  fnaninf.o(x$fpl$fnaninf)
    __fpl_fretinf                            0x0800653f   Thumb Code    10  fretinf.o(x$fpl$fretinf)
    __aeabi_cfrcmple                         0x08006549   Thumb Code     0  frleqf.o(x$fpl$frleqf)
    _frcmple                                 0x08006549   Thumb Code    98  frleqf.o(x$fpl$frleqf)
    __aeabi_fsub                             0x080065ad   Thumb Code     0  faddsub_clz.o(x$fpl$fsub)
    _fsub                                    0x080065ad   Thumb Code   234  faddsub_clz.o(x$fpl$fsub)
    _printf_fp_dec                           0x08006697   Thumb Code     4  printf1.o(x$fpl$printf1)
    __fpl_return_NaN                         0x0800669b   Thumb Code   100  retnan.o(x$fpl$retnan)
    __ARM_scalbn                             0x080066ff   Thumb Code    92  scalbn.o(x$fpl$scalbn)
    __ARM_scalbnf                            0x0800675b   Thumb Code    76  scalbnf.o(x$fpl$scalbnf)
    __fpl_cmpreturn                          0x080067a7   Thumb Code    48  trapv.o(x$fpl$trapveneer)
    AHBPrescTable                            0x080067d6   Data          16  system_stm32f1xx.o(.constdata)
    __I$use$fp                               0x080067d6   Number         0  usenofp.o(x$fpl$usenofp)
    APBPrescTable                            0x080067e6   Data           8  system_stm32f1xx.o(.constdata)
    F6x8                                     0x080067ee   Data         552  oled.o(.constdata)
    F8X16                                    0x08006a16   Data        1520  oled.o(.constdata)
    Region$$Table$$Base                      0x0800709c   Number         0  anon$$obj.o(Region$$Table)
    Region$$Table$$Limit                     0x080070bc   Number         0  anon$$obj.o(Region$$Table)
    Do_count                                 0x20000000   Data           1  main.o(.data)
    Do2_count                                0x20000001   Data           1  main.o(.data)
    showOLEDTime                             0x20000002   Data           2  main.o(.data)
    SendTime                                 0x20000004   Data           2  main.o(.data)
    g_ucMainEventCount                       0x20000006   Data           1  stm32f1xx_it.o(.data)
    uwTickFreq                               0x20000008   Data           1  stm32f1xx_hal.o(.data)
    uwTickPrio                               0x2000000c   Data           4  stm32f1xx_hal.o(.data)
    uwTick                                   0x20000010   Data           4  stm32f1xx_hal.o(.data)
    SystemCoreClock                          0x20000014   Data           4  system_stm32f1xx.o(.data)
    BlueToothSendBuf                         0x20000018   Data           5  bluetooth.o(.data)
    Load_flag                                0x20000020   Data           1  bsp_graysensor.o(.data)
    L2_Val                                   0x20000021   Data           1  bsp_graysensor.o(.data)
    L1_Val                                   0x20000022   Data           1  bsp_graysensor.o(.data)
    M_Val                                    0x20000023   Data           1  bsp_graysensor.o(.data)
    R1_Val                                   0x20000024   Data           1  bsp_graysensor.o(.data)
    R2_Val                                   0x20000025   Data           1  bsp_graysensor.o(.data)
    LoadCount                                0x20000026   Data           1  bsp_graysensor.o(.data)
    NotLoadCount                             0x20000027   Data           1  bsp_graysensor.o(.data)
    ADC_Value                                0x20000028   Data           2  bsp_graysensor.o(.data)
    Line_Num                                 0x2000002c   Data           4  bsp_graysensor.o(.data)
    ADC_Volt                                 0x20000030   Data           4  bsp_graysensor.o(.data)
    g_nButton                                0x20000034   Data           1  bsp_key.o(.data)
    iButtonCount                             0x20000038   Data           4  bsp_key.o(.data)
    iButtonFlag                              0x2000003c   Data           4  bsp_key.o(.data)
    Menu_Item                                0x20000040   Data           1  menu.o(.data)
    g_nMotorPulse                            0x20000044   Data           2  encoder.o(.data)
    g_nMotor2Pulse                           0x20000046   Data           2  encoder.o(.data)
    g_lMotorPulseSigma                       0x20000048   Data           4  encoder.o(.data)
    g_lMotor2PulseSigma                      0x2000004c   Data           4  encoder.o(.data)
    BMP3                                     0x20000050   Data        1024  oled.o(.data)
    Num                                      0x20000450   Data           1  openmv.o(.data)
    LoR                                      0x20000451   Data           1  openmv.o(.data)
    Finded_flag                              0x20000452   Data           1  openmv.o(.data)
    FindTask                                 0x20000453   Data           1  openmv.o(.data)
    NumCount                                 0x20000454   Data           1  openmv.o(.data)
    TASK                                     0x20000455   Data           1  openmv.o(.data)
    TargetRoom                               0x20000456   Data           1  openmv.o(.data)
    LastNum                                  0x2000045a   Data           1  openmv.o(.data)
    uart3_rxbuff                             0x2000045b   Data           1  openmv.o(.data)
    RoomNum                                  0x2000045c   Data           1  openmv.o(.data)
    TargetNum                                0x2000045d   Data           1  openmv.o(.data)
    GetOpenmvDataCount                       0x20000460   Data           4  openmv.o(.data)
    sendBuf                                  0x20000464   Data           4  openmv.o(.data)
    FindStartFlag                            0x20000468   Data           1  openmv.o(.data)
    FindTimeCount                            0x2000046a   Data           2  openmv.o(.data)
    location_control_count                   0x20000470   Data           1  control.o(.data)
    is_motor_en                              0x20000473   Data           1  control.o(.data)
    is_motor2_en                             0x20000474   Data           1  control.o(.data)
    Line_flag                                0x20000475   Data           1  control.o(.data)
    Spin_start_flag                          0x20000476   Data           1  control.o(.data)
    Spin_succeed_flag                        0x20000477   Data           1  control.o(.data)
    Stop_Flag                                0x20000478   Data           1  control.o(.data)
    stop_count                               0x20000479   Data           1  control.o(.data)
    spin_count                               0x2000047a   Data           1  control.o(.data)
    MotorPWM                                 0x20000480   Data           4  control.o(.data)
    Motor2PWM                                0x20000484   Data           4  control.o(.data)
    g_fTargetJourney                         0x20000488   Data           4  control.o(.data)
    speed_Outval                             0x2000048c   Data           4  control.o(.data)
    location_Outval                          0x20000490   Data           4  control.o(.data)
    speed2_Outval                            0x20000494   Data           4  control.o(.data)
    location2_Outval                         0x20000498   Data           4  control.o(.data)
    Line_Outval                              0x2000049c   Data           4  control.o(.data)
    Motor_journey_cm                         0x200004a0   Data           4  control.o(.data)
    Motor2_journey_cm                        0x200004a4   Data           4  control.o(.data)
    WaitTimeCount                            0x200004a8   Data           2  control.o(.data)
    WaitFlag                                 0x200004aa   Data           1  control.o(.data)
    hadc2                                    0x200004ac   Data          48  adc.o(.bss)
    htim1                                    0x200004dc   Data          72  tim.o(.bss)
    htim3                                    0x20000524   Data          72  tim.o(.bss)
    htim5                                    0x2000056c   Data          72  tim.o(.bss)
    htim6                                    0x200005b4   Data          72  tim.o(.bss)
    htim7                                    0x200005fc   Data          72  tim.o(.bss)
    htim8                                    0x20000644   Data          72  tim.o(.bss)
    huart1                                   0x2000068c   Data          68  usart.o(.bss)
    huart3                                   0x200006d0   Data          68  usart.o(.bss)
    str_buff1                                0x20000714   Data          64  menu.o(.bss)
    str_buff2                                0x20000754   Data          64  menu.o(.bss)
    str_buff3                                0x20000794   Data          64  menu.o(.bss)
    str_buff4                                0x200007d4   Data          64  menu.o(.bss)
    str_buff5                                0x20000814   Data          64  menu.o(.bss)
    str_buff6                                0x20000854   Data          64  menu.o(.bss)
    pid_speed                                0x200008a8   Data          32  bsp_pid.o(.bss)
    pid_speed2                               0x200008c8   Data          32  bsp_pid.o(.bss)
    pid_location                             0x200008e8   Data          32  bsp_pid.o(.bss)
    pid_location2                            0x20000908   Data          32  bsp_pid.o(.bss)
    __libspace_start                         0x20000928   Data          96  libspace.o(.bss)
    __temporary_stack_top$libspace           0x20000988   Data           0  libspace.o(.bss)



==============================================================================

Memory Map of the image

  Image Entry point : 0x08000131

  Load Region LR_IROM1 (Base: 0x08000000, Size: 0x00007584, Max: 0x00080000, ABSOLUTE, COMPRESSED[0x000071d0])

    Execution Region ER_IROM1 (Base: 0x08000000, Size: 0x000070d8, Max: 0x00080000, ABSOLUTE)

    Base Addr    Size         Type   Attr      Idx    E Section Name        Object

    0x08000000   0x00000130   Data   RO            3    RESET               startup_stm32f103xe.o
    0x08000130   0x00000008   Code   RO         4100  * !!!main             c_w.l(__main.o)
    0x08000138   0x00000034   Code   RO         4384    !!!scatter          c_w.l(__scatter.o)
    0x0800016c   0x0000005a   Code   RO         4382    !!dczerorl2         c_w.l(__dczerorl2.o)
    0x080001c6   0x00000002   PAD
    0x080001c8   0x0000001c   Code   RO         4386    !!handler_zi        c_w.l(__scatter_zi.o)
    0x080001e4   0x00000000   Code   RO         4093    .ARM.Collect$$_printf_percent$$00000000  c_w.l(_printf_percent.o)
    0x080001e4   0x00000006   Code   RO         4092    .ARM.Collect$$_printf_percent$$00000003  c_w.l(_printf_f.o)
    0x080001ea   0x00000006   Code   RO         4091    .ARM.Collect$$_printf_percent$$00000009  c_w.l(_printf_d.o)
    0x080001f0   0x00000006   Code   RO         4090    .ARM.Collect$$_printf_percent$$00000013  c_w.l(_printf_c.o)
    0x080001f6   0x00000004   Code   RO         4161    .ARM.Collect$$_printf_percent$$00000017  c_w.l(_printf_percent_end.o)
    0x080001fa   0x00000002   Code   RO         4253    .ARM.Collect$$libinit$$00000000  c_w.l(libinit.o)
    0x080001fc   0x00000000   Code   RO         4255    .ARM.Collect$$libinit$$00000002  c_w.l(libinit2.o)
    0x080001fc   0x00000000   Code   RO         4257    .ARM.Collect$$libinit$$00000004  c_w.l(libinit2.o)
    0x080001fc   0x00000000   Code   RO         4260    .ARM.Collect$$libinit$$0000000A  c_w.l(libinit2.o)
    0x080001fc   0x00000000   Code   RO         4262    .ARM.Collect$$libinit$$0000000C  c_w.l(libinit2.o)
    0x080001fc   0x00000000   Code   RO         4264    .ARM.Collect$$libinit$$0000000E  c_w.l(libinit2.o)
    0x080001fc   0x00000006   Code   RO         4265    .ARM.Collect$$libinit$$0000000F  c_w.l(libinit2.o)
    0x08000202   0x00000000   Code   RO         4267    .ARM.Collect$$libinit$$00000011  c_w.l(libinit2.o)
    0x08000202   0x00000000   Code   RO         4269    .ARM.Collect$$libinit$$00000013  c_w.l(libinit2.o)
    0x08000202   0x00000000   Code   RO         4271    .ARM.Collect$$libinit$$00000015  c_w.l(libinit2.o)
    0x08000202   0x0000000a   Code   RO         4272    .ARM.Collect$$libinit$$00000016  c_w.l(libinit2.o)
    0x0800020c   0x00000000   Code   RO         4273    .ARM.Collect$$libinit$$00000017  c_w.l(libinit2.o)
    0x0800020c   0x00000000   Code   RO         4275    .ARM.Collect$$libinit$$00000019  c_w.l(libinit2.o)
    0x0800020c   0x00000000   Code   RO         4277    .ARM.Collect$$libinit$$0000001B  c_w.l(libinit2.o)
    0x0800020c   0x00000000   Code   RO         4279    .ARM.Collect$$libinit$$0000001D  c_w.l(libinit2.o)
    0x0800020c   0x00000000   Code   RO         4281    .ARM.Collect$$libinit$$0000001F  c_w.l(libinit2.o)
    0x0800020c   0x00000000   Code   RO         4283    .ARM.Collect$$libinit$$00000021  c_w.l(libinit2.o)
    0x0800020c   0x00000000   Code   RO         4285    .ARM.Collect$$libinit$$00000023  c_w.l(libinit2.o)
    0x0800020c   0x00000000   Code   RO         4287    .ARM.Collect$$libinit$$00000025  c_w.l(libinit2.o)
    0x0800020c   0x00000000   Code   RO         4291    .ARM.Collect$$libinit$$0000002C  c_w.l(libinit2.o)
    0x0800020c   0x00000000   Code   RO         4293    .ARM.Collect$$libinit$$0000002E  c_w.l(libinit2.o)
    0x0800020c   0x00000000   Code   RO         4295    .ARM.Collect$$libinit$$00000030  c_w.l(libinit2.o)
    0x0800020c   0x00000000   Code   RO         4297    .ARM.Collect$$libinit$$00000032  c_w.l(libinit2.o)
    0x0800020c   0x00000002   Code   RO         4298    .ARM.Collect$$libinit$$00000033  c_w.l(libinit2.o)
    0x0800020e   0x00000002   Code   RO         4330    .ARM.Collect$$libshutdown$$00000000  c_w.l(libshutdown.o)
    0x08000210   0x00000000   Code   RO         4341    .ARM.Collect$$libshutdown$$00000002  c_w.l(libshutdown2.o)
    0x08000210   0x00000000   Code   RO         4343    .ARM.Collect$$libshutdown$$00000004  c_w.l(libshutdown2.o)
    0x08000210   0x00000000   Code   RO         4346    .ARM.Collect$$libshutdown$$00000007  c_w.l(libshutdown2.o)
    0x08000210   0x00000000   Code   RO         4349    .ARM.Collect$$libshutdown$$0000000A  c_w.l(libshutdown2.o)
    0x08000210   0x00000000   Code   RO         4351    .ARM.Collect$$libshutdown$$0000000C  c_w.l(libshutdown2.o)
    0x08000210   0x00000000   Code   RO         4354    .ARM.Collect$$libshutdown$$0000000F  c_w.l(libshutdown2.o)
    0x08000210   0x00000002   Code   RO         4355    .ARM.Collect$$libshutdown$$00000010  c_w.l(libshutdown2.o)
    0x08000212   0x00000000   Code   RO         4150    .ARM.Collect$$rtentry$$00000000  c_w.l(__rtentry.o)
    0x08000212   0x00000000   Code   RO         4180    .ARM.Collect$$rtentry$$00000002  c_w.l(__rtentry2.o)
    0x08000212   0x00000006   Code   RO         4192    .ARM.Collect$$rtentry$$00000004  c_w.l(__rtentry4.o)
    0x08000218   0x00000000   Code   RO         4182    .ARM.Collect$$rtentry$$00000009  c_w.l(__rtentry2.o)
    0x08000218   0x00000004   Code   RO         4183    .ARM.Collect$$rtentry$$0000000A  c_w.l(__rtentry2.o)
    0x0800021c   0x00000000   Code   RO         4185    .ARM.Collect$$rtentry$$0000000C  c_w.l(__rtentry2.o)
    0x0800021c   0x00000008   Code   RO         4186    .ARM.Collect$$rtentry$$0000000D  c_w.l(__rtentry2.o)
    0x08000224   0x00000002   Code   RO         4301    .ARM.Collect$$rtexit$$00000000  c_w.l(rtexit.o)
    0x08000226   0x00000000   Code   RO         4308    .ARM.Collect$$rtexit$$00000002  c_w.l(rtexit2.o)
    0x08000226   0x00000004   Code   RO         4309    .ARM.Collect$$rtexit$$00000003  c_w.l(rtexit2.o)
    0x0800022a   0x00000006   Code   RO         4310    .ARM.Collect$$rtexit$$00000004  c_w.l(rtexit2.o)
    0x08000230   0x00000040   Code   RO            4    .text               startup_stm32f103xe.o
    0x08000270   0x00000028   Code   RO         4060    .text               c_w.l(noretval__2sprintf.o)
    0x08000298   0x0000004e   Code   RO         4064    .text               c_w.l(_printf_pad.o)
    0x080002e6   0x00000052   Code   RO         4066    .text               c_w.l(_printf_str.o)
    0x08000338   0x00000078   Code   RO         4068    .text               c_w.l(_printf_dec.o)
    0x080003b0   0x0000010e   Code   RO         4078    .text               c_w.l(__printf_wp.o)
    0x080004be   0x0000004e   Code   RO         4096    .text               c_w.l(rt_memclr_w.o)
    0x0800050c   0x00000006   Code   RO         4098    .text               c_w.l(heapauxi.o)
    0x08000512   0x000000b2   Code   RO         4151    .text               c_w.l(_printf_intcommon.o)
    0x080005c4   0x0000041e   Code   RO         4153    .text               c_w.l(_printf_fp_dec.o)
    0x080009e2   0x00000002   PAD
    0x080009e4   0x00000030   Code   RO         4155    .text               c_w.l(_printf_char_common.o)
    0x08000a14   0x0000000a   Code   RO         4157    .text               c_w.l(_sputc.o)
    0x08000a1e   0x0000002c   Code   RO         4159    .text               c_w.l(_printf_char.o)
    0x08000a4a   0x00000002   PAD
    0x08000a4c   0x00000008   Code   RO         4197    .text               c_w.l(rt_locale_intlibspace.o)
    0x08000a54   0x0000008a   Code   RO         4199    .text               c_w.l(lludiv10.o)
    0x08000ade   0x00000002   PAD
    0x08000ae0   0x00000080   Code   RO         4201    .text               c_w.l(_printf_fp_infnan.o)
    0x08000b60   0x000000e4   Code   RO         4205    .text               c_w.l(bigflt0.o)
    0x08000c44   0x00000008   Code   RO         4239    .text               c_w.l(libspace.o)
    0x08000c4c   0x0000004a   Code   RO         4242    .text               c_w.l(sys_stackheap_outer.o)
    0x08000c96   0x00000012   Code   RO         4244    .text               c_w.l(exit.o)
    0x08000ca8   0x00000080   Code   RO         4246    .text               c_w.l(strcmpv7m.o)
    0x08000d28   0x0000000c   Code   RO         4320    .text               c_w.l(sys_exit.o)
    0x08000d34   0x00000002   Code   RO         4331    .text               c_w.l(use_no_semi.o)
    0x08000d36   0x00000000   Code   RO         4333    .text               c_w.l(indicate_semi.o)
    0x08000d36   0x0000003e   Code   RO         4208    CL$$btod_d2e        c_w.l(btod.o)
    0x08000d74   0x00000046   Code   RO         4210    CL$$btod_d2e_denorm_low  c_w.l(btod.o)
    0x08000dba   0x00000060   Code   RO         4209    CL$$btod_d2e_norm_op1  c_w.l(btod.o)
    0x08000e1a   0x00000338   Code   RO         4218    CL$$btod_div_common  c_w.l(btod.o)
    0x08001152   0x000000dc   Code   RO         4215    CL$$btod_e2e        c_w.l(btod.o)
    0x0800122e   0x0000002a   Code   RO         4212    CL$$btod_ediv       c_w.l(btod.o)
    0x08001258   0x0000002a   Code   RO         4211    CL$$btod_emul       c_w.l(btod.o)
    0x08001282   0x00000244   Code   RO         4217    CL$$btod_mult_common  c_w.l(btod.o)
    0x080014c6   0x00000002   PAD
    0x080014c8   0x00000056   Code   RO          634    i.ADC_ConversionStop_Disable  stm32f1xx_hal_adc.o
    0x0800151e   0x00000002   PAD
    0x08001520   0x0000007c   Code   RO          638    i.ADC_Enable        stm32f1xx_hal_adc.o
    0x0800159c   0x00000030   Code   RO         3253    i.BlueToothTransmitData  bluetooth.o
    0x080015cc   0x00000002   Code   RO          440    i.BusFault_Handler  stm32f1xx_it.o
    0x080015ce   0x00000002   PAD
    0x080015d0   0x00000070   Code   RO         3462    i.ButtonScan        bsp_key.o
    0x08001640   0x0000007c   Code   RO         3918    i.Car_go            control.o
    0x080016bc   0x00000002   Code   RO          441    i.DebugMon_Handler  stm32f1xx_it.o
    0x080016be   0x00000006   Code   RO          442    i.EXTI4_IRQHandler  stm32f1xx_it.o
    0x080016c4   0x00000004   Code   RO           13    i.Error_Handler     main.o
    0x080016c8   0x0000003c   Code   RO         3554    i.GetMotorPulse     encoder.o
    0x08001704   0x00000078   Code   RO         3420    i.Get_Light_TTL     bsp_graysensor.o
    0x0800177c   0x000000d8   Code   RO          814    i.HAL_ADCEx_Calibration_Start  stm32f1xx_hal_adc_ex.o
    0x08001854   0x000000fc   Code   RO          640    i.HAL_ADC_ConfigChannel  stm32f1xx_hal_adc.o
    0x08001950   0x00000006   Code   RO          647    i.HAL_ADC_GetValue  stm32f1xx_hal_adc.o
    0x08001956   0x00000002   PAD
    0x08001958   0x00000120   Code   RO          649    i.HAL_ADC_Init      stm32f1xx_hal_adc.o
    0x08001a78   0x00000058   Code   RO          249    i.HAL_ADC_MspInit   adc.o
    0x08001ad0   0x0000013c   Code   RO          653    i.HAL_ADC_PollForConversion  stm32f1xx_hal_adc.o
    0x08001c0c   0x000000c0   Code   RO          655    i.HAL_ADC_Start     stm32f1xx_hal_adc.o
    0x08001ccc   0x00000046   Code   RO         1289    i.HAL_DMA_Abort     stm32f1xx_hal_dma.o
    0x08001d12   0x00000002   PAD
    0x08001d14   0x00000130   Code   RO         1290    i.HAL_DMA_Abort_IT  stm32f1xx_hal_dma.o
    0x08001e44   0x0000003c   Code   RO          443    i.HAL_GPIO_EXTI_Callback  stm32f1xx_it.o
    0x08001e80   0x00000018   Code   RO         1224    i.HAL_GPIO_EXTI_IRQHandler  stm32f1xx_hal_gpio.o
    0x08001e98   0x000001f8   Code   RO         1225    i.HAL_GPIO_Init     stm32f1xx_hal_gpio.o
    0x08002090   0x0000000a   Code   RO         1227    i.HAL_GPIO_ReadPin  stm32f1xx_hal_gpio.o
    0x0800209a   0x00000010   Code   RO         1228    i.HAL_GPIO_TogglePin  stm32f1xx_hal_gpio.o
    0x080020aa   0x0000000a   Code   RO         1229    i.HAL_GPIO_WritePin  stm32f1xx_hal_gpio.o
    0x080020b4   0x0000000c   Code   RO          921    i.HAL_GetTick       stm32f1xx_hal.o
    0x080020c0   0x00000010   Code   RO          927    i.HAL_IncTick       stm32f1xx_hal.o
    0x080020d0   0x00000024   Code   RO          928    i.HAL_Init          stm32f1xx_hal.o
    0x080020f4   0x00000040   Code   RO          929    i.HAL_InitTick      stm32f1xx_hal.o
    0x08002134   0x00000044   Code   RO          574    i.HAL_MspInit       stm32f1xx_hal_msp.o
    0x08002178   0x0000001a   Code   RO         1385    i.HAL_NVIC_EnableIRQ  stm32f1xx_hal_cortex.o
    0x08002192   0x00000002   PAD
    0x08002194   0x00000040   Code   RO         1391    i.HAL_NVIC_SetPriority  stm32f1xx_hal_cortex.o
    0x080021d4   0x00000024   Code   RO         1392    i.HAL_NVIC_SetPriorityGrouping  stm32f1xx_hal_cortex.o
    0x080021f8   0x000000d4   Code   RO         1187    i.HAL_RCCEx_GetPeriphCLKFreq  stm32f1xx_hal_rcc_ex.o
    0x080022cc   0x000000ec   Code   RO         1188    i.HAL_RCCEx_PeriphCLKConfig  stm32f1xx_hal_rcc_ex.o
    0x080023b8   0x0000012c   Code   RO         1085    i.HAL_RCC_ClockConfig  stm32f1xx_hal_rcc.o
    0x080024e4   0x00000020   Code   RO         1092    i.HAL_RCC_GetPCLK1Freq  stm32f1xx_hal_rcc.o
    0x08002504   0x00000020   Code   RO         1093    i.HAL_RCC_GetPCLK2Freq  stm32f1xx_hal_rcc.o
    0x08002524   0x0000006c   Code   RO         1094    i.HAL_RCC_GetSysClockFreq  stm32f1xx_hal_rcc.o
    0x08002590   0x00000320   Code   RO         1097    i.HAL_RCC_OscConfig  stm32f1xx_hal_rcc.o
    0x080028b0   0x00000018   Code   RO         1394    i.HAL_SYSTICK_CLKSourceConfig  stm32f1xx_hal_cortex.o
    0x080028c8   0x00000002   Code   RO         1395    i.HAL_SYSTICK_Callback  stm32f1xx_hal_cortex.o
    0x080028ca   0x00000028   Code   RO         1396    i.HAL_SYSTICK_Config  stm32f1xx_hal_cortex.o
    0x080028f2   0x00000008   Code   RO         1397    i.HAL_SYSTICK_IRQHandler  stm32f1xx_hal_cortex.o
    0x080028fa   0x00000002   Code   RO         2591    i.HAL_TIMEx_BreakCallback  stm32f1xx_hal_tim_ex.o
    0x080028fc   0x00000002   Code   RO         2592    i.HAL_TIMEx_CommutCallback  stm32f1xx_hal_tim_ex.o
    0x080028fe   0x00000054   Code   RO         2594    i.HAL_TIMEx_ConfigBreakDeadTime  stm32f1xx_hal_tim_ex.o
    0x08002952   0x00000002   PAD
    0x08002954   0x0000007c   Code   RO         2610    i.HAL_TIMEx_MasterConfigSynchronization  stm32f1xx_hal_tim_ex.o
    0x080029d0   0x0000005a   Code   RO         1887    i.HAL_TIM_Base_Init  stm32f1xx_hal_tim.o
    0x08002a2a   0x00000002   PAD
    0x08002a2c   0x00000064   Code   RO          291    i.HAL_TIM_Base_MspInit  tim.o
    0x08002a90   0x0000006c   Code   RO         1892    i.HAL_TIM_Base_Start_IT  stm32f1xx_hal_tim.o
    0x08002afc   0x000000a4   Code   RO         1908    i.HAL_TIM_Encoder_Init  stm32f1xx_hal_tim.o
    0x08002ba0   0x000000a8   Code   RO          293    i.HAL_TIM_Encoder_MspInit  tim.o
    0x08002c48   0x0000008e   Code   RO         1911    i.HAL_TIM_Encoder_Start  stm32f1xx_hal_tim.o
    0x08002cd6   0x00000002   Code   RO         1921    i.HAL_TIM_IC_CaptureCallback  stm32f1xx_hal_tim.o
    0x08002cd8   0x00000166   Code   RO         1935    i.HAL_TIM_IRQHandler  stm32f1xx_hal_tim.o
    0x08002e3e   0x00000002   PAD
    0x08002e40   0x00000078   Code   RO          294    i.HAL_TIM_MspPostInit  tim.o
    0x08002eb8   0x00000002   Code   RO         1938    i.HAL_TIM_OC_DelayElapsedCallback  stm32f1xx_hal_tim.o
    0x08002eba   0x000000c6   Code   RO         1959    i.HAL_TIM_PWM_ConfigChannel  stm32f1xx_hal_tim.o
    0x08002f80   0x0000005a   Code   RO         1962    i.HAL_TIM_PWM_Init  stm32f1xx_hal_tim.o
    0x08002fda   0x00000002   PAD
    0x08002fdc   0x00000040   Code   RO          296    i.HAL_TIM_PWM_MspInit  tim.o
    0x0800301c   0x00000002   Code   RO         1965    i.HAL_TIM_PWM_PulseFinishedCallback  stm32f1xx_hal_tim.o
    0x0800301e   0x00000002   PAD
    0x08003020   0x000000b4   Code   RO         1967    i.HAL_TIM_PWM_Start  stm32f1xx_hal_tim.o
    0x080030d4   0x0000007c   Code   RO         1970    i.HAL_TIM_PWM_Stop  stm32f1xx_hal_tim.o
    0x08003150   0x0000018c   Code   RO         3919    i.HAL_TIM_PeriodElapsedCallback  control.o
    0x080032dc   0x00000002   Code   RO         1978    i.HAL_TIM_TriggerCallback  stm32f1xx_hal_tim.o
    0x080032de   0x00000002   Code   RO         2869    i.HAL_UARTEx_RxEventCallback  stm32f1xx_hal_uart.o
    0x080032e0   0x00000002   Code   RO         2883    i.HAL_UART_ErrorCallback  stm32f1xx_hal_uart.o
    0x080032e2   0x00000002   PAD
    0x080032e4   0x0000020c   Code   RO         2886    i.HAL_UART_IRQHandler  stm32f1xx_hal_uart.o
    0x080034f0   0x00000062   Code   RO         2887    i.HAL_UART_Init     stm32f1xx_hal_uart.o
    0x08003552   0x00000002   PAD
    0x08003554   0x000000dc   Code   RO          393    i.HAL_UART_MspInit  usart.o
    0x08003630   0x0000002a   Code   RO         2892    i.HAL_UART_Receive_IT  stm32f1xx_hal_uart.o
    0x0800365a   0x00000002   PAD
    0x0800365c   0x00000030   Code   RO         3744    i.HAL_UART_RxCpltCallback  openmv.o
    0x0800368c   0x000000b2   Code   RO         2895    i.HAL_UART_Transmit  stm32f1xx_hal_uart.o
    0x0800373e   0x00000002   Code   RO         2898    i.HAL_UART_TxCpltCallback  stm32f1xx_hal_uart.o
    0x08003740   0x00000002   Code   RO          444    i.HardFault_Handler  stm32f1xx_it.o
    0x08003742   0x00000002   PAD
    0x08003744   0x0000003c   Code   RO         3584    i.IIC_Start         oled.o
    0x08003780   0x00000034   Code   RO         3585    i.IIC_Stop          oled.o
    0x080037b4   0x00000020   Code   RO         3586    i.IIC_Wait_Ack      oled.o
    0x080037d4   0x0000005c   Code   RO         3464    i.KEY_GPIO_Init     bsp_key.o
    0x08003830   0x00000038   Code   RO         3465    i.KEY_Scan          bsp_key.o
    0x08003868   0x00000070   Code   RO         3894    i.LED_Init          bsp_led.o
    0x080038d8   0x00000060   Code   RO         3421    i.Light_GoStraight_control  bsp_graysensor.o
    0x08003938   0x00000080   Code   RO         3422    i.LoadOrNot         bsp_graysensor.o
    0x080039b8   0x00000058   Code   RO         3920    i.Location_Speed_control  control.o
    0x08003a10   0x000000d4   Code   RO         3512    i.MENU_Item_KEY     menu.o
    0x08003ae4   0x00000050   Code   RO          250    i.MX_ADC2_Init      adc.o
    0x08003b34   0x00000108   Code   RO          224    i.MX_GPIO_Init      gpio.o
    0x08003c3c   0x0000006c   Code   RO          297    i.MX_TIM1_Init      tim.o
    0x08003ca8   0x0000006c   Code   RO          298    i.MX_TIM3_Init      tim.o
    0x08003d14   0x00000084   Code   RO          299    i.MX_TIM5_Init      tim.o
    0x08003d98   0x00000048   Code   RO          300    i.MX_TIM6_Init      tim.o
    0x08003de0   0x00000048   Code   RO          301    i.MX_TIM7_Init      tim.o
    0x08003e28   0x000000b4   Code   RO          302    i.MX_TIM8_Init      tim.o
    0x08003edc   0x00000038   Code   RO          394    i.MX_USART1_UART_Init  usart.o
    0x08003f14   0x00000038   Code   RO          395    i.MX_USART3_UART_Init  usart.o
    0x08003f4c   0x00000002   Code   RO          445    i.MemManage_Handler  stm32f1xx_it.o
    0x08003f4e   0x00000044   Code   RO         3921    i.MotorOutput       control.o
    0x08003f92   0x00000002   Code   RO          446    i.NMI_Handler       stm32f1xx_it.o
    0x08003f94   0x0000003a   Code   RO         3587    i.OLED_Clear        oled.o
    0x08003fce   0x00000002   PAD
    0x08003fd0   0x00000770   Code   RO         3513    i.OLED_Display      menu.o
    0x08004740   0x00000040   Code   RO         3590    i.OLED_DrawBMP      oled.o
    0x08004780   0x00000058   Code   RO         3591    i.OLED_GPIO_Init    oled.o
    0x080047d8   0x000000e2   Code   RO         3592    i.OLED_Init         oled.o
    0x080048ba   0x0000002a   Code   RO         3594    i.OLED_Set_Pos      oled.o
    0x080048e4   0x00000088   Code   RO         3597    i.OLED_ShowChar     oled.o
    0x0800496c   0x00000036   Code   RO         3599    i.OLED_ShowString   oled.o
    0x080049a2   0x0000000c   Code   RO         3600    i.OLED_WR_Byte      oled.o
    0x080049ae   0x00000002   PAD
    0x080049b0   0x000000b8   Code   RO         3745    i.Openmv_Receive_Data  openmv.o
    0x08004a68   0x00000064   Code   RO         3796    i.PID_param_init    bsp_pid.o
    0x08004acc   0x00000002   Code   RO          447    i.PendSV_Handler    stm32f1xx_it.o
    0x08004ace   0x00000002   Code   RO          448    i.SVC_Handler       stm32f1xx_it.o
    0x08004ad0   0x00000040   Code   RO         3746    i.SendDataToOpenmv  openmv.o
    0x08004b10   0x00000070   Code   RO         3747    i.SetTargetRoom     openmv.o
    0x08004b80   0x0000007c   Code   RO          449    i.SysTick_Handler   stm32f1xx_it.o
    0x08004bfc   0x0000007a   Code   RO           14    i.SystemClock_Config  main.o
    0x08004c76   0x00000002   Code   RO         3216    i.SystemInit        system_stm32f1xx.o
    0x08004c78   0x0000000c   Code   RO          450    i.TIM6_IRQHandler   stm32f1xx_it.o
    0x08004c84   0x0000000c   Code   RO          451    i.TIM7_IRQHandler   stm32f1xx_it.o
    0x08004c90   0x0000008c   Code   RO         1980    i.TIM_Base_SetConfig  stm32f1xx_hal_tim.o
    0x08004d1c   0x0000001a   Code   RO         1981    i.TIM_CCxChannelCmd  stm32f1xx_hal_tim.o
    0x08004d36   0x00000002   PAD
    0x08004d38   0x00000060   Code   RO         1993    i.TIM_OC1_SetConfig  stm32f1xx_hal_tim.o
    0x08004d98   0x0000006c   Code   RO         1994    i.TIM_OC2_SetConfig  stm32f1xx_hal_tim.o
    0x08004e04   0x00000068   Code   RO         1995    i.TIM_OC3_SetConfig  stm32f1xx_hal_tim.o
    0x08004e6c   0x00000050   Code   RO         1996    i.TIM_OC4_SetConfig  stm32f1xx_hal_tim.o
    0x08004ebc   0x00000010   Code   RO         2900    i.UART_DMAAbortOnError  stm32f1xx_hal_uart.o
    0x08004ecc   0x00000030   Code   RO         2910    i.UART_EndRxTransfer  stm32f1xx_hal_uart.o
    0x08004efc   0x000000b6   Code   RO         2912    i.UART_Receive_IT   stm32f1xx_hal_uart.o
    0x08004fb2   0x00000002   PAD
    0x08004fb4   0x000000b8   Code   RO         2913    i.UART_SetConfig    stm32f1xx_hal_uart.o
    0x0800506c   0x00000036   Code   RO         2915    i.UART_Start_Receive_IT  stm32f1xx_hal_uart.o
    0x080050a2   0x00000064   Code   RO         2916    i.UART_WaitOnFlagUntilTimeout  stm32f1xx_hal_uart.o
    0x08005106   0x00000002   PAD
    0x08005108   0x0000000c   Code   RO          452    i.USART1_IRQHandler  stm32f1xx_it.o
    0x08005114   0x0000000c   Code   RO          453    i.USART3_IRQHandler  stm32f1xx_it.o
    0x08005120   0x00000002   Code   RO          454    i.UsageFault_Handler  stm32f1xx_it.o
    0x08005122   0x00000002   PAD
    0x08005124   0x00000018   Code   RO         3288    i.Usart_SendByte    bsp_debug.o
    0x0800513c   0x00000060   Code   RO         3601    i.Write_IIC_Byte    oled.o
    0x0800519c   0x0000002e   Code   RO         3602    i.Write_IIC_Command  oled.o
    0x080051ca   0x0000002e   Code   RO         3603    i.Write_IIC_Data    oled.o
    0x080051f8   0x00000028   Code   RO         4237    i.__ARM_fpclassify  m_ws.l(fpclassify.o)
    0x08005220   0x00000020   Code   RO         1398    i.__NVIC_SetPriority  stm32f1xx_hal_cortex.o
    0x08005240   0x0000000e   Code   RO         4080    i._is_digit         c_w.l(__printf_wp.o)
    0x0800524e   0x00000002   PAD
    0x08005250   0x00000014   Code   RO         3856    i.delay_init        bsp_delay.o
    0x08005264   0x0000001a   Code   RO         3857    i.delay_ms          bsp_delay.o
    0x0800527e   0x00000002   PAD
    0x08005280   0x00000034   Code   RO         3858    i.delay_us          bsp_delay.o
    0x080052b4   0x00000034   Code   RO         3922    i.location2_pid_control  control.o
    0x080052e8   0x00000034   Code   RO         3923    i.location_pid_control  control.o
    0x0800531c   0x00000052   Code   RO         3798    i.location_pid_realize  bsp_pid.o
    0x0800536e   0x00000002   PAD
    0x08005370   0x00000538   Code   RO           15    i.main              main.o
    0x080058a8   0x0000002c   Code   RO         3924    i.set_motor2_direction  control.o
    0x080058d4   0x00000024   Code   RO         3925    i.set_motor2_disable  control.o
    0x080058f8   0x00000024   Code   RO         3926    i.set_motor2_enable  control.o
    0x0800591c   0x0000001c   Code   RO         3927    i.set_motor2_speed  control.o
    0x08005938   0x0000002c   Code   RO         3928    i.set_motor_direction  control.o
    0x08005964   0x00000024   Code   RO         3929    i.set_motor_disable  control.o
    0x08005988   0x00000024   Code   RO         3930    i.set_motor_enable  control.o
    0x080059ac   0x0000001c   Code   RO         3931    i.set_motor_speed   control.o
    0x080059c8   0x00000004   Code   RO         3800    i.set_pid_target    bsp_pid.o
    0x080059cc   0x0000004c   Code   RO         3932    i.speed2_pid_control  control.o
    0x08005a18   0x0000004c   Code   RO         3933    i.speed_pid_control  control.o
    0x08005a64   0x00000078   Code   RO         3801    i.speed_pid_realize  bsp_pid.o
    0x08005adc   0x000000c4   Code   RO         3934    i.spin_Turn         control.o
    0x08005ba0   0x0000002c   Code   RO         4231    locale$$code        c_w.l(lc_numeric_c.o)
    0x08005bcc   0x00000062   Code   RO         4102    x$fpl$d2f           fz_ws.l(d2f.o)
    0x08005c2e   0x00000002   PAD
    0x08005c30   0x00000010   Code   RO         4164    x$fpl$dcheck1       fz_ws.l(dcheck1.o)
    0x08005c40   0x000002b0   Code   RO         4105    x$fpl$ddiv          fz_ws.l(ddiv.o)
    0x08005ef0   0x0000005e   Code   RO         4108    x$fpl$dfix          fz_ws.l(dfix.o)
    0x08005f4e   0x0000002e   Code   RO         4113    x$fpl$dflt          fz_ws.l(dflt_clz.o)
    0x08005f7c   0x00000026   Code   RO         4112    x$fpl$dfltu         fz_ws.l(dflt_clz.o)
    0x08005fa2   0x00000002   PAD
    0x08005fa4   0x00000154   Code   RO         4118    x$fpl$dmul          fz_ws.l(dmul.o)
    0x080060f8   0x0000009c   Code   RO         4166    x$fpl$dnaninf       fz_ws.l(dnaninf.o)
    0x08006194   0x0000000c   Code   RO         4168    x$fpl$dretinf       fz_ws.l(dretinf.o)
    0x080061a0   0x00000056   Code   RO         4120    x$fpl$f2d           fz_ws.l(f2d.o)
    0x080061f6   0x00000002   PAD
    0x080061f8   0x000000c4   Code   RO         4122    x$fpl$fadd          fz_ws.l(faddsub_clz.o)
    0x080062bc   0x0000000c   Code   RO         4170    x$fpl$fcheck1       fz_ws.l(fcheck1.o)
    0x080062c8   0x00000018   Code   RO         4172    x$fpl$fcmpinf       fz_ws.l(fcmpi.o)
    0x080062e0   0x00000036   Code   RO         4128    x$fpl$ffix          fz_ws.l(ffix.o)
    0x08006316   0x00000002   PAD
    0x08006318   0x00000030   Code   RO         4133    x$fpl$fflt          fz_ws.l(fflt_clz.o)
    0x08006348   0x00000068   Code   RO         4138    x$fpl$fleqf         fz_ws.l(fleqf.o)
    0x080063b0   0x00000102   Code   RO         4140    x$fpl$fmul          fz_ws.l(fmul.o)
    0x080064b2   0x0000008c   Code   RO         4174    x$fpl$fnaninf       fz_ws.l(fnaninf.o)
    0x0800653e   0x0000000a   Code   RO         4176    x$fpl$fretinf       fz_ws.l(fretinf.o)
    0x08006548   0x00000062   Code   RO         4142    x$fpl$frleqf        fz_ws.l(frleqf.o)
    0x080065aa   0x00000002   PAD
    0x080065ac   0x000000ea   Code   RO         4124    x$fpl$fsub          fz_ws.l(faddsub_clz.o)
    0x08006696   0x00000004   Code   RO         4144    x$fpl$printf1       fz_ws.l(printf1.o)
    0x0800669a   0x00000064   Code   RO         4235    x$fpl$retnan        fz_ws.l(retnan.o)
    0x080066fe   0x0000005c   Code   RO         4146    x$fpl$scalbn        fz_ws.l(scalbn.o)
    0x0800675a   0x0000004c   Code   RO         4148    x$fpl$scalbnf       fz_ws.l(scalbnf.o)
    0x080067a6   0x00000030   Code   RO         4299    x$fpl$trapveneer    fz_ws.l(trapv.o)
    0x080067d6   0x00000000   Code   RO         4178    x$fpl$usenofp       fz_ws.l(usenofp.o)
    0x080067d6   0x00000010   Data   RO         3217    .constdata          system_stm32f1xx.o
    0x080067e6   0x00000008   Data   RO         3218    .constdata          system_stm32f1xx.o
    0x080067ee   0x00000818   Data   RO         3606    .constdata          oled.o
    0x08007006   0x00000002   PAD
    0x08007008   0x00000094   Data   RO         4206    .constdata          c_w.l(bigflt0.o)
    0x0800709c   0x00000020   Data   RO         4380    Region$$Table       anon$$obj.o
    0x080070bc   0x0000001c   Data   RO         4230    locale$$data        c_w.l(lc_numeric_c.o)


    Execution Region RW_IRAM1 (Base: 0x20000000, Size: 0x00000f88, Max: 0x00010000, ABSOLUTE, COMPRESSED[0x000000f8])

    Base Addr    Size         Type   Attr      Idx    E Section Name        Object

    0x20000000   0x00000006   Data   RW           16    .data               main.o
    0x20000006   0x00000002   Data   RW          455    .data               stm32f1xx_it.o
    0x20000008   0x0000000c   Data   RW          935    .data               stm32f1xx_hal.o
    0x20000014   0x00000004   Data   RW         3219    .data               system_stm32f1xx.o
    0x20000018   0x00000005   Data   RW         3254    .data               bluetooth.o
    0x2000001d   0x00000003   PAD
    0x20000020   0x00000014   Data   RW         3423    .data               bsp_graysensor.o
    0x20000034   0x0000000c   Data   RW         3468    .data               bsp_key.o
    0x20000040   0x00000001   Data   RW         3515    .data               menu.o
    0x20000041   0x00000003   PAD
    0x20000044   0x0000000c   Data   RW         3555    .data               encoder.o
    0x20000050   0x00000400   Data   RW         3610    .data               oled.o
    0x20000450   0x00000018   Data   RW         3749    .data               openmv.o
    0x20000468   0x00000001   Data   RW         3750    .data               openmv.o
    0x20000469   0x00000001   PAD
    0x2000046a   0x00000002   Data   RW         3751    .data               openmv.o
    0x2000046c   0x00000004   Data   RW         3859    .data               bsp_delay.o
    0x20000470   0x00000038   Data   RW         3935    .data               control.o
    0x200004a8   0x00000002   Data   RW         3938    .data               control.o
    0x200004aa   0x00000001   Data   RW         3939    .data               control.o
    0x200004ab   0x00000001   PAD
    0x200004ac   0x00000030   Zero   RW          251    .bss                adc.o
    0x200004dc   0x000001b0   Zero   RW          303    .bss                tim.o
    0x2000068c   0x00000088   Zero   RW          396    .bss                usart.o
    0x20000714   0x00000180   Zero   RW         3514    .bss                menu.o
    0x20000894   0x00000014   Zero   RW         3748    .bss                openmv.o
    0x200008a8   0x00000080   Zero   RW         3802    .bss                bsp_pid.o
    0x20000928   0x00000060   Zero   RW         4240    .bss                c_w.l(libspace.o)
    0x20000988   0x00000200   Zero   RW            2    HEAP                startup_stm32f103xe.o
    0x20000b88   0x00000400   Zero   RW            1    STACK               startup_stm32f103xe.o


==============================================================================

Image component sizes


      Code (inc. data)   RO Data    RW Data    ZI Data      Debug   Object Name

       168         22          0          0         48       1733   adc.o
        48         14          0          5          0       1315   bluetooth.o
        24          6          0          0          0        497   bsp_debug.o
        98          8          0          4          0       1903   bsp_delay.o
       344         38          0         20          0       2364   bsp_graysensor.o
       260         24          0         12          0       2554   bsp_key.o
       112         12          0          0          0        919   bsp_led.o
       306         26          0          0        128       3639   bsp_pid.o
      1416        282          0         59          0      13664   control.o
        60         14          0         12          0        926   encoder.o
       264         26          0          0          0       1079   gpio.o
      1462        160          0          6          0     515383   main.o
      2116        526          0          1        384       3181   menu.o
      1012         52       2072       1024          0      10102   oled.o
       408         56          0         27         20       3869   openmv.o
        64         26        304          0       1536        812   startup_stm32f103xe.o
       128         24          0         12          0       6061   stm32f1xx_hal.o
      1264         58          0          0          0       6760   stm32f1xx_hal_adc.o
       216          6          0          0          0       1474   stm32f1xx_hal_adc_ex.o
       232         14          0          0          0      30773   stm32f1xx_hal_cortex.o
       374          8          0          0          0       1899   stm32f1xx_hal_dma.o
       564         48          0          0          0       4863   stm32f1xx_hal_gpio.o
        68         10          0          0          0        914   stm32f1xx_hal_msp.o
      1272        100          0          0          0       5324   stm32f1xx_hal_rcc.o
       448         44          0          0          0       2633   stm32f1xx_hal_rcc_ex.o
      2016        106          0          0          0      15494   stm32f1xx_hal_tim.o
       212         20          0          0          0       3265   stm32f1xx_hal_tim_ex.o
      1432         10          0          0          0      10828   stm32f1xx_hal_uart.o
       254         68          0          2          0       8331   stm32f1xx_it.o
         2          0         24          4          0       1179   system_stm32f1xx.o
      1124        126          0          0        432       7069   tim.o
       332         38          0          0        136       2523   usart.o

    ----------------------------------------------------------------------
     18144       1972       2434       1196       2684     673330   Object Totals
         0          0         32          0          0          0   (incl. Generated)
        44          0          2          8          0          0   (incl. Padding)

    ----------------------------------------------------------------------

      Code (inc. data)   RO Data    RW Data    ZI Data      Debug   Library Member Name

        90          0          0          0          0          0   __dczerorl2.o
         8          0          0          0          0         68   __main.o
       284          0          0          0          0        156   __printf_wp.o
         0          0          0          0          0          0   __rtentry.o
        12          0          0          0          0          0   __rtentry2.o
         6          0          0          0          0          0   __rtentry4.o
        52          8          0          0          0          0   __scatter.o
        28          0          0          0          0          0   __scatter_zi.o
         6          0          0          0          0          0   _printf_c.o
        44          0          0          0          0        108   _printf_char.o
        48          6          0          0          0         96   _printf_char_common.o
         6          0          0          0          0          0   _printf_d.o
       120         16          0          0          0         92   _printf_dec.o
         6          0          0          0          0          0   _printf_f.o
      1054          0          0          0          0        216   _printf_fp_dec.o
       128         16          0          0          0         84   _printf_fp_infnan.o
       178          0          0          0          0         88   _printf_intcommon.o
        78          0          0          0          0        108   _printf_pad.o
         0          0          0          0          0          0   _printf_percent.o
         4          0          0          0          0          0   _printf_percent_end.o
        82          0          0          0          0         80   _printf_str.o
        10          0          0          0          0         68   _sputc.o
       228          4        148          0          0         96   bigflt0.o
      1936        128          0          0          0        672   btod.o
        18          0          0          0          0         80   exit.o
         6          0          0          0          0        152   heapauxi.o
         0          0          0          0          0          0   indicate_semi.o
        44         10         28          0          0         76   lc_numeric_c.o
         2          0          0          0          0          0   libinit.o
        18          0          0          0          0          0   libinit2.o
         2          0          0          0          0          0   libshutdown.o
         2          0          0          0          0          0   libshutdown2.o
         8          4          0          0         96         68   libspace.o
       138          0          0          0          0         80   lludiv10.o
        40          6          0          0          0         84   noretval__2sprintf.o
         8          4          0          0          0         68   rt_locale_intlibspace.o
        78          0          0          0          0         80   rt_memclr_w.o
         2          0          0          0          0          0   rtexit.o
        10          0          0          0          0          0   rtexit2.o
       128          0          0          0          0         68   strcmpv7m.o
        12          4          0          0          0         68   sys_exit.o
        74          0          0          0          0         80   sys_stackheap_outer.o
         2          0          0          0          0         68   use_no_semi.o
        98          4          0          0          0         92   d2f.o
        16          4          0          0          0         68   dcheck1.o
       688        140          0          0          0        208   ddiv.o
        94          4          0          0          0         92   dfix.o
        84          0          0          0          0        136   dflt_clz.o
       340         12          0          0          0        104   dmul.o
       156          4          0          0          0         92   dnaninf.o
        12          0          0          0          0         68   dretinf.o
        86          4          0          0          0         84   f2d.o
       430          8          0          0          0        168   faddsub_clz.o
        12          4          0          0          0         68   fcheck1.o
        24          0          0          0          0         68   fcmpi.o
        54          4          0          0          0         84   ffix.o
        48          0          0          0          0         68   fflt_clz.o
       104          4          0          0          0         84   fleqf.o
       258          4          0          0          0         84   fmul.o
       140          4          0          0          0         84   fnaninf.o
        10          0          0          0          0         68   fretinf.o
        98          0          0          0          0         68   frleqf.o
         4          0          0          0          0         68   printf1.o
       100          0          0          0          0         68   retnan.o
        92          0          0          0          0         68   scalbn.o
        76          0          0          0          0         68   scalbnf.o
        48          0          0          0          0         68   trapv.o
         0          0          0          0          0          0   usenofp.o
        40          0          0          0          0         68   fpclassify.o

    ----------------------------------------------------------------------
      8134        406        176          0         96       5100   Library Totals
        22          0          0          0          0          0   (incl. Padding)

    ----------------------------------------------------------------------

      Code (inc. data)   RO Data    RW Data    ZI Data      Debug   Library Name

      5000        206        176          0         96       2904   c_w.l
      3072        200          0          0          0       2128   fz_ws.l
        40          0          0          0          0         68   m_ws.l

    ----------------------------------------------------------------------
      8134        406        176          0         96       5100   Library Totals

    ----------------------------------------------------------------------

==============================================================================


      Code (inc. data)   RO Data    RW Data    ZI Data      Debug   

     26278       2378       2610       1196       2780     667402   Grand Totals
     26278       2378       2610        248       2780     667402   ELF Image Totals (compressed)
     26278       2378       2610        248          0          0   ROM Totals

==============================================================================

    Total RO  Size (Code + RO Data)                28888 (  28.21kB)
    Total RW  Size (RW Data + ZI Data)              3976 (   3.88kB)
    Total ROM Size (Code + RO Data + RW Data)      29136 (  28.45kB)

==============================================================================

