Component: ARM Compiler 5.06 update 7 (build 960) Tool: armlink [4d3601]

==============================================================================

Section Cross References

    startup_stm32f407xx.o(RESET) refers to startup_stm32f407xx.o(STACK) for __initial_sp
    startup_stm32f407xx.o(RESET) refers to startup_stm32f407xx.o(.text) for Reset_Handler
    startup_stm32f407xx.o(RESET) refers to stm32f4xx_it.o(i.NMI_Handler) for NMI_Handler
    startup_stm32f407xx.o(RESET) refers to stm32f4xx_it.o(i.HardFault_Handler) for HardFault_Handler
    startup_stm32f407xx.o(RESET) refers to stm32f4xx_it.o(i.MemManage_Handler) for MemManage_Handler
    startup_stm32f407xx.o(RESET) refers to stm32f4xx_it.o(i.BusFault_Handler) for BusFault_Handler
    startup_stm32f407xx.o(RESET) refers to stm32f4xx_it.o(i.UsageFault_Handler) for UsageFault_Handler
    startup_stm32f407xx.o(RESET) refers to port.o(.emb_text) for SVC_Handler
    startup_stm32f407xx.o(RESET) refers to stm32f4xx_it.o(i.DebugMon_Handler) for DebugMon_Handler
    startup_stm32f407xx.o(RESET) refers to port.o(i.SysTick_Handler) for SysTick_Handler
    startup_stm32f407xx.o(RESET) refers to stm32f4xx_it.o(i.USART1_IRQHandler) for USART1_IRQHandler
    startup_stm32f407xx.o(RESET) refers to stm32f4xx_it.o(i.TIM6_DAC_IRQHandler) for TIM6_DAC_IRQHandler
    startup_stm32f407xx.o(RESET) refers to stm32f4xx_it.o(i.USART6_IRQHandler) for USART6_IRQHandler
    startup_stm32f407xx.o(.text) refers to system_stm32f4xx.o(i.SystemInit) for SystemInit
    startup_stm32f407xx.o(.text) refers to entry.o(.ARM.Collect$$$$00000000) for __main
    main.o(i.HAL_TIM_PeriodElapsedCallback) refers to stm32f4xx_hal.o(i.HAL_IncTick) for HAL_IncTick
    main.o(i.SystemClock_Config) refers to memseta.o(.text) for __aeabi_memclr4
    main.o(i.SystemClock_Config) refers to stm32f4xx_hal_rcc.o(i.HAL_RCC_OscConfig) for HAL_RCC_OscConfig
    main.o(i.SystemClock_Config) refers to stm32f4xx_hal_rcc.o(i.HAL_RCC_ClockConfig) for HAL_RCC_ClockConfig
    main.o(i.main) refers to stm32f4xx_hal.o(i.HAL_Init) for HAL_Init
    main.o(i.main) refers to main.o(i.SystemClock_Config) for SystemClock_Config
    main.o(i.main) refers to gpio.o(i.MX_GPIO_Init) for MX_GPIO_Init
    main.o(i.main) refers to tim.o(i.MX_TIM1_Init) for MX_TIM1_Init
    main.o(i.main) refers to usart.o(i.MX_USART6_UART_Init) for MX_USART6_UART_Init
    main.o(i.main) refers to usart.o(i.MX_USART1_UART_Init) for MX_USART1_UART_Init
    main.o(i.main) refers to tim.o(i.MX_TIM8_Init) for MX_TIM8_Init
    main.o(i.main) refers to stm32f4xx_hal_tim.o(i.HAL_TIM_Base_Start) for HAL_TIM_Base_Start
    main.o(i.main) refers to stm32f4xx_hal_tim.o(i.HAL_TIM_PWM_Start) for HAL_TIM_PWM_Start
    main.o(i.main) refers to y_servo.o(i.servo_init) for servo_init
    main.o(i.main) refers to stm32f4xx_hal.o(i.HAL_Delay) for HAL_Delay
    main.o(i.main) refers to y_kinematics.o(i.setup_kinematics) for setup_kinematics
    main.o(i.main) refers to stm32f4xx_hal_uart.o(i.HAL_UART_Receive_IT) for HAL_UART_Receive_IT
    main.o(i.main) refers to freertos.o(i.MX_FREERTOS_Init) for MX_FREERTOS_Init
    main.o(i.main) refers to cmsis_os.o(i.osKernelStart) for osKernelStart
    main.o(i.main) refers to tim.o(.bss) for htim1
    main.o(i.main) refers to y_kinematics.o(.bss) for kinematics
    main.o(i.main) refers to main.o(.data) for .data
    main.o(i.main) refers to hmi.o(.data) for revbuf
    main.o(i.main) refers to usart.o(.bss) for huart1
    main.o(i.main) refers to openmv_rx_tx.o(.data) for USART2_Rxbuffer
    main.o(i.main) refers to flow_task.o(.bss) for blackStack
    freertos.o(i.MX_FREERTOS_Init) refers to memcpya.o(.text) for __aeabi_memcpy4
    freertos.o(i.MX_FREERTOS_Init) refers to cmsis_os.o(i.osThreadCreate) for osThreadCreate
    freertos.o(i.MX_FREERTOS_Init) refers to freertos.o(.constdata) for .constdata
    freertos.o(i.MX_FREERTOS_Init) refers to freertos.o(.data) for .data
    freertos.o(i.StartDefaultTask) refers to cmsis_os.o(i.osDelay) for osDelay
    freertos.o(i.vApplicationGetIdleTaskMemory) refers to freertos.o(.bss) for .bss
    freertos.o(.constdata) refers to freertos.o(.conststring) for .conststring
    freertos.o(.constdata) refers to freertos.o(i.StartDefaultTask) for StartDefaultTask
    freertos.o(.constdata) refers to servo_task.o(i.servo_Task) for servo_Task
    freertos.o(.constdata) refers to flow_task.o(i.flow_Task) for flow_Task
    freertos.o(.constdata) refers to hmi.o(i.HMI_Task) for HMI_Task
    tim.o(i.HAL_TIM_MspPostInit) refers to memseta.o(.text) for __aeabi_memclr4
    tim.o(i.HAL_TIM_MspPostInit) refers to stm32f4xx_hal_gpio.o(i.HAL_GPIO_Init) for HAL_GPIO_Init
    tim.o(i.MX_TIM1_Init) refers to memseta.o(.text) for __aeabi_memclr4
    tim.o(i.MX_TIM1_Init) refers to stm32f4xx_hal_tim.o(i.HAL_TIM_PWM_Init) for HAL_TIM_PWM_Init
    tim.o(i.MX_TIM1_Init) refers to main.o(i.Error_Handler) for Error_Handler
[...]
    i.HAL_UART_Transmit_IT                   0x08001f94   Section        0  stm32f4xx_hal_uart.o(i.HAL_UART_Transmit_IT)
    i.HAL_UART_TxCpltCallback                0x08001fc8   Section        0  openmv_rx_tx.o(i.HAL_UART_TxCpltCallback)
    i.HMI_Task                               0x08001fe4   Section        0  hmi.o(i.HMI_Task)
    i.HMI_send_number                        0x08002054   Section        0  hmi.o(i.HMI_send_number)
    i.HardFault_Handler                      0x0800206c   Section        0  stm32f4xx_it.o(i.HardFault_Handler)
    i.MX_FREERTOS_Init                       0x08002070   Section        0  freertos.o(i.MX_FREERTOS_Init)
    i.MX_GPIO_Init                           0x080020d8   Section        0  gpio.o(i.MX_GPIO_Init)
    i.MX_TIM1_Init                           0x08002144   Section        0  tim.o(i.MX_TIM1_Init)
    i.MX_TIM8_Init                           0x0800221c   Section        0  tim.o(i.MX_TIM8_Init)
    i.MX_USART1_UART_Init                    0x080022bc   Section        0  usart.o(i.MX_USART1_UART_Init)
    i.MX_USART6_UART_Init                    0x080022f4   Section        0  usart.o(i.MX_USART6_UART_Init)
    i.MemManage_Handler                      0x0800232c   Section        0  stm32f4xx_it.o(i.MemManage_Handler)
    i.NMI_Handler                            0x0800232e   Section        0  stm32f4xx_it.o(i.NMI_Handler)
    i.Receive_Data_from_Openmv               0x08002330   Section        0  openmv_rx_tx.o(i.Receive_Data_from_Openmv)
    i.Send_Data_To_Openmv                    0x08002434   Section        0  openmv_rx_tx.o(i.Send_Data_To_Openmv)
    i.StartDefaultTask                       0x0800245c   Section        0  freertos.o(i.StartDefaultTask)
    i.SysTick_Handler                        0x08002464   Section        0  port.o(i.SysTick_Handler)
    i.SystemClock_Config                     0x08002490   Section        0  main.o(i.SystemClock_Config)
    i.SystemInit                             0x08002524   Section        0  system_stm32f4xx.o(i.SystemInit)
    i.TIM6_DAC_IRQHandler                    0x08002534   Section        0  stm32f4xx_it.o(i.TIM6_DAC_IRQHandler)
    i.TIM_Base_SetConfig                     0x08002540   Section        0  stm32f4xx_hal_tim.o(i.TIM_Base_SetConfig)
    i.TIM_CCxChannelCmd                      0x08002618   Section        0  stm32f4xx_hal_tim.o(i.TIM_CCxChannelCmd)
    i.TIM_OC1_SetConfig                      0x08002634   Section        0  stm32f4xx_hal_tim.o(i.TIM_OC1_SetConfig)
    TIM_OC1_SetConfig                        0x08002635   Thumb Code    88  stm32f4xx_hal_tim.o(i.TIM_OC1_SetConfig)
    i.TIM_OC2_SetConfig                      0x08002694   Section        0  stm32f4xx_hal_tim.o(i.TIM_OC2_SetConfig)
    i.TIM_OC3_SetConfig                      0x08002700   Section        0  stm32f4xx_hal_tim.o(i.TIM_OC3_SetConfig)
    TIM_OC3_SetConfig                        0x08002701   Thumb Code    96  stm32f4xx_hal_tim.o(i.TIM_OC3_SetConfig)
    i.TIM_OC4_SetConfig                      0x08002768   Section        0  stm32f4xx_hal_tim.o(i.TIM_OC4_SetConfig)
    TIM_OC4_SetConfig                        0x08002769   Thumb Code    70  stm32f4xx_hal_tim.o(i.TIM_OC4_SetConfig)
    i.UART_DMAAbortOnError                   0x080027b8   Section        0  stm32f4xx_hal_uart.o(i.UART_DMAAbortOnError)
    UART_DMAAbortOnError                     0x080027b9   Thumb Code    16  stm32f4xx_hal_uart.o(i.UART_DMAAbortOnError)
    i.UART_EndRxTransfer                     0x080027c8   Section        0  stm32f4xx_hal_uart.o(i.UART_EndRxTransfer)
    UART_EndRxTransfer                       0x080027c9   Thumb Code    78  stm32f4xx_hal_uart.o(i.UART_EndRxTransfer)
    i.UART_Receive_IT                        0x08002816   Section        0  stm32f4xx_hal_uart.o(i.UART_Receive_IT)
    UART_Receive_IT                          0x08002817   Thumb Code   194  stm32f4xx_hal_uart.o(i.UART_Receive_IT)
    i.UART_SetConfig                         0x080028d8   Section        0  stm32f4xx_hal_uart.o(i.UART_SetConfig)
    UART_SetConfig                           0x080028d9   Thumb Code   258  stm32f4xx_hal_uart.o(i.UART_SetConfig)
    i.UART_Start_Receive_IT                  0x080029e4   Section        0  stm32f4xx_hal_uart.o(i.UART_Start_Receive_IT)
    i.UART_WaitOnFlagUntilTimeout            0x08002a1a   Section        0  stm32f4xx_hal_uart.o(i.UART_WaitOnFlagUntilTimeout)
    UART_WaitOnFlagUntilTimeout              0x08002a1b   Thumb Code   114  stm32f4xx_hal_uart.o(i.UART_WaitOnFlagUntilTimeout)
    i.USART1_IRQHandler                      0x08002a8c   Section        0  stm32f4xx_it.o(i.USART1_IRQHandler)
    i.USART6_IRQHandler                      0x08002a98   Section        0  stm32f4xx_it.o(i.USART6_IRQHandler)
    i.UsageFault_Handler                     0x08002aa4   Section        0  stm32f4xx_it.o(i.UsageFault_Handler)
    i.__0printf$3                            0x08002aa8   Section        0  printf3.o(i.__0printf$3)
    i.__ARM_fpclassify                       0x08002ac8   Section        0  fpclassify.o(i.__ARM_fpclassify)
    i.__ARM_fpclassifyf                      0x08002af8   Section        0  fpclassifyf.o(i.__ARM_fpclassifyf)
    i.__NVIC_SetPriority                     0x08002b1e   Section        0  stm32f4xx_hal_cortex.o(i.__NVIC_SetPriority)
    __NVIC_SetPriority                       0x08002b1f   Thumb Code    32  stm32f4xx_hal_cortex.o(i.__NVIC_SetPriority)
    i.__hardfp_acosf                         0x08002b40   Section        0  acosf.o(i.__hardfp_acosf)
    i.__hardfp_atanf                         0x08002c58   Section        0  atanf.o(i.__hardfp_atanf)
    i.__hardfp_cos                           0x08002db8   Section        0  cos.o(i.__hardfp_cos)
    i.__hardfp_sin                           0x08002e80   Section        0  sin.o(i.__hardfp_sin)
    i.__hardfp_sqrt                          0x08002f48   Section        0  sqrt.o(i.__hardfp_sqrt)
    i.__ieee754_rem_pio2                     0x08002fc8   Section        0  rred.o(i.__ieee754_rem_pio2)
    i.__kernel_cos                           0x08003400   Section        0  cos_i.o(i.__kernel_cos)
    i.__kernel_poly                          0x08003570   Section        0  poly.o(i.__kernel_poly)
    i.__kernel_sin                           0x08003668   Section        0  sin_i.o(i.__kernel_sin)
    i.__mathlib_dbl_infnan                   0x08003798   Section        0  dunder.o(i.__mathlib_dbl_infnan)
    i.__mathlib_dbl_invalid                  0x080037b0   Section        0  dunder.o(i.__mathlib_dbl_invalid)
    i.__mathlib_dbl_underflow                0x080037d0   Section        0  dunder.o(i.__mathlib_dbl_underflow)
    i.__mathlib_flt_infnan                   0x080037f0   Section        0  funder.o(i.__mathlib_flt_infnan)
    i.__mathlib_flt_invalid                  0x080037f8   Section        0  funder.o(i.__mathlib_flt_invalid)
    i.__mathlib_flt_underflow                0x08003808   Section        0  funder.o(i.__mathlib_flt_underflow)
    i.__scatterload_copy                     0x08003818   Section       14  handlers.o(i.__scatterload_copy)
    i.__scatterload_null                     0x08003826   Section        2  handlers.o(i.__scatterload_null)
    i.__scatterload_zeroinit                 0x08003828   Section       14  handlers.o(i.__scatterload_zeroinit)
    i.__set_errno                            0x08003838   Section        0  errno.o(i.__set_errno)
    i._printf_core                           0x08003844   Section        0  printf3.o(i._printf_core)
    _printf_core                             0x08003845   Thumb Code   436  printf3.o(i._printf_core)
    i.abs_float                              0x080039fc   Section        0  y_global.o(i.abs_float)
    i.drop_chess                             0x08003a0c   Section        0  flow_task.o(i.drop_chess)
    i.fabs                                   0x08003a6c   Section        0  fabs.o(i.fabs)
    i.flow_Task                              0x08003a84   Section        0  flow_task.o(i.flow_Task)
    i.fputc                                  0x08003bd8   Section        0  hmi.o(i.fputc)
    i.get_chess                              0x08003bf0   Section        0  flow_task.o(i.get_chess)
    i.home                                   0x08003c50   Section        0  flow_task.o(i.home)
    i.kinematics_analysisa                   0x08003c70   Section        0  y_kinematics.o(i.kinematics_analysisa)
    i.kinematics_move                        0x080040d4   Section        0  y_global.o(i.kinematics_move)
    i.magnet_off                             0x08004108   Section        0  flow_task.o(i.magnet_off)
    i.magnet_on                              0x08004118   Section        0  flow_task.o(i.magnet_on)
    i.main                                   0x08004128   Section        0  main.o(i.main)
    i.makeFreeRtosPriority                   0x08004324   Section        0  cmsis_os.o(i.makeFreeRtosPriority)
    makeFreeRtosPriority                     0x08004325   Thumb Code    12  cmsis_os.o(i.makeFreeRtosPriority)
    i.osDelay                                0x08004330   Section        0  cmsis_os.o(i.osDelay)
    i.osKernelStart                          0x0800433e   Section        0  cmsis_os.o(i.osKernelStart)
    i.osThreadCreate                         0x08004348   Section        0  cmsis_os.o(i.osThreadCreate)
    i.prvAddCurrentTaskToDelayedList         0x0800439c   Section        0  tasks.o(i.prvAddCurrentTaskToDelayedList)
    prvAddCurrentTaskToDelayedList           0x0800439d   Thumb Code   102  tasks.o(i.prvAddCurrentTaskToDelayedList)
    i.prvAddNewTaskToReadyList               0x0800440c   Section        0  tasks.o(i.prvAddNewTaskToReadyList)
    prvAddNewTaskToReadyList                 0x0800440d   Thumb Code   194  tasks.o(i.prvAddNewTaskToReadyList)
    i.prvDeleteTCB                           0x080044dc   Section        0  tasks.o(i.prvDeleteTCB)
    prvDeleteTCB                             0x080044dd   Thumb Code    52  tasks.o(i.prvDeleteTCB)
    i.prvHeapInit                            0x08004510   Section        0  heap_4.o(i.prvHeapInit)
    prvHeapInit                              0x08004511   Thumb Code    66  heap_4.o(i.prvHeapInit)
    i.prvIdleTask                            0x0800455c   Section        0  tasks.o(i.prvIdleTask)
    prvIdleTask                              0x0800455d   Thumb Code    82  tasks.o(i.prvIdleTask)
    i.prvInitialiseNewTask                   0x080045bc   Section        0  tasks.o(i.prvInitialiseNewTask)
    prvInitialiseNewTask                     0x080045bd   Thumb Code   152  tasks.o(i.prvInitialiseNewTask)
    i.prvInsertBlockIntoFreeList             0x08004654   Section        0  heap_4.o(i.prvInsertBlockIntoFreeList)
    prvInsertBlockIntoFreeList               0x08004655   Thumb Code    72  heap_4.o(i.prvInsertBlockIntoFreeList)
    i.prvResetNextTaskUnblockTime            0x080046a0   Section        0  tasks.o(i.prvResetNextTaskUnblockTime)
    prvResetNextTaskUnblockTime              0x080046a1   Thumb Code    26  tasks.o(i.prvResetNextTaskUnblockTime)
    i.prvTaskExitError                       0x080046c0   Section        0  port.o(i.prvTaskExitError)
    prvTaskExitError                         0x080046c1   Thumb Code    36  port.o(i.prvTaskExitError)
    i.put_chess                              0x080046e8   Section        0  flow_task.o(i.put_chess)
    i.pvPortMalloc                           0x08004728   Section        0  heap_4.o(i.pvPortMalloc)
    i.pxPortInitialiseStack                  0x08004804   Section        0  port.o(i.pxPortInitialiseStack)
    i.robot_arm_move                         0x08004830   Section        0  flow_task.o(i.robot_arm_move)
    i.servo_Task                             0x08004844   Section        0  servo_task.o(i.servo_Task)
    i.servo_inc_offset                       0x080048b8   Section        0  y_servo.o(i.servo_inc_offset)
    i.servo_init                             0x08004950   Section        0  y_servo.o(i.servo_init)
    i.set_servo                              0x08004a14   Section        0  y_global.o(i.set_servo)
    i.setup_kinematics                       0x08004a7c   Section        0  y_kinematics.o(i.setup_kinematics)
    i.sqrtf                                  0x08004aa2   Section        0  sqrtf.o(i.sqrtf)
    i.uxListRemove                           0x08004ae0   Section        0  list.o(i.uxListRemove)
    i.vApplicationGetIdleTaskMemory          0x08004b08   Section        0  freertos.o(i.vApplicationGetIdleTaskMemory)
    i.vListInitialise                        0x08004b1c   Section        0  list.o(i.vListInitialise)
    i.vListInitialiseItem                    0x08004b32   Section        0  list.o(i.vListInitialiseItem)
    i.vListInsert                            0x08004b38   Section        0  list.o(i.vListInsert)
    i.vListInsertEnd                         0x08004b68   Section        0  list.o(i.vListInsertEnd)
    i.vPortEnterCritical                     0x08004b80   Section        0  port.o(i.vPortEnterCritical)
    i.vPortExitCritical                      0x08004bc0   Section        0  port.o(i.vPortExitCritical)
    i.vPortFree                              0x08004be8   Section        0  heap_4.o(i.vPortFree)
    i.vPortSetupTimerInterrupt               0x08004c4c   Section        0  port.o(i.vPortSetupTimerInterrupt)
    i.vTaskDelay                             0x08004c70   Section        0  tasks.o(i.vTaskDelay)
    i.vTaskStartScheduler                    0x08004cbc   Section        0  tasks.o(i.vTaskStartScheduler)
    i.vTaskSuspendAll                        0x08004d28   Section        0  tasks.o(i.vTaskSuspendAll)
    i.vTaskSwitchContext                     0x08004d38   Section        0  tasks.o(i.vTaskSwitchContext)
    i.xPortStartScheduler                    0x08004d94   Section        0  port.o(i.xPortStartScheduler)
    i.xTaskCreate                            0x08004e88   Section        0  tasks.o(i.xTaskCreate)
    i.xTaskCreateStatic                      0x08004ee2   Section        0  tasks.o(i.xTaskCreateStatic)
    i.xTaskIncrementTick                     0x08004f38   Section        0  tasks.o(i.xTaskIncrementTick)
    i.xTaskResumeAll                         0x08005004   Section        0  tasks.o(i.xTaskResumeAll)
    .constdata                               0x080050c8   Section      112  freertos.o(.constdata)
    .constdata                               0x08005138   Section       16  system_stm32f4xx.o(.constdata)
    .constdata                               0x08005148   Section        8  system_stm32f4xx.o(.constdata)
    .constdata                               0x08005150   Section       48  cos_i.o(.constdata)
    C                                        0x08005150   Data          48  cos_i.o(.constdata)
    .constdata                               0x08005180   Section      200  rred.o(.constdata)
    pio2s                                    0x08005180   Data          48  rred.o(.constdata)
    twooverpi                                0x080051b0   Data         152  rred.o(.constdata)
    .constdata                               0x08005248   Section       40  sin_i.o(.constdata)
    S                                        0x08005248   Data          40  sin_i.o(.constdata)
    .conststring                             0x08005270   Section       41  freertos.o(.conststring)
    .data                                    0x20000000   Section        4  main.o(.data)
    .data                                    0x20000004   Section       16  freertos.o(.data)
    .data                                    0x20000014   Section       12  stm32f4xx_hal.o(.data)
    .data                                    0x20000020   Section        4  system_stm32f4xx.o(.data)
    .data                                    0x20000024   Section       24  y_kinematics.o(.data)
    .data                                    0x2000003c   Section        3  flow_task.o(.data)
    .data                                    0x2000003f   Section        6  hmi.o(.data)
    .data                                    0x20000045   Section        1  hmi.o(.data)
    .data                                    0x20000046   Section       16  openmv_rx_tx.o(.data)
    .data                                    0x20000058   Section       60  tasks.o(.data)
    uxDeletedTasksWaitingCleanUp             0x2000005c   Data           4  tasks.o(.data)
    uxCurrentNumberOfTasks                   0x20000060   Data           4  tasks.o(.data)
    xTickCount                               0x20000064   Data           4  tasks.o(.data)
    uxTopReadyPriority                       0x20000068   Data           4  tasks.o(.data)
    xSchedulerRunning                        0x2000006c   Data           4  tasks.o(.data)
    xPendedTicks                             0x20000070   Data           4  tasks.o(.data)
    xYieldPending                            0x20000074   Data           4  tasks.o(.data)
    xNumOfOverflows                          0x20000078   Data           4  tasks.o(.data)
    uxTaskNumber                             0x2000007c   Data           4  tasks.o(.data)
    xNextTaskUnblockTime                     0x20000080   Data           4  tasks.o(.data)
    xIdleTaskHandle                          0x20000084   Data           4  tasks.o(.data)
    uxSchedulerSuspended                     0x20000088   Data           4  tasks.o(.data)
    pxDelayedTaskList                        0x2000008c   Data           4  tasks.o(.data)
    pxOverflowDelayedTaskList                0x20000090   Data           4  tasks.o(.data)
    .data                                    0x20000094   Section       32  heap_4.o(.data)
    pxEnd                                    0x20000094   Data           4  heap_4.o(.data)
    xFreeBytesRemaining                      0x20000098   Data           4  heap_4.o(.data)
    xMinimumEverFreeBytesRemaining           0x2000009c   Data           4  heap_4.o(.data)
    xNumberOfSuccessfulAllocations           0x200000a0   Data           4  heap_4.o(.data)
    xNumberOfSuccessfulFrees                 0x200000a4   Data           4  heap_4.o(.data)
    xBlockAllocatedBit                       0x200000a8   Data           4  heap_4.o(.data)
    xStart                                   0x200000ac   Data           8  heap_4.o(.data)
    .data                                    0x200000b4   Section       12  port.o(.data)
    ucMaxSysCallPriority                     0x200000b4   Data           1  port.o(.data)
    uxCriticalNesting                        0x200000b8   Data           4  port.o(.data)
    ulMaxPRIGROUPValue                       0x200000bc   Data           4  port.o(.data)
    .data                                    0x200000c0   Section        4  stdout.o(.data)
    .data                                    0x200000c4   Section        4  errno.o(.data)
    _errno                                   0x200000c4   Data           4  errno.o(.data)
    .bss                                     0x200000c8   Section      596  freertos.o(.bss)
    xIdleTaskTCBBuffer                       0x200000c8   Data          84  freertos.o(.bss)
    xIdleStack                               0x2000011c   Data         512  freertos.o(.bss)
    .bss                                     0x2000031c   Section      144  tim.o(.bss)
    .bss                                     0x200003ac   Section      144  usart.o(.bss)
    .bss                                     0x2000043c   Section       72  stm32f4xx_hal_timebase_tim.o(.bss)
    .bss                                     0x20000484   Section       96  y_servo.o(.bss)
    .bss                                     0x200004e4   Section       88  y_kinematics.o(.bss)
    .bss                                     0x2000053c   Section      152  flow_task.o(.bss)
    .bss                                     0x200005d4   Section       27  openmv_rx_tx.o(.bss)
    .bss                                     0x200005f0   Section      240  tasks.o(.bss)
    pxReadyTasksLists                        0x200005f0   Data         140  tasks.o(.bss)
    xDelayedTaskList1                        0x2000067c   Data          20  tasks.o(.bss)
    xDelayedTaskList2                        0x20000690   Data          20  tasks.o(.bss)
    xPendingReadyList                        0x200006a4   Data          20  tasks.o(.bss)
    xTasksWaitingTermination                 0x200006b8   Data          20  tasks.o(.bss)
    xSuspendedTaskList                       0x200006cc   Data          20  tasks.o(.bss)
    .bss                                     0x200006e0   Section    15360  heap_4.o(.bss)
    ucHeap                                   0x200006e0   Data       15360  heap_4.o(.bss)
    STACK                                    0x200042e0   Section     1024  startup_stm32f407xx.o(STACK)

    Global Symbols

    Symbol Name                              Value     Ov Type        Size  Object(Section)

    BuildAttributes$$THM_ISAv4$E$P$D$K$B$S$7EM$VFPi3$EXTD16$VFPS$VFMA$PE$A:L22UL41UL21$X:L11$S22US41US21$IEEE1$IW$USESV6$~STKCKD$USESV7$~SHL$OTIME$ROPI$IEEEX$EBA8$MICROLIB$REQ8$PRES8$EABIv2 0x00000000   Number         0  anon$$obj.o ABSOLUTE
    __ARM_use_no_argv                        0x00000000   Number         0  main.o ABSOLUTE
    _printf_a                                0x00000000   Number         0  stubs.o ABSOLUTE
    _printf_c                                0x00000000   Number         0  stubs.o ABSOLUTE
    _printf_charcount                        0x00000000   Number         0  stubs.o ABSOLUTE
    _printf_d                                0x00000000   Number         0  stubs.o ABSOLUTE
    _printf_e                                0x00000000   Number         0  stubs.o ABSOLUTE
    _printf_f                                0x00000000   Number         0  stubs.o ABSOLUTE
    _printf_flags                            0x00000000   Number         0  stubs.o ABSOLUTE
    _printf_fp_dec                           0x00000000   Number         0  stubs.o ABSOLUTE
    _printf_fp_hex                           0x00000000   Number         0  stubs.o ABSOLUTE
    _printf_g                                0x00000000   Number         0  stubs.o ABSOLUTE
    _printf_i                                0x00000000   Number         0  stubs.o ABSOLUTE
    _printf_int_dec                          0x00000000   Number         0  stubs.o ABSOLUTE
    _printf_l                                0x00000000   Number         0  stubs.o ABSOLUTE
    _printf_lc                               0x00000000   Number         0  stubs.o ABSOLUTE
    _printf_ll                               0x00000000   Number         0  stubs.o ABSOLUTE
    _printf_lld                              0x00000000   Number         0  stubs.o ABSOLUTE
    _printf_lli                              0x00000000   Number         0  stubs.o ABSOLUTE
    _printf_llo                              0x00000000   Number         0  stubs.o ABSOLUTE
    _printf_llu                              0x00000000   Number         0  stubs.o ABSOLUTE
    _printf_llx                              0x00000000   Number         0  stubs.o ABSOLUTE
    _printf_longlong_dec                     0x00000000   Number         0  stubs.o ABSOLUTE
    _printf_longlong_hex                     0x00000000   Number         0  stubs.o ABSOLUTE
    _printf_longlong_oct                     0x00000000   Number         0  stubs.o ABSOLUTE
    _printf_ls                               0x00000000   Number         0  stubs.o ABSOLUTE
    _printf_mbtowc                           0x00000000   Number         0  stubs.o ABSOLUTE
    _printf_n                                0x00000000   Number         0  stubs.o ABSOLUTE
    _printf_o                                0x00000000   Number         0  stubs.o ABSOLUTE
    _printf_p                                0x00000000   Number         0  stubs.o ABSOLUTE
    _printf_percent                          0x00000000   Number         0  stubs.o ABSOLUTE
    _printf_pre_padding                      0x00000000   Number         0  stubs.o ABSOLUTE
    _printf_return_value                     0x00000000   Number         0  stubs.o ABSOLUTE
    _printf_s                                0x00000000   Number         0  stubs.o ABSOLUTE
    _printf_sizespec                         0x00000000   Number         0  stubs.o ABSOLUTE
    _printf_str                              0x00000000   Number         0  stubs.o ABSOLUTE
    _printf_truncate_signed                  0x00000000   Number         0  stubs.o ABSOLUTE
    _printf_truncate_unsigned                0x00000000   Number         0  stubs.o ABSOLUTE
    _printf_u                                0x00000000   Number         0  stubs.o ABSOLUTE
    _printf_wc                               0x00000000   Number         0  stubs.o ABSOLUTE
    _printf_wctomb                           0x00000000   Number         0  stubs.o ABSOLUTE
    _printf_widthprec                        0x00000000   Number         0  stubs.o ABSOLUTE
    _printf_x                                0x00000000   Number         0  stubs.o ABSOLUTE
    __arm_fini_                               - Undefined Weak Reference
    __cpp_initialize__aeabi_                  - Undefined Weak Reference
    __cxa_finalize                            - Undefined Weak Reference
    __decompress                              - Undefined Weak Reference
    _clock_init                               - Undefined Weak Reference
    _microlib_exit                            - Undefined Weak Reference
    __Vectors_Size                           0x00000188   Number         0  startup_stm32f407xx.o ABSOLUTE
    __Vectors                                0x08000000   Data           4  startup_stm32f407xx.o(RESET)
    __Vectors_End                            0x08000188   Data           0  startup_stm32f407xx.o(RESET)
    __main                                   0x08000189   Thumb Code     0  entry.o(.ARM.Collect$$$$00000000)
    _main_stk                                0x08000189   Thumb Code     0  entry2.o(.ARM.Collect$$$$00000001)
    _main_scatterload                        0x0800018d   Thumb Code     0  entry5.o(.ARM.Collect$$$$00000004)
    __main_after_scatterload                 0x08000191   Thumb Code     0  entry5.o(.ARM.Collect$$$$00000004)
    _main_clock                              0x08000191   Thumb Code     0  entry7b.o(.ARM.Collect$$$$00000008)
    _main_cpp_init                           0x08000191   Thumb Code     0  entry8b.o(.ARM.Collect$$$$0000000A)
    _main_init                               0x08000191   Thumb Code     0  entry9a.o(.ARM.Collect$$$$0000000B)
    __rt_lib_shutdown_fini                   0x08000199   Thumb Code     0  entry12b.o(.ARM.Collect$$$$0000000E)
    __rt_final_cpp                           0x0800019d   Thumb Code     0  entry10a.o(.ARM.Collect$$$$0000000F)
    __rt_final_exit                          0x0800019d   Thumb Code     0  entry11a.o(.ARM.Collect$$$$00000011)
    SVC_Handler                              0x080001a1   Thumb Code    28  port.o(.emb_text)
    __asm___6_port_c_39a90d8d__prvStartFirstTask 0x080001c1   Thumb Code    36  port.o(.emb_text)
    __asm___6_port_c_39a90d8d__prvEnableVFP  0x080001e9   Thumb Code    16  port.o(.emb_text)
    PendSV_Handler                           0x080001fd   Thumb Code    88  port.o(.emb_text)
    vPortGetIPSR                             0x08000259   Thumb Code     6  port.o(.emb_text)
    Reset_Handler                            0x08000261   Thumb Code     8  startup_stm32f407xx.o(.text)
    ADC_IRQHandler                           0x0800027b   Thumb Code     0  startup_stm32f407xx.o(.text)
    CAN1_RX0_IRQHandler                      0x0800027b   Thumb Code     0  startup_stm32f407xx.o(.text)
    CAN1_RX1_IRQHandler                      0x0800027b   Thumb Code     0  startup_stm32f407xx.o(.text)
    CAN1_SCE_IRQHandler                      0x0800027b   Thumb Code     0  startup_stm32f407xx.o(.text)
    CAN1_TX_IRQHandler                       0x0800027b   Thumb Code     0  startup_stm32f407xx.o(.text)
    CAN2_RX0_IRQHandler                      0x0800027b   Thumb Code     0  startup_stm32f407xx.o(.text)
    CAN2_RX1_IRQHandler                      0x0800027b   Thumb Code     0  startup_stm32f407xx.o(.text)
    CAN2_SCE_IRQHandler                      0x0800027b   Thumb Code     0  startup_stm32f407xx.o(.text)
    CAN2_TX_IRQHandler                       0x0800027b   Thumb Code     0  startup_stm32f407xx.o(.text)
    DCMI_IRQHandler                          0x0800027b   Thumb Code     0  startup_stm32f407xx.o(.text)
    DMA1_Stream0_IRQHandler                  0x0800027b   Thumb Code     0  startup_stm32f407xx.o(.text)
    DMA1_Stream1_IRQHandler                  0x0800027b   Thumb Code     0  startup_stm32f407xx.o(.text)
    DMA1_Stream2_IRQHandler                  0x0800027b   Thumb Code     0  startup_stm32f407xx.o(.text)
    DMA1_Stream3_IRQHandler                  0x0800027b   Thumb Code     0  startup_stm32f407xx.o(.text)
    DMA1_Stream4_IRQHandler                  0x0800027b   Thumb Code     0  startup_stm32f407xx.o(.text)
    DMA1_Stream5_IRQHandler                  0x0800027b   Thumb Code     0  startup_stm32f407xx.o(.text)
    DMA1_Stream6_IRQHandler                  0x0800027b   Thumb Code     0  startup_stm32f407xx.o(.text)
    DMA1_Stream7_IRQHandler                  0x0800027b   Thumb Code     0  startup_stm32f407xx.o(.text)
    DMA2_Stream0_IRQHandler                  0x0800027b   Thumb Code     0  startup_stm32f407xx.o(.text)
    DMA2_Stream1_IRQHandler                  0x0800027b   Thumb Code     0  startup_stm32f407xx.o(.text)
    DMA2_Stream2_IRQHandler                  0x0800027b   Thumb Code     0  startup_stm32f407xx.o(.text)
    DMA2_Stream3_IRQHandler                  0x0800027b   Thumb Code     0  startup_stm32f407xx.o(.text)
    DMA2_Stream4_IRQHandler                  0x0800027b   Thumb Code     0  startup_stm32f407xx.o(.text)
    DMA2_Stream5_IRQHandler                  0x0800027b   Thumb Code     0  startup_stm32f407xx.o(.text)
    DMA2_Stream6_IRQHandler                  0x0800027b   Thumb Code     0  startup_stm32f407xx.o(.text)
    DMA2_Stream7_IRQHandler                  0x0800027b   Thumb Code     0  startup_stm32f407xx.o(.text)
    ETH_IRQHandler                           0x0800027b   Thumb Code     0  startup_stm32f407xx.o(.text)
    ETH_WKUP_IRQHandler                      0x0800027b   Thumb Code     0  startup_stm32f407xx.o(.text)
    EXTI0_IRQHandler                         0x0800027b   Thumb Code     0  startup_stm32f407xx.o(.text)
    EXTI15_10_IRQHandler                     0x0800027b   Thumb Code     0  startup_stm32f407xx.o(.text)
    EXTI1_IRQHandler                         0x0800027b   Thumb Code     0  startup_stm32f407xx.o(.text)
    EXTI2_IRQHandler                         0x0800027b   Thumb Code     0  startup_stm32f407xx.o(.text)
    EXTI3_IRQHandler                         0x0800027b   Thumb Code     0  startup_stm32f407xx.o(.text)
    EXTI4_IRQHandler                         0x0800027b   Thumb Code     0  startup_stm32f407xx.o(.text)
    EXTI9_5_IRQHandler                       0x0800027b   Thumb Code     0  startup_stm32f407xx.o(.text)
    FLASH_IRQHandler                         0x0800027b   Thumb Code     0  startup_stm32f407xx.o(.text)
    FMC_IRQHandler                           0x0800027b   Thumb Code     0  startup_stm32f407xx.o(.text)
    FPU_IRQHandler                           0x0800027b   Thumb Code     0  startup_stm32f407xx.o(.text)
    HASH_RNG_IRQHandler                      0x0800027b   Thumb Code     0  startup_stm32f407xx.o(.text)
    I2C1_ER_IRQHandler                       0x0800027b   Thumb Code     0  startup_stm32f407xx.o(.text)
    I2C1_EV_IRQHandler                       0x0800027b   Thumb Code     0  startup_stm32f407xx.o(.text)
    I2C2_ER_IRQHandler                       0x0800027b   Thumb Code     0  startup_stm32f407xx.o(.text)
    I2C2_EV_IRQHandler                       0x0800027b   Thumb Code     0  startup_stm32f407xx.o(.text)
    I2C3_ER_IRQHandler                       0x0800027b   Thumb Code     0  startup_stm32f407xx.o(.text)
    I2C3_EV_IRQHandler                       0x0800027b   Thumb Code     0  startup_stm32f407xx.o(.text)
    OTG_FS_IRQHandler                        0x0800027b   Thumb Code     0  startup_stm32f407xx.o(.text)
    OTG_FS_WKUP_IRQHandler                   0x0800027b   Thumb Code     0  startup_stm32f407xx.o(.text)
    OTG_HS_EP1_IN_IRQHandler                 0x0800027b   Thumb Code     0  startup_stm32f407xx.o(.text)
    OTG_HS_EP1_OUT_IRQHandler                0x0800027b   Thumb Code     0  startup_stm32f407xx.o(.text)
    OTG_HS_IRQHandler                        0x0800027b   Thumb Code     0  startup_stm32f407xx.o(.text)
    OTG_HS_WKUP_IRQHandler                   0x0800027b   Thumb Code     0  startup_stm32f407xx.o(.text)
    PVD_IRQHandler                           0x0800027b   Thumb Code     0  startup_stm32f407xx.o(.text)
    RCC_IRQHandler                           0x0800027b   Thumb Code     0  startup_stm32f407xx.o(.text)
    RTC_Alarm_IRQHandler                     0x0800027b   Thumb Code     0  startup_stm32f407xx.o(.text)
    RTC_WKUP_IRQHandler                      0x0800027b   Thumb Code     0  startup_stm32f407xx.o(.text)
    SDIO_IRQHandler                          0x0800027b   Thumb Code     0  startup_stm32f407xx.o(.text)
    SPI1_IRQHandler                          0x0800027b   Thumb Code     0  startup_stm32f407xx.o(.text)
    SPI2_IRQHandler                          0x0800027b   Thumb Code     0  startup_stm32f407xx.o(.text)
    SPI3_IRQHandler                          0x0800027b   Thumb Code     0  startup_stm32f407xx.o(.text)
    TAMP_STAMP_IRQHandler                    0x0800027b   Thumb Code     0  startup_stm32f407xx.o(.text)
    TIM1_BRK_TIM9_IRQHandler                 0x0800027b   Thumb Code     0  startup_stm32f407xx.o(.text)
    TIM1_CC_IRQHandler                       0x0800027b   Thumb Code     0  startup_stm32f407xx.o(.text)
    TIM1_TRG_COM_TIM11_IRQHandler            0x0800027b   Thumb Code     0  startup_stm32f407xx.o(.text)
    TIM1_UP_TIM10_IRQHandler                 0x0800027b   Thumb Code     0  startup_stm32f407xx.o(.text)
    TIM2_IRQHandler                          0x0800027b   Thumb Code     0  startup_stm32f407xx.o(.text)
    TIM3_IRQHandler                          0x0800027b   Thumb Code     0  startup_stm32f407xx.o(.text)
    TIM4_IRQHandler                          0x0800027b   Thumb Code     0  startup_stm32f407xx.o(.text)
    TIM5_IRQHandler                          0x0800027b   Thumb Code     0  startup_stm32f407xx.o(.text)
    TIM7_IRQHandler                          0x0800027b   Thumb Code     0  startup_stm32f407xx.o(.text)
    TIM8_BRK_TIM12_IRQHandler                0x0800027b   Thumb Code     0  startup_stm32f407xx.o(.text)
    TIM8_CC_IRQHandler                       0x0800027b   Thumb Code     0  startup_stm32f407xx.o(.text)
    TIM8_TRG_COM_TIM14_IRQHandler            0x0800027b   Thumb Code     0  startup_stm32f407xx.o(.text)
    TIM8_UP_TIM13_IRQHandler                 0x0800027b   Thumb Code     0  startup_stm32f407xx.o(.text)
    UART4_IRQHandler                         0x0800027b   Thumb Code     0  startup_stm32f407xx.o(.text)
    UART5_IRQHandler                         0x0800027b   Thumb Code     0  startup_stm32f407xx.o(.text)
    USART2_IRQHandler                        0x0800027b   Thumb Code     0  startup_stm32f407xx.o(.text)
    USART3_IRQHandler                        0x0800027b   Thumb Code     0  startup_stm32f407xx.o(.text)
    WWDG_IRQHandler                          0x0800027b   Thumb Code     0  startup_stm32f407xx.o(.text)
    __aeabi_uldivmod                         0x08000285   Thumb Code    98  uldiv.o(.text)
    __aeabi_memcpy                           0x080002e7   Thumb Code    36  memcpya.o(.text)
    __aeabi_memcpy4                          0x080002e7   Thumb Code     0  memcpya.o(.text)
    __aeabi_memcpy8                          0x080002e7   Thumb Code     0  memcpya.o(.text)
    __aeabi_memset                           0x0800030b   Thumb Code    14  memseta.o(.text)
    __aeabi_memset4                          0x0800030b   Thumb Code     0  memseta.o(.text)
    __aeabi_memset8                          0x0800030b   Thumb Code     0  memseta.o(.text)
    __aeabi_memclr                           0x08000319   Thumb Code     4  memseta.o(.text)
    __aeabi_memclr4                          0x08000319   Thumb Code     0  memseta.o(.text)
    __aeabi_memclr8                          0x08000319   Thumb Code     0  memseta.o(.text)
    memset                                   0x0800031d   Thumb Code    18  memseta.o(.text)
    __aeabi_dadd                             0x0800032f   Thumb Code   322  dadd.o(.text)
    __aeabi_dsub                             0x08000471   Thumb Code     6  dadd.o(.text)
    __aeabi_drsub                            0x08000477   Thumb Code     6  dadd.o(.text)
    __aeabi_dmul                             0x0800047d   Thumb Code   228  dmul.o(.text)
    __aeabi_ddiv                             0x08000561   Thumb Code   222  ddiv.o(.text)
    __aeabi_i2d                              0x0800063f   Thumb Code    34  dflti.o(.text)
    __aeabi_ui2d                             0x08000661   Thumb Code    26  dfltui.o(.text)
    __aeabi_d2iz                             0x0800067b   Thumb Code    62  dfixi.o(.text)
    __aeabi_f2d                              0x080006b9   Thumb Code    38  f2d.o(.text)
    __aeabi_cdcmpeq                          0x080006e1   Thumb Code     0  cdcmple.o(.text)
    __aeabi_cdcmple                          0x080006e1   Thumb Code    48  cdcmple.o(.text)
    __aeabi_d2f                              0x08000711   Thumb Code    56  d2f.o(.text)
    __aeabi_uidiv                            0x08000749   Thumb Code     0  uidiv.o(.text)
    __aeabi_uidivmod                         0x08000749   Thumb Code    44  uidiv.o(.text)
    __aeabi_llsl                             0x08000775   Thumb Code    30  llshl.o(.text)
    _ll_shift_l                              0x08000775   Thumb Code     0  llshl.o(.text)
    __aeabi_llsr                             0x08000793   Thumb Code    32  llushr.o(.text)
    _ll_ushift_r                             0x08000793   Thumb Code     0  llushr.o(.text)
    __aeabi_lasr                             0x080007b3   Thumb Code    36  llsshr.o(.text)
    _ll_sshift_r                             0x080007b3   Thumb Code     0  llsshr.o(.text)
    __I$use$fp                               0x080007d7   Thumb Code     0  iusefp.o(.text)
    _float_round                             0x080007d7   Thumb Code    18  fepilogue.o(.text)
    _float_epilogue                          0x080007e9   Thumb Code    92  fepilogue.o(.text)
    _double_round                            0x08000845   Thumb Code    30  depilogue.o(.text)
    _double_epilogue                         0x08000863   Thumb Code   156  depilogue.o(.text)
    _dsqrt                                   0x080008ff   Thumb Code   162  dsqrt.o(.text)
    __scatterload                            0x080009a1   Thumb Code    28  init.o(.text)
    __scatterload_rt2                        0x080009a1   Thumb Code     0  init.o(.text)
    BusFault_Handler                         0x080009c5   Thumb Code     2  stm32f4xx_it.o(i.BusFault_Handler)
    DebugMon_Handler                         0x080009c7   Thumb Code     2  stm32f4xx_it.o(i.DebugMon_Handler)
    Error_Handler                            0x080009c9   Thumb Code     4  main.o(i.Error_Handler)
    HAL_DMA_Abort                            0x080009cd   Thumb Code   146  stm32f4xx_hal_dma.o(i.HAL_DMA_Abort)
    HAL_DMA_Abort_IT                         0x08000a5f   Thumb Code    36  stm32f4xx_hal_dma.o(i.HAL_DMA_Abort_IT)
    HAL_Delay                                0x08000a85   Thumb Code    32  stm32f4xx_hal.o(i.HAL_Delay)
    HAL_GPIO_Init                            0x08000aa9   Thumb Code   450  stm32f4xx_hal_gpio.o(i.HAL_GPIO_Init)
    HAL_GetTick                              0x08000c99   Thumb Code     6  stm32f4xx_hal.o(i.HAL_GetTick)
    HAL_IncTick                              0x08000ca5   Thumb Code    12  stm32f4xx_hal.o(i.HAL_IncTick)
    HAL_Init                                 0x08000cb5   Thumb Code    48  stm32f4xx_hal.o(i.HAL_Init)
    HAL_InitTick                             0x08000ce9   Thumb Code   132  stm32f4xx_hal_timebase_tim.o(i.HAL_InitTick)
    HAL_MspInit                              0x08000d81   Thumb Code    52  stm32f4xx_hal_msp.o(i.HAL_MspInit)
    HAL_NVIC_EnableIRQ                       0x08000db9   Thumb Code    26  stm32f4xx_hal_cortex.o(i.HAL_NVIC_EnableIRQ)
    HAL_NVIC_SetPriority                     0x08000dd5   Thumb Code    60  stm32f4xx_hal_cortex.o(i.HAL_NVIC_SetPriority)
    HAL_NVIC_SetPriorityGrouping             0x08000e15   Thumb Code    26  stm32f4xx_hal_cortex.o(i.HAL_NVIC_SetPriorityGrouping)
    HAL_RCC_ClockConfig                      0x08000e39   Thumb Code   288  stm32f4xx_hal_rcc.o(i.HAL_RCC_ClockConfig)
    HAL_RCC_GetClockConfig                   0x08000f6d   Thumb Code    54  stm32f4xx_hal_rcc.o(i.HAL_RCC_GetClockConfig)
    HAL_RCC_GetPCLK1Freq                     0x08000fad   Thumb Code    20  stm32f4xx_hal_rcc.o(i.HAL_RCC_GetPCLK1Freq)
    HAL_RCC_GetPCLK2Freq                     0x08000fcd   Thumb Code    20  stm32f4xx_hal_rcc.o(i.HAL_RCC_GetPCLK2Freq)
    HAL_RCC_GetSysClockFreq                  0x08000fed   Thumb Code    88  stm32f4xx_hal_rcc.o(i.HAL_RCC_GetSysClockFreq)
    HAL_RCC_OscConfig                        0x08001051   Thumb Code   856  stm32f4xx_hal_rcc.o(i.HAL_RCC_OscConfig)
    HAL_TIMEx_BreakCallback                  0x080013bd   Thumb Code     2  stm32f4xx_hal_tim_ex.o(i.HAL_TIMEx_BreakCallback)
    HAL_TIMEx_CommutCallback                 0x080013bf   Thumb Code     2  stm32f4xx_hal_tim_ex.o(i.HAL_TIMEx_CommutCallback)
    HAL_TIMEx_ConfigBreakDeadTime            0x080013c1   Thumb Code    84  stm32f4xx_hal_tim_ex.o(i.HAL_TIMEx_ConfigBreakDeadTime)
    HAL_TIMEx_MasterConfigSynchronization    0x08001415   Thumb Code   116  stm32f4xx_hal_tim_ex.o(i.HAL_TIMEx_MasterConfigSynchronization)
    HAL_TIM_Base_Init                        0x080014a5   Thumb Code    90  stm32f4xx_hal_tim.o(i.HAL_TIM_Base_Init)
    HAL_TIM_Base_MspInit                     0x080014ff   Thumb Code     2  stm32f4xx_hal_tim.o(i.HAL_TIM_Base_MspInit)
    HAL_TIM_Base_Start                       0x08001501   Thumb Code    90  stm32f4xx_hal_tim.o(i.HAL_TIM_Base_Start)
    HAL_TIM_Base_Start_IT                    0x08001579   Thumb Code   100  stm32f4xx_hal_tim.o(i.HAL_TIM_Base_Start_IT)
    HAL_TIM_IC_CaptureCallback               0x080015f9   Thumb Code     2  stm32f4xx_hal_tim.o(i.HAL_TIM_IC_CaptureCallback)
    HAL_TIM_IRQHandler                       0x080015fb   Thumb Code   304  stm32f4xx_hal_tim.o(i.HAL_TIM_IRQHandler)
    HAL_TIM_MspPostInit                      0x0800172d   Thumb Code   114  tim.o(i.HAL_TIM_MspPostInit)
    HAL_TIM_OC_DelayElapsedCallback          0x080017b5   Thumb Code     2  stm32f4xx_hal_tim.o(i.HAL_TIM_OC_DelayElapsedCallback)
    HAL_TIM_PWM_ConfigChannel                0x080017b7   Thumb Code   204  stm32f4xx_hal_tim.o(i.HAL_TIM_PWM_ConfigChannel)
    HAL_TIM_PWM_Init                         0x08001883   Thumb Code    90  stm32f4xx_hal_tim.o(i.HAL_TIM_PWM_Init)
    HAL_TIM_PWM_MspInit                      0x080018dd   Thumb Code    52  tim.o(i.HAL_TIM_PWM_MspInit)
    HAL_TIM_PWM_PulseFinishedCallback        0x0800191d   Thumb Code     2  stm32f4xx_hal_tim.o(i.HAL_TIM_PWM_PulseFinishedCallback)
    HAL_TIM_PWM_Start                        0x08001921   Thumb Code   172  stm32f4xx_hal_tim.o(i.HAL_TIM_PWM_Start)
    HAL_TIM_PeriodElapsedCallback            0x080019e9   Thumb Code    14  main.o(i.HAL_TIM_PeriodElapsedCallback)
    HAL_TIM_TriggerCallback                  0x080019fd   Thumb Code     2  stm32f4xx_hal_tim.o(i.HAL_TIM_TriggerCallback)
    HAL_UARTEx_RxEventCallback               0x080019ff   Thumb Code     2  stm32f4xx_hal_uart.o(i.HAL_UARTEx_RxEventCallback)
    HAL_UART_ErrorCallback                   0x08001a01   Thumb Code     2  stm32f4xx_hal_uart.o(i.HAL_UART_ErrorCallback)
    HAL_UART_IRQHandler                      0x08001a05   Thumb Code   618  stm32f4xx_hal_uart.o(i.HAL_UART_IRQHandler)
    HAL_UART_Init                            0x08001c75   Thumb Code   100  stm32f4xx_hal_uart.o(i.HAL_UART_Init)
    HAL_UART_MspInit                         0x08001cd9   Thumb Code   220  usart.o(i.HAL_UART_MspInit)
    HAL_UART_Receive_IT                      0x08001dcd   Thumb Code    28  stm32f4xx_hal_uart.o(i.HAL_UART_Receive_IT)
    HAL_UART_RxCpltCallback                  0x08001de9   Thumb Code   218  openmv_rx_tx.o(i.HAL_UART_RxCpltCallback)
    HAL_UART_Transmit                        0x08001ef5   Thumb Code   160  stm32f4xx_hal_uart.o(i.HAL_UART_Transmit)
    HAL_UART_Transmit_IT                     0x08001f95   Thumb Code    50  stm32f4xx_hal_uart.o(i.HAL_UART_Transmit_IT)
    HAL_UART_TxCpltCallback                  0x08001fc9   Thumb Code    18  openmv_rx_tx.o(i.HAL_UART_TxCpltCallback)
    HMI_Task                                 0x08001fe5   Thumb Code    58  hmi.o(i.HMI_Task)
    HMI_send_number                          0x08002055   Thumb Code    10  hmi.o(i.HMI_send_number)
    HardFault_Handler                        0x0800206d   Thumb Code     2  stm32f4xx_it.o(i.HardFault_Handler)
    MX_FREERTOS_Init                         0x08002071   Thumb Code    96  freertos.o(i.MX_FREERTOS_Init)
    MX_GPIO_Init                             0x080020d9   Thumb Code   102  gpio.o(i.MX_GPIO_Init)
    MX_TIM1_Init                             0x08002145   Thumb Code   208  tim.o(i.MX_TIM1_Init)
    MX_TIM8_Init                             0x0800221d   Thumb Code   152  tim.o(i.MX_TIM8_Init)
    MX_USART1_UART_Init                      0x080022bd   Thumb Code    48  usart.o(i.MX_USART1_UART_Init)
    MX_USART6_UART_Init                      0x080022f5   Thumb Code    48  usart.o(i.MX_USART6_UART_Init)
    MemManage_Handler                        0x0800232d   Thumb Code     2  stm32f4xx_it.o(i.MemManage_Handler)
    NMI_Handler                              0x0800232f   Thumb Code     2  stm32f4xx_it.o(i.NMI_Handler)
    Receive_Data_from_Openmv                 0x08002331   Thumb Code   252  openmv_rx_tx.o(i.Receive_Data_from_Openmv)
    Send_Data_To_Openmv                      0x08002435   Thumb Code    32  openmv_rx_tx.o(i.Send_Data_To_Openmv)
    StartDefaultTask                         0x0800245d   Thumb Code     8  freertos.o(i.StartDefaultTask)
    SysTick_Handler                          0x08002465   Thumb Code    38  port.o(i.SysTick_Handler)
    SystemClock_Config                       0x08002491   Thumb Code   140  main.o(i.SystemClock_Config)
    SystemInit                               0x08002525   Thumb Code    12  system_stm32f4xx.o(i.SystemInit)
    TIM6_DAC_IRQHandler                      0x08002535   Thumb Code     6  stm32f4xx_it.o(i.TIM6_DAC_IRQHandler)
    TIM_Base_SetConfig                       0x08002541   Thumb Code   170  stm32f4xx_hal_tim.o(i.TIM_Base_SetConfig)
    TIM_CCxChannelCmd                        0x08002619   Thumb Code    26  stm32f4xx_hal_tim.o(i.TIM_CCxChannelCmd)
    TIM_OC2_SetConfig                        0x08002695   Thumb Code    98  stm32f4xx_hal_tim.o(i.TIM_OC2_SetConfig)
    UART_Start_Receive_IT                    0x080029e5   Thumb Code    54  stm32f4xx_hal_uart.o(i.UART_Start_Receive_IT)
    USART1_IRQHandler                        0x08002a8d   Thumb Code     6  stm32f4xx_it.o(i.USART1_IRQHandler)
    USART6_IRQHandler                        0x08002a99   Thumb Code     6  stm32f4xx_it.o(i.USART6_IRQHandler)
    UsageFault_Handler                       0x08002aa5   Thumb Code     2  stm32f4xx_it.o(i.UsageFault_Handler)
    __0printf$3                              0x08002aa9   Thumb Code    22  printf3.o(i.__0printf$3)
    __1printf$3                              0x08002aa9   Thumb Code     0  printf3.o(i.__0printf$3)
    __2printf                                0x08002aa9   Thumb Code     0  printf3.o(i.__0printf$3)
    __ARM_fpclassify                         0x08002ac9   Thumb Code    48  fpclassify.o(i.__ARM_fpclassify)
    __ARM_fpclassifyf                        0x08002af9   Thumb Code    38  fpclassifyf.o(i.__ARM_fpclassifyf)
    __hardfp_acosf                           0x08002b41   Thumb Code   234  acosf.o(i.__hardfp_acosf)
    __hardfp_atanf                           0x08002c59   Thumb Code   296  atanf.o(i.__hardfp_atanf)
    __hardfp_cos                             0x08002db9   Thumb Code   180  cos.o(i.__hardfp_cos)
    __hardfp_sin                             0x08002e81   Thumb Code   180  sin.o(i.__hardfp_sin)
    __hardfp_sqrt                            0x08002f49   Thumb Code   122  sqrt.o(i.__hardfp_sqrt)
    __ieee754_rem_pio2                       0x08002fc9   Thumb Code   938  rred.o(i.__ieee754_rem_pio2)
    __kernel_cos                             0x08003401   Thumb Code   322  cos_i.o(i.__kernel_cos)
    __kernel_poly                            0x08003571   Thumb Code   248  poly.o(i.__kernel_poly)
    __kernel_sin                             0x08003669   Thumb Code   280  sin_i.o(i.__kernel_sin)
    __mathlib_dbl_infnan                     0x08003799   Thumb Code    20  dunder.o(i.__mathlib_dbl_infnan)
    __mathlib_dbl_invalid                    0x080037b1   Thumb Code    24  dunder.o(i.__mathlib_dbl_invalid)
    __mathlib_dbl_underflow                  0x080037d1   Thumb Code    24  dunder.o(i.__mathlib_dbl_underflow)
    __mathlib_flt_infnan                     0x080037f1   Thumb Code     6  funder.o(i.__mathlib_flt_infnan)
    __mathlib_flt_invalid                    0x080037f9   Thumb Code    10  funder.o(i.__mathlib_flt_invalid)
    __mathlib_flt_underflow                  0x08003809   Thumb Code    10  funder.o(i.__mathlib_flt_underflow)
    __scatterload_copy                       0x08003819   Thumb Code    14  handlers.o(i.__scatterload_copy)
    __scatterload_null                       0x08003827   Thumb Code     2  handlers.o(i.__scatterload_null)
    __scatterload_zeroinit                   0x08003829   Thumb Code    14  handlers.o(i.__scatterload_zeroinit)
    __set_errno                              0x08003839   Thumb Code     6  errno.o(i.__set_errno)
    abs_float                                0x080039fd   Thumb Code    16  y_global.o(i.abs_float)
    drop_chess                               0x08003a0d   Thumb Code    88  flow_task.o(i.drop_chess)
    fabs                                     0x08003a6d   Thumb Code    24  fabs.o(i.fabs)
    flow_Task                                0x08003a85   Thumb Code   326  flow_task.o(i.flow_Task)
    fputc                                    0x08003bd9   Thumb Code    20  hmi.o(i.fputc)
    get_chess                                0x08003bf1   Thumb Code    88  flow_task.o(i.get_chess)
    home                                     0x08003c51   Thumb Code    20  flow_task.o(i.home)
    kinematics_analysisa                     0x08003c71   Thumb Code  1124  y_kinematics.o(i.kinematics_analysisa)
    kinematics_move                          0x080040d5   Thumb Code    46  y_global.o(i.kinematics_move)
    magnet_off                               0x08004109   Thumb Code    10  flow_task.o(i.magnet_off)
    magnet_on                                0x08004119   Thumb Code    12  flow_task.o(i.magnet_on)
    main                                     0x08004129   Thumb Code   380  main.o(i.main)
    osDelay                                  0x08004331   Thumb Code    14  cmsis_os.o(i.osDelay)
    osKernelStart                            0x0800433f   Thumb Code    10  cmsis_os.o(i.osKernelStart)
    osThreadCreate                           0x08004349   Thumb Code    84  cmsis_os.o(i.osThreadCreate)
    put_chess                                0x080046e9   Thumb Code    62  flow_task.o(i.put_chess)
    pvPortMalloc                             0x08004729   Thumb Code   216  heap_4.o(i.pvPortMalloc)
    pxPortInitialiseStack                    0x08004805   Thumb Code    40  port.o(i.pxPortInitialiseStack)
    robot_arm_move                           0x08004831   Thumb Code    20  flow_task.o(i.robot_arm_move)
    servo_Task                               0x08004845   Thumb Code   108  servo_task.o(i.servo_Task)
    servo_inc_offset                         0x080048b9   Thumb Code   142  y_servo.o(i.servo_inc_offset)
    servo_init                               0x08004951   Thumb Code   162  y_servo.o(i.servo_init)
    set_servo                                0x08004a15   Thumb Code    90  y_global.o(i.set_servo)
    setup_kinematics                         0x08004a7d   Thumb Code    38  y_kinematics.o(i.setup_kinematics)
    sqrtf                                    0x08004aa3   Thumb Code    62  sqrtf.o(i.sqrtf)
    uxListRemove                             0x08004ae1   Thumb Code    38  list.o(i.uxListRemove)
    vApplicationGetIdleTaskMemory            0x08004b09   Thumb Code    16  freertos.o(i.vApplicationGetIdleTaskMemory)
    vListInitialise                          0x08004b1d   Thumb Code    22  list.o(i.vListInitialise)
    vListInitialiseItem                      0x08004b33   Thumb Code     6  list.o(i.vListInitialiseItem)
    vListInsert                              0x08004b39   Thumb Code    48  list.o(i.vListInsert)
    vListInsertEnd                           0x08004b69   Thumb Code    24  list.o(i.vListInsertEnd)
    vPortEnterCritical                       0x08004b81   Thumb Code    54  port.o(i.vPortEnterCritical)
    vPortExitCritical                        0x08004bc1   Thumb Code    34  port.o(i.vPortExitCritical)
    vPortFree                                0x08004be9   Thumb Code    94  heap_4.o(i.vPortFree)
    vPortSetupTimerInterrupt                 0x08004c4d   Thumb Code    32  port.o(i.vPortSetupTimerInterrupt)
    vTaskDelay                               0x08004c71   Thumb Code    66  tasks.o(i.vTaskDelay)
    vTaskStartScheduler                      0x08004cbd   Thumb Code    90  tasks.o(i.vTaskStartScheduler)
    vTaskSuspendAll                          0x08004d29   Thumb Code    10  tasks.o(i.vTaskSuspendAll)
    vTaskSwitchContext                       0x08004d39   Thumb Code    82  tasks.o(i.vTaskSwitchContext)
    xPortStartScheduler                      0x08004d95   Thumb Code   222  port.o(i.xPortStartScheduler)
    xTaskCreate                              0x08004e89   Thumb Code    90  tasks.o(i.xTaskCreate)
    xTaskCreateStatic                        0x08004ee3   Thumb Code    86  tasks.o(i.xTaskCreateStatic)
    xTaskIncrementTick                       0x08004f39   Thumb Code   194  tasks.o(i.xTaskIncrementTick)
    xTaskResumeAll                           0x08005005   Thumb Code   182  tasks.o(i.xTaskResumeAll)
    AHBPrescTable                            0x08005138   Data          16  system_stm32f4xx.o(.constdata)
    APBPrescTable                            0x08005148   Data           8  system_stm32f4xx.o(.constdata)
    Region$$Table$$Base                      0x0800529c   Number         0  anon$$obj.o(Region$$Table)
    Region$$Table$$Limit                     0x080052bc   Number         0  anon$$obj.o(Region$$Table)
    my_L3                                    0x20000000   Data           4  main.o(.data)
    servoTaskHandle                          0x20000004   Data           4  freertos.o(.data)
    flowTaskHandle                           0x20000008   Data           4  freertos.o(.data)
    HMITaskHandle                            0x2000000c   Data           4  freertos.o(.data)
    defaultTaskHandle                        0x20000010   Data           4  freertos.o(.data)
    uwTickFreq                               0x20000014   Data           1  stm32f4xx_hal.o(.data)
    uwTickPrio                               0x20000018   Data           4  stm32f4xx_hal.o(.data)
    uwTick                                   0x2000001c   Data           4  stm32f4xx_hal.o(.data)
    SystemCoreClock                          0x20000020   Data           4  system_stm32f4xx.o(.data)
    min_y                                    0x20000024   Data           4  y_kinematics.o(.data)
    min_z                                    0x20000028   Data           4  y_kinematics.o(.data)
    offset0                                  0x2000002c   Data           4  y_kinematics.o(.data)
    offset1                                  0x20000030   Data           4  y_kinematics.o(.data)
    offset3                                  0x20000034   Data           4  y_kinematics.o(.data)
    offset2                                  0x20000038   Data           4  y_kinematics.o(.data)
    black_count                              0x2000003c   Data           1  flow_task.o(.data)
    white_count                              0x2000003d   Data           1  flow_task.o(.data)
    chess_center_update                      0x2000003e   Data           1  flow_task.o(.data)
    val1                                     0x2000003f   Data           1  hmi.o(.data)
    val2                                     0x20000040   Data           1  hmi.o(.data)
    val3                                     0x20000041   Data           1  hmi.o(.data)
    val4                                     0x20000042   Data           1  hmi.o(.data)
    val5                                     0x20000043   Data           1  hmi.o(.data)
    val6                                     0x20000044   Data           1  hmi.o(.data)
    revbuf                                   0x20000045   Data           1  hmi.o(.data)
    Rx_Openmv_mode                           0x20000046   Data           1  openmv_rx_tx.o(.data)
    Tx_Openmv_mode                           0x20000047   Data           1  openmv_rx_tx.o(.data)
    USART2_Rxbuffer                          0x20000048   Data           1  openmv_rx_tx.o(.data)
    count_mode1                              0x20000049   Data           1  openmv_rx_tx.o(.data)
    count_mode2                              0x2000004a   Data           1  openmv_rx_tx.o(.data)
    arr_index                                0x2000004b   Data           1  openmv_rx_tx.o(.data)
    Rxflag                                   0x2000004c   Data           1  openmv_rx_tx.o(.data)
    Buffer_Head                              0x2000004d   Data           2  openmv_rx_tx.o(.data)
    Buffer_End                               0x2000004f   Data           2  openmv_rx_tx.o(.data)
    USART2_Txbuffer                          0x20000051   Data           5  openmv_rx_tx.o(.data)
    pxCurrentTCB                             0x20000058   Data           4  tasks.o(.data)
    __stdout                                 0x200000c0   Data           4  stdout.o(.data)
    htim1                                    0x2000031c   Data          72  tim.o(.bss)
    htim8                                    0x20000364   Data          72  tim.o(.bss)
    huart1                                   0x200003ac   Data          72  usart.o(.bss)
    huart6                                   0x200003f4   Data          72  usart.o(.bss)
    htim6                                    0x2000043c   Data          72  stm32f4xx_hal_timebase_tim.o(.bss)
    duoji_doing                              0x20000484   Data          96  y_servo.o(.bss)
    kinematics                               0x200004e4   Data          88  y_kinematics.o(.bss)
    chess_center                             0x2000053c   Data          72  flow_task.o(.bss)
    blackStack                               0x20000584   Data          40  flow_task.o(.bss)
    whiteStack                               0x200005ac   Data          40  flow_task.o(.bss)
    Chess_Location                           0x200005d4   Data          18  openmv_rx_tx.o(.bss)
    Chess_State                              0x200005e6   Data           9  openmv_rx_tx.o(.bss)
    __initial_sp                             0x200046e0   Data           0  startup_stm32f407xx.o(STACK)



==============================================================================

Memory Map of the image

  Image Entry point : 0x08000189

  Load Region LR_IROM1 (Base: 0x08000000, Size: 0x00005384, Max: 0x00100000, ABSOLUTE)

    Execution Region ER_IROM1 (Exec base: 0x08000000, Load base: 0x08000000, Size: 0x000052bc, Max: 0x00100000, ABSOLUTE)

    Exec Addr    Load Addr    Size         Type   Attr      Idx    E Section Name        Object

    0x08000000   0x08000000   0x00000188   Data   RO            3    RESET               startup_stm32f407xx.o
    0x08000188   0x08000188   0x00000000   Code   RO         5022  * .ARM.Collect$$$$00000000  mc_w.l(entry.o)
    0x08000188   0x08000188   0x00000004   Code   RO         5382    .ARM.Collect$$$$00000001  mc_w.l(entry2.o)
    0x0800018c   0x0800018c   0x00000004   Code   RO         5385    .ARM.Collect$$$$00000004  mc_w.l(entry5.o)
    0x08000190   0x08000190   0x00000000   Code   RO         5387    .ARM.Collect$$$$00000008  mc_w.l(entry7b.o)
    0x08000190   0x08000190   0x00000000   Code   RO         5389    .ARM.Collect$$$$0000000A  mc_w.l(entry8b.o)
    0x08000190   0x08000190   0x00000008   Code   RO         5390    .ARM.Collect$$$$0000000B  mc_w.l(entry9a.o)
    0x08000198   0x08000198   0x00000004   Code   RO         5397    .ARM.Collect$$$$0000000E  mc_w.l(entry12b.o)
    0x0800019c   0x0800019c   0x00000000   Code   RO         5392    .ARM.Collect$$$$0000000F  mc_w.l(entry10a.o)
    0x0800019c   0x0800019c   0x00000000   Code   RO         5394    .ARM.Collect$$$$00000011  mc_w.l(entry11a.o)
    0x0800019c   0x0800019c   0x00000004   Code   RO         5383    .ARM.Collect$$$$00002712  mc_w.l(entry2.o)
    0x080001a0   0x080001a0   0x000000be   Code   RO         4857    .emb_text           port.o
    0x0800025e   0x0800025e   0x00000002   PAD
    0x08000260   0x08000260   0x00000024   Code   RO            4    .text               startup_stm32f407xx.o
    0x08000284   0x08000284   0x00000062   Code   RO         5025    .text               mc_w.l(uldiv.o)
    0x080002e6   0x080002e6   0x00000024   Code   RO         5027    .text               mc_w.l(memcpya.o)
    0x0800030a   0x0800030a   0x00000024   Code   RO         5031    .text               mc_w.l(memseta.o)
    0x0800032e   0x0800032e   0x0000014e   Code   RO         5296    .text               mf_w.l(dadd.o)
    0x0800047c   0x0800047c   0x000000e4   Code   RO         5298    .text               mf_w.l(dmul.o)
    0x08000560   0x08000560   0x000000de   Code   RO         5300    .text               mf_w.l(ddiv.o)
    0x0800063e   0x0800063e   0x00000022   Code   RO         5302    .text               mf_w.l(dflti.o)
    0x08000660   0x08000660   0x0000001a   Code   RO         5304    .text               mf_w.l(dfltui.o)
    0x0800067a   0x0800067a   0x0000003e   Code   RO         5306    .text               mf_w.l(dfixi.o)
    0x080006b8   0x080006b8   0x00000026   Code   RO         5308    .text               mf_w.l(f2d.o)
    0x080006de   0x080006de   0x00000002   PAD
    0x080006e0   0x080006e0   0x00000030   Code   RO         5310    .text               mf_w.l(cdcmple.o)
    0x08000710   0x08000710   0x00000038   Code   RO         5314    .text               mf_w.l(d2f.o)
    0x08000748   0x08000748   0x0000002c   Code   RO         5399    .text               mc_w.l(uidiv.o)
    0x08000774   0x08000774   0x0000001e   Code   RO         5401    .text               mc_w.l(llshl.o)
    0x08000792   0x08000792   0x00000020   Code   RO         5403    .text               mc_w.l(llushr.o)
    0x080007b2   0x080007b2   0x00000024   Code   RO         5405    .text               mc_w.l(llsshr.o)
    0x080007d6   0x080007d6   0x00000000   Code   RO         5414    .text               mc_w.l(iusefp.o)
    0x080007d6   0x080007d6   0x0000006e   Code   RO         5415    .text               mf_w.l(fepilogue.o)
    0x08000844   0x08000844   0x000000ba   Code   RO         5417    .text               mf_w.l(depilogue.o)
    0x080008fe   0x080008fe   0x000000a2   Code   RO         5421    .text               mf_w.l(dsqrt.o)
    0x080009a0   0x080009a0   0x00000024   Code   RO         5425    .text               mc_w.l(init.o)
    0x080009c4   0x080009c4   0x00000002   Code   RO          515    i.BusFault_Handler  stm32f4xx_it.o
    0x080009c6   0x080009c6   0x00000002   Code   RO          516    i.DebugMon_Handler  stm32f4xx_it.o
    0x080009c8   0x080009c8   0x00000004   Code   RO           13    i.Error_Handler     main.o
    0x080009cc   0x080009cc   0x00000092   Code   RO         1116    i.HAL_DMA_Abort     stm32f4xx_hal_dma.o
    0x08000a5e   0x08000a5e   0x00000024   Code   RO         1117    i.HAL_DMA_Abort_IT  stm32f4xx_hal_dma.o
    0x08000a82   0x08000a82   0x00000002   PAD
    0x08000a84   0x08000a84   0x00000024   Code   RO         1553    i.HAL_Delay         stm32f4xx_hal.o
    0x08000aa8   0x08000aa8   0x000001f0   Code   RO         1009    i.HAL_GPIO_Init     stm32f4xx_hal_gpio.o
    0x08000c98   0x08000c98   0x0000000c   Code   RO         1559    i.HAL_GetTick       stm32f4xx_hal.o
    0x08000ca4   0x08000ca4   0x00000010   Code   RO         1565    i.HAL_IncTick       stm32f4xx_hal.o
    0x08000cb4   0x08000cb4   0x00000034   Code   RO         1566    i.HAL_Init          stm32f4xx_hal.o
    0x08000ce8   0x08000ce8   0x00000098   Code   RO          615    i.HAL_InitTick      stm32f4xx_hal_timebase_tim.o
    0x08000d80   0x08000d80   0x00000038   Code   RO          591    i.HAL_MspInit       stm32f4xx_hal_msp.o
    0x08000db8   0x08000db8   0x0000001a   Code   RO         1401    i.HAL_NVIC_EnableIRQ  stm32f4xx_hal_cortex.o
    0x08000dd2   0x08000dd2   0x00000002   PAD
    0x08000dd4   0x08000dd4   0x00000040   Code   RO         1407    i.HAL_NVIC_SetPriority  stm32f4xx_hal_cortex.o
    0x08000e14   0x08000e14   0x00000024   Code   RO         1408    i.HAL_NVIC_SetPriorityGrouping  stm32f4xx_hal_cortex.o
    0x08000e38   0x08000e38   0x00000134   Code   RO          655    i.HAL_RCC_ClockConfig  stm32f4xx_hal_rcc.o
    0x08000f6c   0x08000f6c   0x00000040   Code   RO          659    i.HAL_RCC_GetClockConfig  stm32f4xx_hal_rcc.o
    0x08000fac   0x08000fac   0x00000020   Code   RO          662    i.HAL_RCC_GetPCLK1Freq  stm32f4xx_hal_rcc.o
    0x08000fcc   0x08000fcc   0x00000020   Code   RO          663    i.HAL_RCC_GetPCLK2Freq  stm32f4xx_hal_rcc.o
    0x08000fec   0x08000fec   0x00000064   Code   RO          664    i.HAL_RCC_GetSysClockFreq  stm32f4xx_hal_rcc.o
    0x08001050   0x08001050   0x0000036c   Code   RO          667    i.HAL_RCC_OscConfig  stm32f4xx_hal_rcc.o
    0x080013bc   0x080013bc   0x00000002   Code   RO         2510    i.HAL_TIMEx_BreakCallback  stm32f4xx_hal_tim_ex.o
    0x080013be   0x080013be   0x00000002   Code   RO         2511    i.HAL_TIMEx_CommutCallback  stm32f4xx_hal_tim_ex.o
    0x080013c0   0x080013c0   0x00000054   Code   RO         2513    i.HAL_TIMEx_ConfigBreakDeadTime  stm32f4xx_hal_tim_ex.o
    0x08001414   0x08001414   0x00000090   Code   RO         2529    i.HAL_TIMEx_MasterConfigSynchronization  stm32f4xx_hal_tim_ex.o
    0x080014a4   0x080014a4   0x0000005a   Code   RO         1806    i.HAL_TIM_Base_Init  stm32f4xx_hal_tim.o
    0x080014fe   0x080014fe   0x00000002   Code   RO         1808    i.HAL_TIM_Base_MspInit  stm32f4xx_hal_tim.o
    0x08001500   0x08001500   0x00000078   Code   RO         1809    i.HAL_TIM_Base_Start  stm32f4xx_hal_tim.o
    0x08001578   0x08001578   0x00000080   Code   RO         1811    i.HAL_TIM_Base_Start_IT  stm32f4xx_hal_tim.o
    0x080015f8   0x080015f8   0x00000002   Code   RO         1840    i.HAL_TIM_IC_CaptureCallback  stm32f4xx_hal_tim.o
    0x080015fa   0x080015fa   0x00000130   Code   RO         1854    i.HAL_TIM_IRQHandler  stm32f4xx_hal_tim.o
    0x0800172a   0x0800172a   0x00000002   PAD
    0x0800172c   0x0800172c   0x00000088   Code   RO          413    i.HAL_TIM_MspPostInit  tim.o
    0x080017b4   0x080017b4   0x00000002   Code   RO         1857    i.HAL_TIM_OC_DelayElapsedCallback  stm32f4xx_hal_tim.o
    0x080017b6   0x080017b6   0x000000cc   Code   RO         1878    i.HAL_TIM_PWM_ConfigChannel  stm32f4xx_hal_tim.o
    0x08001882   0x08001882   0x0000005a   Code   RO         1881    i.HAL_TIM_PWM_Init  stm32f4xx_hal_tim.o
    0x080018dc   0x080018dc   0x00000040   Code   RO          415    i.HAL_TIM_PWM_MspInit  tim.o
    0x0800191c   0x0800191c   0x00000002   Code   RO         1884    i.HAL_TIM_PWM_PulseFinishedCallback  stm32f4xx_hal_tim.o
    0x0800191e   0x0800191e   0x00000002   PAD
    0x08001920   0x08001920   0x000000c8   Code   RO         1886    i.HAL_TIM_PWM_Start  stm32f4xx_hal_tim.o
    0x080019e8   0x080019e8   0x00000014   Code   RO           14    i.HAL_TIM_PeriodElapsedCallback  main.o
    0x080019fc   0x080019fc   0x00000002   Code   RO         1897    i.HAL_TIM_TriggerCallback  stm32f4xx_hal_tim.o
    0x080019fe   0x080019fe   0x00000002   Code   RO         2789    i.HAL_UARTEx_RxEventCallback  stm32f4xx_hal_uart.o
    0x08001a00   0x08001a00   0x00000002   Code   RO         2803    i.HAL_UART_ErrorCallback  stm32f4xx_hal_uart.o
    0x08001a02   0x08001a02   0x00000002   PAD
    0x08001a04   0x08001a04   0x00000270   Code   RO         2806    i.HAL_UART_IRQHandler  stm32f4xx_hal_uart.o
    0x08001c74   0x08001c74   0x00000064   Code   RO         2807    i.HAL_UART_Init     stm32f4xx_hal_uart.o
    0x08001cd8   0x08001cd8   0x000000f4   Code   RO          468    i.HAL_UART_MspInit  usart.o
    0x08001dcc   0x08001dcc   0x0000001c   Code   RO         2812    i.HAL_UART_Receive_IT  stm32f4xx_hal_uart.o
    0x08001de8   0x08001de8   0x0000010c   Code   RO         3587    i.HAL_UART_RxCpltCallback  openmv_rx_tx.o
    0x08001ef4   0x08001ef4   0x000000a0   Code   RO         2815    i.HAL_UART_Transmit  stm32f4xx_hal_uart.o
    0x08001f94   0x08001f94   0x00000032   Code   RO         2817    i.HAL_UART_Transmit_IT  stm32f4xx_hal_uart.o
    0x08001fc6   0x08001fc6   0x00000002   PAD
    0x08001fc8   0x08001fc8   0x0000001c   Code   RO         3588    i.HAL_UART_TxCpltCallback  openmv_rx_tx.o
    0x08001fe4   0x08001fe4   0x00000070   Code   RO         3525    i.HMI_Task          hmi.o
    0x08002054   0x08002054   0x00000018   Code   RO         3526    i.HMI_send_number   hmi.o
    0x0800206c   0x0800206c   0x00000002   Code   RO          517    i.HardFault_Handler  stm32f4xx_it.o
    0x0800206e   0x0800206e   0x00000002   PAD
    0x08002070   0x08002070   0x00000068   Code   RO          357    i.MX_FREERTOS_Init  freertos.o
    0x080020d8   0x080020d8   0x0000006c   Code   RO          240    i.MX_GPIO_Init      gpio.o
    0x08002144   0x08002144   0x000000d8   Code   RO          416    i.MX_TIM1_Init      tim.o
    0x0800221c   0x0800221c   0x000000a0   Code   RO          417    i.MX_TIM8_Init      tim.o
    0x080022bc   0x080022bc   0x00000038   Code   RO          469    i.MX_USART1_UART_Init  usart.o
    0x080022f4   0x080022f4   0x00000038   Code   RO          470    i.MX_USART6_UART_Init  usart.o
    0x0800232c   0x0800232c   0x00000002   Code   RO          518    i.MemManage_Handler  stm32f4xx_it.o
    0x0800232e   0x0800232e   0x00000002   Code   RO          519    i.NMI_Handler       stm32f4xx_it.o
    0x08002330   0x08002330   0x00000104   Code   RO         3589    i.Receive_Data_from_Openmv  openmv_rx_tx.o
    0x08002434   0x08002434   0x00000028   Code   RO         3590    i.Send_Data_To_Openmv  openmv_rx_tx.o
    0x0800245c   0x0800245c   0x00000008   Code   RO          358    i.StartDefaultTask  freertos.o
    0x08002464   0x08002464   0x0000002c   Code   RO         4858    i.SysTick_Handler   port.o
    0x08002490   0x08002490   0x00000094   Code   RO           15    i.SystemClock_Config  main.o
    0x08002524   0x08002524   0x00000010   Code   RO         3141    i.SystemInit        system_stm32f4xx.o
    0x08002534   0x08002534   0x0000000c   Code   RO          520    i.TIM6_DAC_IRQHandler  stm32f4xx_it.o
    0x08002540   0x08002540   0x000000d8   Code   RO         1899    i.TIM_Base_SetConfig  stm32f4xx_hal_tim.o
    0x08002618   0x08002618   0x0000001a   Code   RO         1900    i.TIM_CCxChannelCmd  stm32f4xx_hal_tim.o
    0x08002632   0x08002632   0x00000002   PAD
    0x08002634   0x08002634   0x00000060   Code   RO         1912    i.TIM_OC1_SetConfig  stm32f4xx_hal_tim.o
    0x08002694   0x08002694   0x0000006c   Code   RO         1913    i.TIM_OC2_SetConfig  stm32f4xx_hal_tim.o
    0x08002700   0x08002700   0x00000068   Code   RO         1914    i.TIM_OC3_SetConfig  stm32f4xx_hal_tim.o
    0x08002768   0x08002768   0x00000050   Code   RO         1915    i.TIM_OC4_SetConfig  stm32f4xx_hal_tim.o
    0x080027b8   0x080027b8   0x00000010   Code   RO         2820    i.UART_DMAAbortOnError  stm32f4xx_hal_uart.o
    0x080027c8   0x080027c8   0x0000004e   Code   RO         2830    i.UART_EndRxTransfer  stm32f4xx_hal_uart.o
    0x08002816   0x08002816   0x000000c2   Code   RO         2832    i.UART_Receive_IT   stm32f4xx_hal_uart.o
    0x080028d8   0x080028d8   0x0000010c   Code   RO         2833    i.UART_SetConfig    stm32f4xx_hal_uart.o
    0x080029e4   0x080029e4   0x00000036   Code   RO         2835    i.UART_Start_Receive_IT  stm32f4xx_hal_uart.o
    0x08002a1a   0x08002a1a   0x00000072   Code   RO         2836    i.UART_WaitOnFlagUntilTimeout  stm32f4xx_hal_uart.o
    0x08002a8c   0x08002a8c   0x0000000c   Code   RO          521    i.USART1_IRQHandler  stm32f4xx_it.o
    0x08002a98   0x08002a98   0x0000000c   Code   RO          522    i.USART6_IRQHandler  stm32f4xx_it.o
    0x08002aa4   0x08002aa4   0x00000002   Code   RO          523    i.UsageFault_Handler  stm32f4xx_it.o
    0x08002aa6   0x08002aa6   0x00000002   PAD
    0x08002aa8   0x08002aa8   0x00000020   Code   RO         5124    i.__0printf$3       mc_w.l(printf3.o)
    0x08002ac8   0x08002ac8   0x00000030   Code   RO         5339    i.__ARM_fpclassify  m_wm.l(fpclassify.o)
    0x08002af8   0x08002af8   0x00000026   Code   RO         5341    i.__ARM_fpclassifyf  m_wm.l(fpclassifyf.o)
    0x08002b1e   0x08002b1e   0x00000020   Code   RO         1414    i.__NVIC_SetPriority  stm32f4xx_hal_cortex.o
    0x08002b3e   0x08002b3e   0x00000002   PAD
    0x08002b40   0x08002b40   0x00000118   Code   RO         4948    i.__hardfp_acosf    m_wm.l(acosf.o)
    0x08002c58   0x08002c58   0x00000160   Code   RO         4974    i.__hardfp_atanf    m_wm.l(atanf.o)
    0x08002db8   0x08002db8   0x000000c8   Code   RO         4986    i.__hardfp_cos      m_wm.l(cos.o)
    0x08002e80   0x08002e80   0x000000c8   Code   RO         4998    i.__hardfp_sin      m_wm.l(sin.o)
    0x08002f48   0x08002f48   0x0000007a   Code   RO         5010    i.__hardfp_sqrt     m_wm.l(sqrt.o)
    0x08002fc2   0x08002fc2   0x00000006   PAD
    0x08002fc8   0x08002fc8   0x00000438   Code   RO         5359    i.__ieee754_rem_pio2  m_wm.l(rred.o)
    0x08003400   0x08003400   0x00000170   Code   RO         5316    i.__kernel_cos      m_wm.l(cos_i.o)
    0x08003570   0x08003570   0x000000f8   Code   RO         5357    i.__kernel_poly     m_wm.l(poly.o)
    0x08003668   0x08003668   0x00000130   Code   RO         5364    i.__kernel_sin      m_wm.l(sin_i.o)
    0x08003798   0x08003798   0x00000014   Code   RO         5320    i.__mathlib_dbl_infnan  m_wm.l(dunder.o)
    0x080037ac   0x080037ac   0x00000004   PAD
    0x080037b0   0x080037b0   0x00000020   Code   RO         5322    i.__mathlib_dbl_invalid  m_wm.l(dunder.o)
    0x080037d0   0x080037d0   0x00000020   Code   RO         5325    i.__mathlib_dbl_underflow  m_wm.l(dunder.o)
    0x080037f0   0x080037f0   0x00000006   Code   RO         5344    i.__mathlib_flt_infnan  m_wm.l(funder.o)
    0x080037f6   0x080037f6   0x00000002   PAD
    0x080037f8   0x080037f8   0x00000010   Code   RO         5346    i.__mathlib_flt_invalid  m_wm.l(funder.o)
    0x08003808   0x08003808   0x00000010   Code   RO         5349    i.__mathlib_flt_underflow  m_wm.l(funder.o)
    0x08003818   0x08003818   0x0000000e   Code   RO         5429    i.__scatterload_copy  mc_w.l(handlers.o)
    0x08003826   0x08003826   0x00000002   Code   RO         5430    i.__scatterload_null  mc_w.l(handlers.o)
    0x08003828   0x08003828   0x0000000e   Code   RO         5431    i.__scatterload_zeroinit  mc_w.l(handlers.o)
    0x08003836   0x08003836   0x00000002   PAD
    0x08003838   0x08003838   0x0000000c   Code   RO         5409    i.__set_errno       mc_w.l(errno.o)
    0x08003844   0x08003844   0x000001b8   Code   RO         5131    i._printf_core      mc_w.l(printf3.o)
    0x080039fc   0x080039fc   0x00000010   Code   RO         3266    i.abs_float         y_global.o
    0x08003a0c   0x08003a0c   0x00000060   Code   RO         3322    i.drop_chess        flow_task.o
    0x08003a6c   0x08003a6c   0x00000018   Code   RO         5335    i.fabs              m_wm.l(fabs.o)
    0x08003a84   0x08003a84   0x00000154   Code   RO         3323    i.flow_Task         flow_task.o
    0x08003bd8   0x08003bd8   0x00000018   Code   RO         3528    i.fputc             hmi.o
    0x08003bf0   0x08003bf0   0x00000060   Code   RO         3325    i.get_chess         flow_task.o
    0x08003c50   0x08003c50   0x00000020   Code   RO         3326    i.home              flow_task.o
    0x08003c70   0x08003c70   0x00000464   Code   RO         3228    i.kinematics_analysisa  y_kinematics.o
    0x080040d4   0x080040d4   0x00000034   Code   RO         3269    i.kinematics_move   y_global.o
    0x08004108   0x08004108   0x00000010   Code   RO         3327    i.magnet_off        flow_task.o
    0x08004118   0x08004118   0x00000010   Code   RO         3328    i.magnet_on         flow_task.o
    0x08004128   0x08004128   0x000001fc   Code   RO           16    i.main              main.o
    0x08004324   0x08004324   0x0000000c   Code   RO         4423    i.makeFreeRtosPriority  cmsis_os.o
    0x08004330   0x08004330   0x0000000e   Code   RO         4425    i.osDelay           cmsis_os.o
    0x0800433e   0x0800433e   0x0000000a   Code   RO         4428    i.osKernelStart     cmsis_os.o
    0x08004348   0x08004348   0x00000054   Code   RO         4462    i.osThreadCreate    cmsis_os.o
    0x0800439c   0x0800439c   0x00000070   Code   RO         4105    i.prvAddCurrentTaskToDelayedList  tasks.o
    0x0800440c   0x0800440c   0x000000d0   Code   RO         4106    i.prvAddNewTaskToReadyList  tasks.o
    0x080044dc   0x080044dc   0x00000034   Code   RO         4107    i.prvDeleteTCB      tasks.o
    0x08004510   0x08004510   0x0000004c   Code   RO         4790    i.prvHeapInit       heap_4.o
    0x0800455c   0x0800455c   0x00000060   Code   RO         4108    i.prvIdleTask       tasks.o
    0x080045bc   0x080045bc   0x00000098   Code   RO         4109    i.prvInitialiseNewTask  tasks.o
    0x08004654   0x08004654   0x0000004c   Code   RO         4791    i.prvInsertBlockIntoFreeList  heap_4.o
    0x080046a0   0x080046a0   0x00000020   Code   RO         4110    i.prvResetNextTaskUnblockTime  tasks.o
    0x080046c0   0x080046c0   0x00000028   Code   RO         4859    i.prvTaskExitError  port.o
    0x080046e8   0x080046e8   0x0000003e   Code   RO         3329    i.put_chess         flow_task.o
    0x08004726   0x08004726   0x00000002   PAD
    0x08004728   0x08004728   0x000000dc   Code   RO         4792    i.pvPortMalloc      heap_4.o
    0x08004804   0x08004804   0x0000002c   Code   RO         4860    i.pxPortInitialiseStack  port.o
    0x08004830   0x08004830   0x00000014   Code   RO         3330    i.robot_arm_move    flow_task.o
    0x08004844   0x08004844   0x00000074   Code   RO         3402    i.servo_Task        servo_task.o
    0x080048b8   0x080048b8   0x00000098   Code   RO         3179    i.servo_inc_offset  y_servo.o
    0x08004950   0x08004950   0x000000c4   Code   RO         3180    i.servo_init        y_servo.o
    0x08004a14   0x08004a14   0x00000068   Code   RO         3270    i.set_servo         y_global.o
    0x08004a7c   0x08004a7c   0x00000026   Code   RO         3229    i.setup_kinematics  y_kinematics.o
    0x08004aa2   0x08004aa2   0x0000003e   Code   RO         5372    i.sqrtf             m_wm.l(sqrtf.o)
    0x08004ae0   0x08004ae0   0x00000026   Code   RO         3741    i.uxListRemove      list.o
    0x08004b06   0x08004b06   0x00000002   PAD
    0x08004b08   0x08004b08   0x00000014   Code   RO          359    i.vApplicationGetIdleTaskMemory  freertos.o
    0x08004b1c   0x08004b1c   0x00000016   Code   RO         3742    i.vListInitialise   list.o
    0x08004b32   0x08004b32   0x00000006   Code   RO         3743    i.vListInitialiseItem  list.o
    0x08004b38   0x08004b38   0x00000030   Code   RO         3744    i.vListInsert       list.o
    0x08004b68   0x08004b68   0x00000018   Code   RO         3745    i.vListInsertEnd    list.o
    0x08004b80   0x08004b80   0x00000040   Code   RO         4862    i.vPortEnterCritical  port.o
    0x08004bc0   0x08004bc0   0x00000028   Code   RO         4863    i.vPortExitCritical  port.o
    0x08004be8   0x08004be8   0x00000064   Code   RO         4793    i.vPortFree         heap_4.o
    0x08004c4c   0x08004c4c   0x00000024   Code   RO         4864    i.vPortSetupTimerInterrupt  port.o
    0x08004c70   0x08004c70   0x0000004c   Code   RO         4119    i.vTaskDelay        tasks.o
    0x08004cbc   0x08004cbc   0x0000006c   Code   RO         4132    i.vTaskStartScheduler  tasks.o
    0x08004d28   0x08004d28   0x00000010   Code   RO         4134    i.vTaskSuspendAll   tasks.o
    0x08004d38   0x08004d38   0x0000005c   Code   RO         4135    i.vTaskSwitchContext  tasks.o
    0x08004d94   0x08004d94   0x000000f4   Code   RO         4866    i.xPortStartScheduler  port.o
    0x08004e88   0x08004e88   0x0000005a   Code   RO         4138    i.xTaskCreate       tasks.o
    0x08004ee2   0x08004ee2   0x00000056   Code   RO         4139    i.xTaskCreateStatic  tasks.o
    0x08004f38   0x08004f38   0x000000cc   Code   RO         4146    i.xTaskIncrementTick  tasks.o
    0x08005004   0x08005004   0x000000c4   Code   RO         4152    i.xTaskResumeAll    tasks.o
    0x080050c8   0x080050c8   0x00000070   Data   RO          361    .constdata          freertos.o
    0x08005138   0x08005138   0x00000010   Data   RO         3142    .constdata          system_stm32f4xx.o
    0x08005148   0x08005148   0x00000008   Data   RO         3143    .constdata          system_stm32f4xx.o
    0x08005150   0x08005150   0x00000030   Data   RO         5317    .constdata          m_wm.l(cos_i.o)
    0x08005180   0x08005180   0x000000c8   Data   RO         5361    .constdata          m_wm.l(rred.o)
    0x08005248   0x08005248   0x00000028   Data   RO         5365    .constdata          m_wm.l(sin_i.o)
    0x08005270   0x08005270   0x00000029   Data   RO          362    .conststring        freertos.o
    0x08005299   0x08005299   0x00000003   PAD
    0x0800529c   0x0800529c   0x00000020   Data   RO         5427    Region$$Table       anon$$obj.o


    Execution Region RW_IRAM1 (Exec base: 0x20000000, Load base: 0x080052bc, Size: 0x000046e0, Max: 0x0001c000, ABSOLUTE)

    Exec Addr    Load Addr    Size         Type   Attr      Idx    E Section Name        Object

    0x20000000   0x080052bc   0x00000004   Data   RW           17    .data               main.o
    0x20000004   0x080052c0   0x00000010   Data   RW          363    .data               freertos.o
    0x20000014   0x080052d0   0x0000000c   Data   RW         1573    .data               stm32f4xx_hal.o
    0x20000020   0x080052dc   0x00000004   Data   RW         3144    .data               system_stm32f4xx.o
    0x20000024   0x080052e0   0x00000018   Data   RW         3231    .data               y_kinematics.o
    0x2000003c   0x080052f8   0x00000003   Data   RW         3332    .data               flow_task.o
    0x2000003f   0x080052fb   0x00000006   Data   RW         3529    .data               hmi.o
    0x20000045   0x08005301   0x00000001   Data   RW         3530    .data               hmi.o
    0x20000046   0x08005302   0x00000010   Data   RW         3592    .data               openmv_rx_tx.o
    0x20000056   0x08005312   0x00000002   PAD
    0x20000058   0x08005314   0x0000003c   Data   RW         4155    .data               tasks.o
    0x20000094   0x08005350   0x00000020   Data   RW         4799    .data               heap_4.o
    0x200000b4   0x08005370   0x0000000c   Data   RW         4867    .data               port.o
    0x200000c0   0x0800537c   0x00000004   Data   RW         5398    .data               mc_w.l(stdout.o)
    0x200000c4   0x08005380   0x00000004   Data   RW         5410    .data               mc_w.l(errno.o)
    0x200000c8        -       0x00000254   Zero   RW          360    .bss                freertos.o
    0x2000031c        -       0x00000090   Zero   RW          418    .bss                tim.o
    0x200003ac        -       0x00000090   Zero   RW          471    .bss                usart.o
    0x2000043c        -       0x00000048   Zero   RW          618    .bss                stm32f4xx_hal_timebase_tim.o
    0x20000484        -       0x00000060   Zero   RW         3181    .bss                y_servo.o
    0x200004e4        -       0x00000058   Zero   RW         3230    .bss                y_kinematics.o
    0x2000053c        -       0x00000098   Zero   RW         3331    .bss                flow_task.o
    0x200005d4        -       0x0000001b   Zero   RW         3591    .bss                openmv_rx_tx.o
    0x200005ef   0x08005384   0x00000001   PAD
    0x200005f0        -       0x000000f0   Zero   RW         4154    .bss                tasks.o
    0x200006e0        -       0x00003c00   Zero   RW         4798    .bss                heap_4.o
    0x200042e0        -       0x00000400   Zero   RW            1    STACK               startup_stm32f407xx.o


    Execution Region RW_IRAM2 (Exec base: 0x2001c000, Load base: 0x08005384, Size: 0x00000000, Max: 0x00004000, ABSOLUTE)

    **** No section assigned to this execution region ****


==============================================================================

Image component sizes


      Code (inc. data)   RO Data    RW Data    ZI Data      Debug   Object Name

       120          0          0          0          0      23149   cmsis_os.o
         0          0          0          0          0       1228   e_chess.o
         0          0          0          0          0      16820   event_groups.o
       678         52          0          3        152       5597   flow_task.o
       132         12        153         16        596       7231   freertos.o
       108          6          0          0          0     686859   gpio.o
       472         24          0         32      15360       7299   heap_4.o
       160         72          0          7          0       2260   hmi.o
       138          0          0          0          0       3446   list.o
       680        142          0          4          0     702825   main.o
       596        106          0         16         27       4277   openmv_rx_tx.o
       702         72          0         12          0      10816   port.o
       116          8          0          0          0      15249   servo_task.o
        36          8        392          0       1024        820   startup_stm32f407xx.o
       116         18          0         12          0       8606   stm32f4xx_hal.o
       158         14          0          0          0      32954   stm32f4xx_hal_cortex.o
       182          0          0          0          0       2051   stm32f4xx_hal_dma.o
       496         46          0          0          0       1500   stm32f4xx_hal_gpio.o
        56          4          0          0          0        834   stm32f4xx_hal_msp.o
      1412         86          0          0          0       5785   stm32f4xx_hal_rcc.o
      1776        168          0          0          0      14080   stm32f4xx_hal_tim.o
       232         28          0          0          0       3225   stm32f4xx_hal_tim_ex.o
       152         20          0          0         72       1431   stm32f4xx_hal_timebase_tim.o
      1690         16          0          0          0      11449   stm32f4xx_hal_uart.o
        48         18          0          0          0       4051   stm32f4xx_it.o
         0          0          0          0          0        384   stream_buffer.o
        16          4         24          4          0       1079   system_stm32f4xx.o
      1520        112          0         60        240      19202   tasks.o
       576         50          0          0        144       3144   tim.o
       356         40          0          0        144       2399   usart.o
       172         20          0          0          0       1850   y_global.o
      1162         68          0         24         88       3339   y_kinematics.o
       348         44          0          0         96       2188   y_servo.o

    ----------------------------------------------------------------------
     14432       1258        604        192      17944    1607427   Object Totals
         0          0         32          0          0          0   (incl. Generated)
        26          0          3          2          1          0   (incl. Padding)

    ----------------------------------------------------------------------

      Code (inc. data)   RO Data    RW Data    ZI Data      Debug   Library Member Name

       280         46          0          0          0        176   acosf.o
       352         56          0          0          0        172   atanf.o
       200         20          0          0          0        164   cos.o
       368         46         48          0          0        200   cos_i.o
        84         16          0          0          0        372   dunder.o
        24          0          0          0          0        124   fabs.o
        48          0          0          0          0        124   fpclassify.o
        38          0          0          0          0        116   fpclassifyf.o
        38         12          0          0          0        348   funder.o
       248          0          0          0          0        152   poly.o
      1080        142        200          0          0        188   rred.o
       200         20          0          0          0        164   sin.o
       304         24         40          0          0        208   sin_i.o
       122          0          0          0          0        148   sqrt.o
        62          0          0          0          0        136   sqrtf.o
         0          0          0          0          0          0   entry.o
         0          0          0          0          0          0   entry10a.o
         0          0          0          0          0          0   entry11a.o
         4          0          0          0          0          0   entry12b.o
         8          4          0          0          0          0   entry2.o
         4          0          0          0          0          0   entry5.o
         0          0          0          0          0          0   entry7b.o
         0          0          0          0          0          0   entry8b.o
         8          4          0          0          0          0   entry9a.o
        12          6          0          4          0         68   errno.o
        30          0          0          0          0          0   handlers.o
        36          8          0          0          0         68   init.o
         0          0          0          0          0          0   iusefp.o
        30          0          0          0          0         68   llshl.o
        36          0          0          0          0         68   llsshr.o
        32          0          0          0          0         68   llushr.o
        36          0          0          0          0         68   memcpya.o
        36          0          0          0          0        108   memseta.o
       472         14          0          0          0        184   printf3.o
         0          0          0          4          0          0   stdout.o
        44          0          0          0          0         80   uidiv.o
        98          0          0          0          0         92   uldiv.o
        48          0          0          0          0         68   cdcmple.o
        56          0          0          0          0         88   d2f.o
       334          0          0          0          0        148   dadd.o
       222          0          0          0          0        100   ddiv.o
       186          0          0          0          0        176   depilogue.o
        62          0          0          0          0         80   dfixi.o
        34          0          0          0          0         76   dflti.o
        26          0          0          0          0         76   dfltui.o
       228          0          0          0          0         96   dmul.o
       162          0          0          0          0        100   dsqrt.o
        38          0          0          0          0         68   f2d.o
       110          0          0          0          0        168   fepilogue.o

    ----------------------------------------------------------------------
      5856        418        288          8          0       4908   Library Totals
        16          0          0          0          0          0   (incl. Padding)

    ----------------------------------------------------------------------

      Code (inc. data)   RO Data    RW Data    ZI Data      Debug   Library Name

      3448        382        288          0          0       2792   m_wm.l
       886         36          0          8          0        872   mc_w.l
      1506          0          0          0          0       1244   mf_w.l

    ----------------------------------------------------------------------
      5856        418        288          8          0       4908   Library Totals

    ----------------------------------------------------------------------

==============================================================================


      Code (inc. data)   RO Data    RW Data    ZI Data      Debug   

     20288       1676        892        200      17944    1596899   Grand Totals
     20288       1676        892        200      17944    1596899   ELF Image Totals
     20288       1676        892        200          0          0   ROM Totals

==============================================================================

    Total RO  Size (Code + RO Data)                21180 (  20.68kB)
    Total RW  Size (RW Data + ZI Data)             18144 (  17.72kB)
    Total ROM Size (Code + RO Data + RW Data)      21380 (  20.88kB)

==============================================================================

